******************************************************************************
                  TI ARM Linker PC v18.12.1                    
******************************************************************************
>> Linked Thu May 16 16:50:28 2019

OUTPUT FILE NAME:   <xwr16xx_pplcount_mss.xer4f>
ENTRY POINT SYMBOL: "_c_int00"  address: 00015184


MEMORY CONFIGURATION

         name            origin    length      used     unused   attr    fill
----------------------  --------  ---------  --------  --------  ----  --------
  VECTORS               00000000   00000100  0000003c  000000c4     X
  PROG_RAM              00000100   0003ff00  0001ce8c  00023074  R  X
  DATA_RAM              08000000   00030000  0001699c  00019664  RW  
  L3_RAM                51000000   000a0000  00000000  000a0000  RW  
  HS_RAM                52080000   00008000  00000000  00008000  RW  


SEGMENT ALLOCATION MAP

run origin  load origin   length   init length attrs members
----------  ----------- ---------- ----------- ----- -------
00000000    00000000    0000003c   0000003c    r--
  00000000    00000000    0000003c   0000003c    r-- .vecs
00000100    00000100    0001ce90   0001ce90    r-x
  00000100    00000100    00019bf4   00019bf4    r-x .text
  00019cf8    00019cf8    00002e10   00002e10    r-- .const
  0001cb08    0001cb08    00000488   00000488    r-- .cinit
08000000    08000000    000169a0   00000000    rw-
  08000000    08000000    00010000   00000000    rw- systemHeap
  08010000    08010000    000038ac   00000000    rw- .bss
  080138ac    080138ac    000010f0   00000000    rw- .data
  080149a0    080149a0    00001000   00000000    rw- .myFiqStack
  080159a0    080159a0    00001000   00000000    rw- .stack


SECTION ALLOCATION MAP

 output                                  attributes/
section   page    origin      length       input sections
--------  ----  ----------  ----------   ----------------
systemHeap 
*          0    08000000    00010000     UNINITIALIZED
                  08000000    00010000     mss_mmw_per4f.oer4f (systemHeap)

.text      0    00000100    00019bf4     
                  00000100    00000a4a     rtsv7R4_T_le_v3D16_eabi.lib : _printfi.c.obj (.text:__TI_printfi)
                  00000b4a    00000002     libdma_xwr16xx.aer4f : dma.oer4f (.text:DMA_init)
                  00000b4c    00000778     rtsv7R4_T_le_v3D16_eabi.lib : s_cosf.c.obj (.text:cosf)
                  000012c4    0000000c     libcli_xwr16xx.aer4f : cli_mmwave.oer4f (.text:CLI_getMMWaveExtensionConfig)
                  000012d0    00000750     sysbios.aer4f : BIOS.obj (.text:xdc_runtime_System_doPrint__I)
                  00001a20    000006e4     rtsv7R4_T_le_v3D16_eabi.lib : s_sinf.c.obj (.text:sinf)
                  00002104    00000604                                 : k_rem_pio2.c.obj (.text:__kernel_rem_pio2)
                  00002708    000005c6     cli.oer4f (.text:MmwDemo_CLIInit)
                  00002cce    00000002     libmmwave_xwr16xx.aer4f : mmwave_link.oer4f (.text:MMWave_maskHostIRQ)
                  00002cd0    000005b0     sysbios.aer4f : BIOS.obj (.text:ti_sysbios_knl_Event_pend__E)
                  00003280    0000059c     rtsv7R4_T_le_v3D16_eabi.lib : e_powf.c.obj (.text:powf)
                  0000381c    0000051c     task_app.oer4f (.text:MmwDemo_CLITrackingCfg)
                  00003d38    00000008     libosal_xwr16xx.aer4f : HwiP_tirtos.oer4f (.text:HwiP_disable)
                  00003d40    0000051c     sysbios.aer4f : BIOS.obj (.text:ti_sysbios_knl_Semaphore_pend__E)
                  0000425c    000004d4     mss_main.oer4f (.text:MmwDemo_mssInitTask)
                  00004730    000004b8     libgtrack_xwr16xx.aer4f : gtrackUnitUpdate.oer4f (.text:gtrack_unitUpdate)
                  00004be8    0000046d                             : gtrackUnitUpdate.oer4f (.text:gtrack_velocityStateHandling)
                  00005055    00000001     --HOLE-- [fill = 0]
                  00005056    0000000a     libosal_xwr16xx.aer4f : MemoryP_tirtos.oer4f (.text:MemoryP_ctrlFree)
                  00005060    00000404     sysbios.aer4f : BIOS.obj (.text:ti_sysbios_knl_Task_Instance_finalize__E)
                  00005464    0000000c     libmmwave_xwr16xx.aer4f : mmwave_xwr16xx.oer4f (.text:MMWave_deviceMailboxCallbackFxn)
                  00005470    000003f0     sysbios.aer4f : BIOS.obj (.text:ti_sysbios_heaps_HeapMem_freeUnprotected__E)
                  00005860    000003e8     rtsv7R4_T_le_v3D16_eabi.lib : strtod.c.obj (.text:strtod)
                  00005c48    000003cc     libcli_xwr16xx.aer4f : cli_mmwave.oer4f (.text:CLI_MMWaveVersion)
                  00006014    0000039c     task_mbox.oer4f (.text:MmwDemo_mboxReadTask)
                  000063b0    0000035c     libgtrack_xwr16xx.aer4f : gtrackModuleCreate.oer4f (.text:gtrack_moduleCreate)
                  0000670c    00000004     libosal_xwr16xx.aer4f : HwiP_tirtos.oer4f (.text:HwiP_disableInterrupt)
                  00006710    00000354     sysbios.aer4f : BIOS.obj (.text:ti_sysbios_heaps_HeapMem_allocUnprotected__E)
                  00006a64    0000000c     libmmwave_xwr16xx.aer4f : mmwave_osal.oer4f (.text:MMWave_osalMutexUnlock)
                  00006a70    0000034c     sysbios.aer4f : BIOS.obj (.text:ti_sysbios_knl_Task_sleep__E)
                  00006dbc    00000004     libmmwave_xwr16xx.aer4f : mmwave_link.oer4f (.text:MMWave_disableDevice)
                  00006dc0    000002fc     sysbios.aer4f : BIOS.obj (.text:ti_sysbios_family_arm_exc_Exception_excDumpContext__I)
                  000070bc    000002f0     libsoc_xwr16xx.aer4f : soc_xwr16xx_mss.oer4f (.text:SOC_deviceInit)
                  000073ac    00000004     libmmwave_xwr16xx.aer4f : mmwave_link.oer4f (.text:MMWave_enableDevice)
                  000073b0    000002d4     sysbios.aer4f : BIOS.obj (.text:ti_sysbios_family_arm_v7r_vim_Hwi_dispatchIRQC__I)
                  00007684    0000000c     libmmwave_xwr16xx.aer4f : mmwave_osal.oer4f (.text:MMWave_osalSemSignal)
                  00007690    000002d4     sysbios.aer4f : BIOS.obj (.text:ti_sysbios_knl_Task_Module_startup__E)
                  00007964    0000000c     libuart_xwr16xx.aer4f : UART.oer4f (.text:UART_Params_init)
                  00007970    000002cc     sysbios.aer4f : BIOS.obj (.text:ti_sysbios_knl_Task_Instance_init__E)
                  00007c3c    000002b8     rtsv7R4_T_le_v3D16_eabi.lib : ull_div32.asm.obj (.text)
                  00007ef4    000002a8                                 : s_tanf.c.obj (.text:tanf)
                  0000819c    0000029c     libdma_xwr16xx.aer4f : dma.oer4f (.text:DMA_open)
                  00008438    00000008     libmmwave_xwr16xx.aer4f : mmwave.oer4f (.text:MMWave_decodeErrorLevel)
                  00008440    0000029c     sysbios.aer4f : BIOS.obj (.text:ti_sysbios_family_arm_exc_Exception_excHandler__I)
                  000086dc    00000284     libmmwave_xwr16xx.aer4f : mmwave_xwr16xx.oer4f (.text:MMWave_deviceExecuteFxn)
                  00008960    00000264     sysbios.aer4f : BIOS.obj (.text:xdc_runtime_Error_policyDefault__E)
                  00008bc4    00000260     libmailbox_xwr16xx.aer4f : mailbox.oer4f (.text:Mailbox_open)
                  00008e24    0000000c     libuart_xwr16xx.aer4f : uartsci_dma.oer4f (.text:UartSci_isDMAEnabled)
                  00008e30    00000260     sysbios.aer4f : BIOS.obj (.text:ti_sysbios_knl_Semaphore_post__E)
                  00009090    00000254                   : BIOS.obj (.text:ti_sysbios_knl_Event_post__E)
                  000092e4    00000248     rtsv7R4_T_le_v3D16_eabi.lib : _printfi.c.obj (.text:_pconv_a)
                  0000952c    00000244     libcli_xwr16xx.aer4f : cli_mmwave.oer4f (.text:CLI_MMWaveProfileCfg)
                  00009770    00000222     libgtrack_xwr16xx.aer4f : gtrackModuleStep.oer4f (.text:gtrack_moduleAllocate)
                  00009992    0000000e     libosal_xwr16xx.aer4f : SemaphoreP_tirtos.oer4f (.text:SemaphoreP_delete)
                  000099a0    00000218     sysbios.aer4f : BIOS.obj (.text:ti_sysbios_timers_rti_Timer_Module_startup__E)
                  00009bb8    00000214     libuart_xwr16xx.aer4f : uartsci.oer4f (.text:UartSci_open)
                  00009dcc    00000200     libcrc_xwr16xx.aer4f : crc.oer4f (.text:CRC_open)
                  00009fcc    00000004     libmmwave_xwr16xx.aer4f : mmwave_listlib.oer4f (.text:MMWave_listGetHead)
                  00009fd0    000001f8     sysbios.aer4f : BIOS.obj (.text:ti_sysbios_family_arm_v7r_vim_Hwi_reconfig__E)
                  0000a1c8    00000008     libmmwave_xwr16xx.aer4f : mmwave_link.oer4f (.text:MMWave_mboxCallbackFxn)
                  0000a1d0    000001f8     sysbios.aer4f : BIOS.obj (.text:ti_sysbios_heaps_HeapMem_Instance_init__E)
                  0000a3c8    000001f0     libdma_xwr16xx.aer4f : dma.oer4f (.text:DMA_setChannelParams)
                  0000a5b8    00000008     libosal_xwr16xx.aer4f : SemaphoreP_tirtos.oer4f (.text:SemaphoreP_Params_init)
                  0000a5c0    000001ec     sysbios.aer4f : BIOS.obj (.text:xdc_runtime_Core_createObject__I)
                  0000a7ac    000001e4     rtsv7R4_T_le_v3D16_eabi.lib : e_logf.c.obj (.text:logf)
                  0000a990    000001e2     libgtrack_xwr16xx.aer4f : gtrackUnitPredict.oer4f (.text:gtrack_unitPredict)
                  0000ab72    00000002     mss_main.oer4f (.text:MmwDemo_mssMmwaveCloseCallbackFxn)
                  0000ab74    000001d8     libcli_xwr16xx.aer4f : cli_mmwave.oer4f (.text:CLI_MMWaveChirpCfg)
                  0000ad4c    00000004     libmmwave_xwr16xx.aer4f : mmwave_listlib.oer4f (.text:MMWave_listGetNext)
                  0000ad50    000001d4     sysbios.aer4f : BIOS.obj (.text:ti_sysbios_knl_Clock_workFunc__E)
                  0000af24    000001c8     libgtrack_xwr16xx.aer4f : gtrackUnitEvent.oer4f (.text:gtrack_unitEvent)
                  0000b0ec    000001b8     task_app.oer4f (.text:MmwDemo_appTask)
                  0000b2a4    000001a9     libgtrack_xwr16xx.aer4f : gtrackUnitScore.oer4f (.text:gtrack_unitScore)
                  0000b44d    00000001     --HOLE-- [fill = 0]
                  0000b44e    00000002     mss_main.oer4f (.text:MmwDemo_mssMmwaveOpenCallbackFxn)
                  0000b450    000001a8     libcli_xwr16xx.aer4f : cli_mmwave.oer4f (.text:CLI_MMWaveSubFrameCfg)
                  0000b5f8    000001a4     libmmwave_xwr16xx.aer4f : mmwave_xwr16xx.oer4f (.text:MMWave_serializeCfg)
                  0000b79c    000001a4     libgtrack_xwr16xx.aer4f : gtrackModuleStep.oer4f (.text:gtrack_moduleStep)
                  0000b940    000001a0     rtsv7R4_T_le_v3D16_eabi.lib : _printfi.c.obj (.text:_pconv_g)
                  0000bae0    000001a0     sysbios.aer4f : BIOS.obj (.text:ti_sysbios_knl_Swi_run__I)
                  0000bc80    00000190                   : BIOS.obj (.text:ti_sysbios_family_arm_v7r_vim_Hwi_Instance_init__E)
                  0000be10    00000190                   : BIOS.obj (.text:xdc_runtime_Core_constructObject__I)
                  0000bfa0    00000188     mss_mmw_per4f.oer4f (.text:xdc_runtime_System_printfExtend__I)
                  0000c128    00000184     libmmwavelink_xwr16xx.aer4f : rl_driver.oer4f (.text:rlDriverCmdInvoke)
                  0000c2ac    00000004     libmmwave_xwr16xx.aer4f : mmwave_link.oer4f (.text:MMWave_mboxClose)
                  0000c2b0    00000184     sysbios.aer4f : BIOS.obj (.text:xdc_runtime_Startup_startMods__I)
                  0000c434    00000180     libmmwavelink_xwr16xx.aer4f : rl_driver.oer4f (.text:rlDriverRxHdrRead)
                  0000c5b4    0000000c     rtsv7R4_T_le_v3D16_eabi.lib : _lock.c.obj (.text:_register_lock)
                  0000c5c0    00000178     sysbios.aer4f : BIOS.obj (.text:ti_sysbios_family_arm_v7r_vim_Hwi_Module_startup__E)
                  0000c738    00000174     libgtrack_xwr16xx.aer4f : gtrackUnitScore.oer4f (.text:gtrack_gateCreateLim)
                  0000c8ac    00000004     libmmwave_xwr16xx.aer4f : mmwave_link.oer4f (.text:MMWave_mboxRead)
                  0000c8b0    00000174     sysbios.aer4f : BIOS.obj (.text:ti_sysbios_timers_rti_Timer_getFreq__E)
                  0000ca24    0000000c     rtsv7R4_T_le_v3D16_eabi.lib : _lock.c.obj (.text:_register_unlock)
                  0000ca30    00000170     sysbios.aer4f : BIOS.obj (.text:ti_sysbios_heaps_HeapBuf_Module_startup__E)
                  0000cba0    0000015a     libgtrack_xwr16xx.aer4f : gtrackMatrixMath.oer4f (.text:gtrack_matrixInv3)
                  0000ccfa    00000002     libuart_xwr16xx.aer4f : uartsci.oer4f (.text:UartSci_init)
                  0000ccfc    00000154     rtsv7R4_T_le_v3D16_eabi.lib : s_atanf.c.obj (.text:atanf)
                  0000ce50    00000154     sysbios.aer4f : BIOS.obj (.text:ti_sysbios_knl_Task_exit__E)
                  0000cfa4    0000014c     libcli_xwr16xx.aer4f : cli_mmwave.oer4f (.text:CLI_MMWaveFrameCfg)
                  0000d0f0    0000014c                          : cli.oer4f (.text:CLI_task)
                  0000d23c    0000014c     libmmwave_xwr16xx.aer4f : mmwave_link.oer4f (.text:MMWave_initMMWaveLink)
                  0000d388    0000014a     libuart_xwr16xx.aer4f : uartsci.oer4f (.text:UartSci_ISR)
                  0000d4d2    00000002     rtsv7R4_T_le_v3D16_eabi.lib : _lock.c.obj (.text:_nop)
                  0000d4d4    00000148     libmmwave_xwr16xx.aer4f : mmwave_link.oer4f (.text:MMWave_openLink)
                  0000d61c    00000148     mss_main.oer4f (.text:main)
                  0000d764    0000000c     rtsv7R4_T_le_v3D16_eabi.lib : copy_zero_init.c.obj (.text:decompress:ZI:__TI_zero_init)
                  0000d770    00000148     sysbios.aer4f : BIOS.obj (.text:ti_sysbios_knl_Task_checkStacks__E)
                  0000d8b8    00000140     cli.oer4f (.text:MmwDemo_CLICfarCfg)
                  0000d9f8    00000008     rtsv7R4_T_le_v3D16_eabi.lib : errno.c.obj (.text:__aeabi_errno_addr)
                  0000da00    00000138     sysbios.aer4f : BIOS.obj (.text:ti_sysbios_family_arm_v7a_Pmu_configureCounter__E)
                  0000db38    00000008     libgtrack_xwr16xx.aer4f : gtrackUnitDelete.oer4f (.text:gtrack_unitDelete)
                  0000db40    00000138     sysbios.aer4f : BIOS.obj (.text:ti_sysbios_knl_Task_schedule__I)
                  0000dc78    00000134     mss_main.oer4f (.text:MmwDemo_mssDataPathConfig)
                  0000ddac    00000004     libmmwave_xwr16xx.aer4f : mmwave_link.oer4f (.text:MMWave_registerInterruptHandler)
                  0000ddb0    00000130     sysbios.aer4f : BIOS.obj (.text:ti_sysbios_knl_Task_postInit__I)
                  0000dee0    00000130                   : BIOS.obj (.text:ti_sysbios_knl_Task_startCore__E)
                  0000e010    0000012c     libcli_xwr16xx.aer4f : cli_mmwave.oer4f (.text:CLI_MMWaveContModeCfg)
                  0000e13c    00000128     libmmwavelink_xwr16xx.aer4f : rl_driver.oer4f (.text:rlDriverMsgRead)
                  0000e264    00000124     libcli_xwr16xx.aer4f : cli_mmwave.oer4f (.text:CLI_MMWaveAdvFrameCfg)
                  0000e388    00000124     libgtrack_xwr16xx.aer4f : gtrackUtilities.oer4f (.text:gtrack_computeJacobian)
                  0000e4ac    00000004     libmmwave_xwr16xx.aer4f : mmwave_link.oer4f (.text:MMWave_unmaskHostIRQ)
                  0000e4b0    00000124     sysbios.aer4f : BIOS.obj (.text:ti_sysbios_gates_GateMutex_enter__E)
                  0000e5d4    0000000c     rtsv7R4_T_le_v3D16_eabi.lib : fputc.c.obj (.text:putchar)
                  0000e5e0    00000120     sysbios.aer4f : BIOS.obj (.text:ti_sysbios_knl_Swi_post__E)
                  0000e700    00000118     rtsv7R4_T_le_v3D16_eabi.lib : fputs.c.obj (.text:fputs)
                  0000e818    00000008     libmmwavelink_xwr16xx.aer4f : rl_driver.oer4f (.text:rlDriverConstructOutMsg)
                  0000e820    00000118     sysbios.aer4f : BIOS.obj (.text:ti_sysbios_timers_rti_Timer_startup__E)
                  0000e938    00000114     libmmwavelink_xwr16xx.aer4f : rl_driver.oer4f (.text:rlDriverCmdSendRetry)
                  0000ea4c    00000110     cli.oer4f (.text:MmwDemo_CLIDoACfg)
                  0000eb5c    0000010c     libmmwave_xwr16xx.aer4f : mmwave_xwr16xx.oer4f (.text:MMWave_deviceInitFxn)
                  0000ec68    00000108     libmailbox_xwr16xx.aer4f : mailbox.oer4f (.text:Mailbox_write)
                  0000ed70    00000108     sysbios.aer4f : BIOS.obj (.text:ti_sysbios_knl_Semaphore_Instance_init__E)
                  0000ee78    00000008     libmmwavelink_xwr16xx.aer4f : rl_driver.oer4f (.text:rlDriverGetHandle)
                  0000ee80    00000106     sysbios.aer4f : BIOS.obj (.text:xdc_runtime_Text_putSite__E)
                  0000ef86    00000002     rtsv7R4_T_le_v3D16_eabi.lib : div0.asm.obj (.text)
                  0000ef88    00000104     libmmwave_xwr16xx.aer4f : mmwave_link.oer4f (.text:MMWave_startLink)
                  0000f08c    00000104     rtsv7R4_T_le_v3D16_eabi.lib : _printfi.c.obj (.text:_pconv_e)
                  0000f190    00000100     libcli_xwr16xx.aer4f : cli_mmwave.oer4f (.text:CLI_MMWaveBPMCfgAdvanced)
                  0000f290    000000fc     libcrc_xwr16xx.aer4f : crc.oer4f (.text:CRC_computeSignature)
                  0000f38c    000000fc     libdma_xwr16xx.aer4f : dma.oer4f (.text:DMA_disableInterrupt)
                  0000f488    000000fc     rtsv7R4_T_le_v3D16_eabi.lib : _printfi.c.obj (.text:fcvt)
                  0000f584    000000fc     libmmwavelink_xwr16xx.aer4f : rl_driver.oer4f (.text:rlDriverInit)
                  0000f680    000000fc     sysbios.aer4f : BIOS.obj (.text:ti_sysbios_knl_Task_blockI__E)
                  0000f77c    000000f8     libgtrack_xwr16xx.aer4f : gtrackMatrixMath.oer4f (.text:gtrack_matrixCholesky3)
                  0000f874    000000f8     libmmwavelink_xwr16xx.aer4f : rl_driver.oer4f (.text:rlDriverRdVerifyMsg)
                  0000f96c    00000004     libmmwave_xwr16xx.aer4f : mmwave_link.oer4f (.text:MMWave_waitIRQStatus)
                  0000f970    000000f4     sysbios.aer4f : BIOS.obj (.text:ti_sysbios_family_arm_v7r_vim_Hwi_mapChannel__I)
                  0000fa64    0000000c     libmmwavelink_xwr16xx.aer4f : rl_driver.oer4f (.text:rlDriverGetPlatformId)
                  0000fa70    000000f4     sysbios.aer4f : BIOS.obj (.text:ti_sysbios_knl_Task_unblockI__E)
                  0000fb64    0000000c                   : BIOS.obj (.text:ti_sysbios_family_arm_v7a_Pmu_configureCounterI__I)
                  0000fb70    000000f4                   : BIOS.obj (.text:xdc_runtime_Text_putMod__E)
                  0000fc64    000000f0     task_app.oer4f (.text:MmwDemo_CLIAllocationParamCfg)
                  0000fd54    000000f0     rtsv7R4_T_le_v3D16_eabi.lib : s_scalbn.c.obj (.text:scalbn)
                  0000fe44    000000ec     auto_init.aer4f : auto_init.oer4f (.text)
                  0000ff30    000000e4     libdma_xwr16xx.aer4f : dma.oer4f (.text:DMA_clearChannelInterruptFlag)
                  00010014    000000e4     libmmwave_xwr16xx.aer4f : mmwave_link.oer4f (.text:MMWave_asyncEventHandler)
                  000100f8    000000e0     libcli_xwr16xx.aer4f : cli.oer4f (.text:CLI_open)
                  000101d8    000000e0     rtsv7R4_T_le_v3D16_eabi.lib : s_floor.c.obj (.text:floor)
                  000102b8    00000008     mss_mmw_per4f.oer4f (.text:ti_sysbios_family_arm_TaskSupport_Module__startupDone__S)
                  000102c0    000000e0     sysbios.aer4f : BIOS.obj (.text:ti_sysbios_family_arm_v7a_Pmu_getCount__E)
                  000103a0    000000e0                   : BIOS.obj (.text:ti_sysbios_family_arm_v7a_Pmu_startCounter__E)
                  00010480    000000de     libgtrack_xwr16xx.aer4f : gtrackUnitCreate.oer4f (.text:gtrack_unitCreate)
                  0001055e    00000002     --HOLE-- [fill = 0]
                  00010560    000000dc     rtsv7R4_T_le_v3D16_eabi.lib : setvbuf.c.obj (.text:setvbuf)
                  0001063c    00000004                                 : printf.c.obj (.text:_outc)
                  00010640    000000dc     sysbios.aer4f : BIOS.obj (.text:ti_sysbios_family_arm_v7r_vim_Hwi_initIntController__I)
                  0001071c    00000004     rtsv7R4_T_le_v3D16_eabi.lib : vprintf.c.obj (.text:_outc)
                  00010720    000000dc     sysbios.aer4f : BIOS.obj (.text:xdc_runtime_Memory_alloc__E)
                  000107fc    000000d8     libdma_xwr16xx.aer4f : dma.oer4f (.text:DMA_enableInterrupt)
                  000108d4    000000d8     libmmwave_xwr16xx.aer4f : mmwave.oer4f (.text:MMWave_init)
                  000109ac    000000d8     task_app.oer4f (.text:MmwDemo_CLIGatingParamCfg)
                  00010a84    000000d8     task_app.oer4f (.text:MmwDemo_CLISceneryParamCfg)
                  00010b5c    000000d4     libmailbox_xwr16xx.aer4f : mailbox.oer4f (.text:Mailbox_read)
                  00010c30    000000d4     libmmwavelink_xwr16xx.aer4f : rl_sensor.oer4f (.text:rlSetMultiBpmChirpConfig)
                  00010d04    000000d2     libgtrack_xwr16xx.aer4f : gtrackMatrixMath.oer4f (.text:gtrack_matrixPrint2)
                  00010dd6    00000002     --HOLE-- [fill = 0]
                  00010dd8    000000d0     mss_main.oer4f (.text:MmwDemo_mssCtrlPathTask)
                  00010ea8    000000d0     libgtrack_xwr16xx.aer4f : gtrackUnitStart.oer4f (.text:gtrack_unitStart)
                  00010f78    000000d0     rtsv7R4_T_le_v3D16_eabi.lib : s_scalbnf.c.obj (.text:scalbnf)
                  00011048    000000d0     sysbios.aer4f : exc_Exception_asm.obj (.text:ti_sysbios_family_arm_exc_Exception_excHandlerAsm__I)
                  00011118    000000cc     libmmwavelink_xwr16xx.aer4f : rl_sensor.oer4f (.text:rlRfCalibDataRestore)
                  000111e4    000000cc                                 : rl_sensor.oer4f (.text:rlSetChirpConfig)
                  000112b0    000000cc     sysbios.aer4f : BIOS.obj (.text:ti_sysbios_timers_rti_Timer_initDevice__I)
                  0001137c    000000c8     libmmwave_xwr16xx.aer4f : mmwave_fullcfg.oer4f (.text:MMWave_addChirp)
                  00011444    000000c8                             : mmwave_link.oer4f (.text:MMWave_configBPM)
                  0001150c    000000c8                             : mmwave_fullcfg.oer4f (.text:MMWave_flushCfg)
                  000115d4    000000c8                             : mmwave_fullcfg.oer4f (.text:MMWave_getChirpHandle)
                  0001169c    000000c4     mss_main.oer4f (.text:MmwDemo_mssMmwaveEventCallbackFxn)
                  00011760    000000c4     libgtrack_xwr16xx.aer4f : gtrackUnitStop.oer4f (.text:gtrack_unitStop)
                  00011824    0000000c     sysbios.aer4f : BIOS.obj (.text:ti_sysbios_family_arm_v7a_Pmu_getCountI__E)
                  00011830    000000c4                   : BIOS.obj (.text:ti_sysbios_family_arm_v7r_vim_Hwi_Instance_finalize__E)
                  000118f4    000000c0     libmmwavelink_xwr16xx.aer4f : rl_driver.oer4f (.text:rlDriverMsgWrite)
                  000119b4    000000c0                                 : rl_sensor.oer4f (.text:rlSetFrameConfig)
                  00011a74    000000bc     libcli_xwr16xx.aer4f : cli.oer4f (.text:CLI_help)
                  00011b30    000000bc     libmmwave_xwr16xx.aer4f : mmwave_link.oer4f (.text:MMWave_computeCRC)
                  00011bec    00000004     rtsv7R4_T_le_v3D16_eabi.lib : printf.c.obj (.text:_outs)
                  00011bf0    000000bc     sysbios.aer4f : BIOS.obj (.text:xdc_runtime_Core_deleteObject__I)
                  00011cac    000000b8     task_app.oer4f (.text:MmwDemo_CLIVariationParamCfg)
                  00011d64    000000b6     libsoc_xwr16xx.aer4f : soc_mpu.o (.text)
                  00011e1a    00000002     --HOLE-- [fill = 0]
                  00011e1c    000000b4     cli.oer4f (.text:MmwDemo_CLIADCBufCfg)
                  00011ed0    000000b4     mss_main.oer4f (.text:MmwDemo_mssDataPathStart)
                  00011f84    0000000c     sysbios.aer4f : tms570_Core_asm.obj (.text:ti_sysbios_family_arm_v7r_tms570_Core_getId__E)
                  00011f90    000000b4                   : BIOS.obj (.text:ti_sysbios_knl_Swi_restoreHwi__E)
                  00012044    000000b2     libuart_xwr16xx.aer4f : uartsci_dma.oer4f (.text:UartSci_openDMA)
                  000120f6    00000002     --HOLE-- [fill = 0]
                  000120f8    000000b0     libmmwave_xwr16xx.aer4f : mmwave_fullcfg.oer4f (.text:MMWave_addProfile)
                  000121a8    000000b0     cli.oer4f (.text:MmwDemo_CLIGuiMonSel)
                  00012258    000000b0     libmmwavelink_xwr16xx.aer4f : rl_sensor.oer4f (.text:rlSetProfileConfig)
                  00012308    000000ad     rtsv7R4_T_le_v3D16_eabi.lib : _printfi.c.obj (.text:_ltostr)
                  000123b5    00000003     --HOLE-- [fill = 0]
                  000123b8    000000ac     libesm_xwr16xx.aer4f : esm.oer4f (.text:ESM_processInterrupt)
                  00012464    000000ac     cli.oer4f (.text:MmwDemo_CLISetDataLogger)
                  00012510    000000a8     libcli_xwr16xx.aer4f : cli_mmwave.oer4f (.text:CLI_MMWaveExtensionHelp)
                  000125b8    000000a8     libmmwave_xwr16xx.aer4f : mmwave_link.oer4f (.text:MMWave_configureProfileChirp)
                  00012660    000000a8                             : mmwave_fullcfg.oer4f (.text:MMWave_getBpmChirpHandle)
                  00012708    000000a8     libpinmux_xwr16xx.aer4f : pinmux.oer4f (.text:Pinmux_Set_OverrideCtrl)
                  000127b0    000000a8     libmmwavelink_xwr16xx.aer4f : rl_sensor.oer4f (.text:rlSetAdvFrameConfig)
                  00012858    00000008     sysbios.aer4f : BIOS.obj (.text:ti_sysbios_family_arm_v7a_Pmu_getEnabled__E)
                  00012860    000000a8                   : BIOS.obj (.text:ti_sysbios_knl_Swi_schedule__I)
                  00012908    00000006     libosal_xwr16xx.aer4f : HwiP_tirtos.oer4f (.text:HwiP_restore)
                  0001290e    00000002     --HOLE-- [fill = 0]
                  00012910    000000a8     sysbios.aer4f : BIOS.obj (.text:xdc_runtime_Error_print__E)
                  000129b8    000000a4     libdma_xwr16xx.aer4f : dma.oer4f (.text:DMA_assignChannel)
                  00012a5c    000000a4                          : dma.oer4f (.text:DMA_getChannelInterruptFlag)
                  00012b00    000000a4     libesm_xwr16xx.aer4f : esm.oer4f (.text:ESM_init)
                  00012ba4    000000a4     libmmwave_xwr16xx.aer4f : mmwave_fullcfg.oer4f (.text:MMWave_addBpmChirp)
                  00012c48    000000a4                             : mmwave.oer4f (.text:MMWave_start)
                  00012cec    000000a4     task_app.oer4f (.text:MmwDemo_CLIStateParamCfg)
                  00012d90    000000a4     libsoc_xwr16xx.aer4f : soc_xwr16xx_mss.oer4f (.text:SOC_unhaltDSS)
                  00012e34    000000a0     libmmwavelink_xwr16xx.aer4f : rl_driver.oer4f (.text:rlDriverWaitForResponse)
                  00012ed4    0000000a     libosal_xwr16xx.aer4f : SemaphoreP_tirtos.oer4f (.text:SemaphoreP_post)
                  00012ede    00000002     --HOLE-- [fill = 0]
                  00012ee0    000000a0     sysbios.aer4f : BIOS.obj (.text:xdc_runtime_Startup_exec__E)
                  00012f80    0000009f                   : BIOS.obj (.text:xdc_runtime_Text_putLab__E)
                  0001301f    00000001     --HOLE-- [fill = 0]
                  00013020    0000009c     libmmwave_xwr16xx.aer4f : mmwave_link.oer4f (.text:MMWave_configLink)
                  000130bc    0000009c                             : mmwave_fullcfg.oer4f (.text:MMWave_getProfileHandle)
                  00013158    0000009c     libuart_xwr16xx.aer4f : uartsci.oer4f (.text:UartSci_write)
                  000131f4    0000009c     rtsv7R4_T_le_v3D16_eabi.lib : memcpy_t2.asm.obj (.text)
                  00013290    0000009c     sysbios.aer4f : BIOS.obj (.text:ti_sysbios_heaps_HeapMem_alloc__E)
                  0001332c    00000004     rtsv7R4_T_le_v3D16_eabi.lib : vprintf.c.obj (.text:_outs)
                  00013330    0000009c     sysbios.aer4f : BIOS.obj (.text:ti_sysbios_knl_Clock_logTick__E)
                  000133cc    00000004     rtsv7R4_T_le_v3D16_eabi.lib : exit.c.obj (.text:abort:abort)
                  000133d0    0000009c     sysbios.aer4f : BIOS.obj (.text:xdc_runtime_Text_visitRope2__I)
                  0001346c    0000009a     libgtrack_xwr16xx.aer4f : gtrackMatrixMath.oer4f (.text:gtrack_matrixMakeSymmetrical)
                  00013506    00000002     --HOLE-- [fill = 0]
                  00013508    00000098     libmmwave_xwr16xx.aer4f : mmwave_fullcfg.oer4f (.text:MMWave_getChirpCfg)
                  000135a0    00000098     sysbios.aer4f : vim_Hwi_asm_switch.obj (.text)
                  00013638    00000006     libmmwavelink_xwr16xx.aer4f : rl_controller.oer4f (.text:rlGetSubBlockId)
                  0001363e    00000002     --HOLE-- [fill = 0]
                  00013640    00000098     sysbios.aer4f : BIOS.obj (.text:xdc_runtime_Assert_raise__I)
                  000136d8    00000096     libuart_xwr16xx.aer4f : uartsci.oer4f (.text:UartSci_readChar)
                  0001376e    00000002     --HOLE-- [fill = 0]
                  00013770    00000094     libgtrack_xwr16xx.aer4f : gtrackUtilities.oer4f (.text:gtrack_cartesian2spherical)
                  00013804    00000094     libmmwavelink_xwr16xx.aer4f : rl_driver.oer4f (.text:rlDriverDeInit)
                  00013898    00000094                                 : rl_driver.oer4f (.text:rlDriverMsgReadCmdCtx)
                  0001392c    00000094     sysbios.aer4f : vim_Hwi_asm.obj (.text:ti_sysbios_family_arm_v7r_vim_Hwi_dispatchIRQ__I)
                  000139c0    00000090     libgpio_xwr16xx.aer4f : gpio.oer4f (.text:GPIO_init)
                  00013a50    00000090     libmailbox_xwr16xx.aer4f : mailbox.oer4f (.text:Mailbox_close)
                  00013ae0    00000090     libuart_xwr16xx.aer4f : uartsci_dma.oer4f (.text:UartSci_initiateTxDMA)
                  00013b70    00000090                           : uartsci.oer4f (.text:UartSci_read)
                  00013c00    00000090     rtsv7R4_T_le_v3D16_eabi.lib : fputc.c.obj (.text:fputc)
                  00013c90    00000090     sysbios.aer4f : BIOS.obj (.text:ti_sysbios_knl_Swi_startup__E)
                  00013d20    00000090                   : BIOS.obj (.text:xdc_runtime_Core_assignLabel__I)
                  00013db0    0000008c     libcli_xwr16xx.aer4f : cli_mmwave.oer4f (.text:CLI_MMWaveDataOutputMode)
                  00013e3c    0000008c     libdma_xwr16xx.aer4f : dma.oer4f (.text:DMA_deleteInstance)
                  00013ec8    0000008c     libsoc_xwr16xx.aer4f : soc_xwr16xx.oer4f (.text:SOC_translateAddress)
                  00013f54    0000008c     libuart_xwr16xx.aer4f : uartsci_dma.oer4f (.text:UartSci_initiateRxDMA)
                  00013fe0    0000008c     libgtrack_xwr16xx.aer4f : gtrackMatrixMath.oer4f (.text:gtrack_matrixMultiply)
                  0001406c    0000008c     libmmwavelink_xwr16xx.aer4f : rl_device.oer4f (.text:rlDevicePowerOn)
                  000140f8    0000008c                                 : rl_driver.oer4f (.text:rlDriverMsgCmdReply)
                  00014184    0000000a     libuart_xwr16xx.aer4f : UART.oer4f (.text:UART_read)
                  0001418e    00000002     --HOLE-- [fill = 0]
                  00014190    0000008c     sysbios.aer4f : BIOS.obj (.text:ti_sysbios_knl_Swi_runLoop__I)
                  0001421c    00000088     libmmwave_xwr16xx.aer4f : mmwave_fullcfg.oer4f (.text:MMWave_getProfileCfg)
                  000142a4    00000088     libgtrack_xwr16xx.aer4f : gtrackMatrixMath.oer4f (.text:gtrack_matrixTransposeMultiply)
                  0001432c    00000088     mss_mmw_per4f.oer4f (.text:ti_sysbios_family_arm_v7r_vim_Hwi_create)
                  000143b4    00000084     libmmwave_xwr16xx.aer4f : mmwave_xwr16xx.oer4f (.text:MMWave_deviceCfgAsyncEvent)
                  00014438    00000084                             : mmwave_xwr16xx.oer4f (.text:MMWave_deviceEventFxn)
                  000144bc    00000084                             : mmwave_fullcfg.oer4f (.text:MMWave_getNumBpmChirp)
                  00014540    00000084                             : mmwave.oer4f (.text:MMWave_open)
                  000145c4    00000084     libsoc_xwr16xx.aer4f : soc.oer4f (.text:SOC_init)
                  00014648    00000006     libmmwavelink_xwr16xx.aer4f : rl_controller.oer4f (.text:rlGetSubBlockLen)
                  0001464e    00000002     --HOLE-- [fill = 0]
                  00014650    00000084     sysbios.aer4f : BIOS.obj (.text:ti_sysbios_heaps_HeapMem_getStats__E)
                  000146d4    00000080     libcli_xwr16xx.aer4f : cli_mmwave.oer4f (.text:CLI_MMWaveChannelCfg)
                  00014754    00000080     libmmwave_xwr16xx.aer4f : mmwave_fullcfg.oer4f (.text:MMWave_getBpmChirpCfg)
                  000147d4    00000080     libuart_xwr16xx.aer4f : uartsci.oer4f (.text:UartSci_writePolling)
                  00014854    00000080     rtsv7R4_T_le_v3D16_eabi.lib : fflush.c.obj (.text:fflush)
                  000148d4    00000080     libmmwavelink_xwr16xx.aer4f : rl_driver.oer4f (.text:rlDriverExecuteGetApi)
                  00014954    00000080     mss_mmw_per4f.oer4f (.text:ti_sysbios_knl_Task_create)
                  000149d4    0000007e     libosal_xwr16xx.aer4f : HwiP_tirtos.oer4f (.text:HwiP_create)
                  00014a52    00000002     --HOLE-- [fill = 0]
                  00014a54    0000007e     libgtrack_xwr16xx.aer4f : gtrackMatrixMath.oer4f (.text:gtrack_matrixPrint)
                  00014ad2    00000002     --HOLE-- [fill = 0]
                  00014ad4    0000007c     libmmwave_xwr16xx.aer4f : mmwave_xwr16xx.oer4f (.text:MMWave_deviceOpenFxn)
                  00014b50    0000007c     libmailbox_xwr16xx.aer4f : mailbox.oer4f (.text:Mailbox_init)
                  00014bcc    0000007c     libuart_xwr16xx.aer4f : uartsci.oer4f (.text:UartSci_readPolling)
                  00014c48    0000007c     sysbios.aer4f : arm_TaskSupport_asm.obj (.text:_ti_sysbios_family_arm_TaskSupport_buildTaskStack)
                  00014cc4    0000000a     libuart_xwr16xx.aer4f : UART.oer4f (.text:UART_write)
                  00014cce    00000002     --HOLE-- [fill = 0]
                  00014cd0    0000007c     sysbios.aer4f : BIOS.obj (.text:ti_sysbios_family_arm_v7r_vim_Hwi_phantomIntHandler__I)
                  00014d4c    0000007a     rtsv7R4_T_le_v3D16_eabi.lib : _printfi.c.obj (.text:_mcpy)
                  00014dc6    0000007a                                 : memset_t2.asm.obj (.text)
                  00014e40    00000078     libcli_xwr16xx.aer4f : cli_mmwave.oer4f (.text:CLI_MMWaveADCCfg)
                  00014eb8    00000078     libmmwave_xwr16xx.aer4f : mmwave_fullcfg.oer4f (.text:MMWave_getNumChirps)
                  00014f30    00000078     libgtrack_xwr16xx.aer4f : gtrackUtilities.oer4f (.text:gtrack_spherical2cartesian)
                  00014fa8    00000004                             : gtrackListlib.oer4f (.text:gtrack_listGetCount)
                  00014fac    00000004                             : gtrackListlib.oer4f (.text:gtrack_listGetFirst)
                  00014fb0    00000078     sysbios.aer4f : BIOS.obj (.text:xdc_runtime_System_exit__E)
                  00015028    00000074     libmmwave_xwr16xx.aer4f : mmwave.oer4f (.text:MMWave_config)
                  0001509c    00000074                             : mmwave_xwr16xx.oer4f (.text:MMWave_deviceStartFxn)
                  00015110    00000074     rtsv7R4_T_le_v3D16_eabi.lib : fclose.c.obj (.text:__TI_closefile)
                  00015184    00000074     boot.aer4f : boot.oer4f (.text)
                  000151f8    00000074     rtsv7R4_T_le_v3D16_eabi.lib : s_frexp.c.obj (.text:frexp)
                  0001526c    00000074     libmmwavelink_xwr16xx.aer4f : rl_driver.oer4f (.text:rlDriverAsyncEventHandler)
                  000152e0    00000074                                 : rl_driver.oer4f (.text:rlDriverProcRdMsg)
                  00015354    00000072     libgtrack_xwr16xx.aer4f : gtrackListlib.oer4f (.text:gtrack_listRemoveElement)
                  000153c6    00000072     libmmwavelink_xwr16xx.aer4f : rl_driver.oer4f (.text:rlDriverClientCbCheck)
                  00015438    00000070     libmmwave_xwr16xx.aer4f : mmwave_xwr16xx.oer4f (.text:MMWave_deviceCfgFxn)
                  000154a8    00000070     libgtrack_xwr16xx.aer4f : gtrackModuleStep.oer4f (.text:gtrack_moduleUpdate)
                  00015518    00000004                             : gtrackListlib.oer4f (.text:gtrack_listGetNext)
                  0001551c    00000004     mss_mmw_per4f.oer4f (.text:ti_sysbios_BIOS_RtsGateProxy_enter__E)
                  00015520    00000070     sysbios.aer4f : BIOS.obj (.text:ti_sysbios_family_arm_v7r_vim_Hwi_getStackInfo__E)
                  00015590    00000070                   : BIOS.obj (.text:xdc_runtime_Text_xprintf__I)
                  00015600    0000006e     libdma_xwr16xx.aer4f : dma.oer4f (.text:DMA_btcISR)
                  0001566e    00000002     --HOLE-- [fill = 0]
                  00015670    0000006c                          : dma.oer4f (.text:DMA_disableChannel)
                  000156dc    0000006c     libmmwave_xwr16xx.aer4f : mmwave_link.oer4f (.text:MMWave_spawn)
                  00015748    0000006c                             : mmwave_link.oer4f (.text:MMWave_stopLink)
                  000157b4    0000006c     libpinmux_xwr16xx.aer4f : pinmux.oer4f (.text:Pinmux_Set_FuncSel)
                  00015820    0000006c     rtsv7R4_T_le_v3D16_eabi.lib : copy_decompress_lzss.c.obj (.text:decompress:lzss:__TI_decompress_lzss)
                  0001588c    00000004     mss_mmw_per4f.oer4f (.text:ti_sysbios_BIOS_RtsGateProxy_leave__E)
                  00015890    0000006c     sysbios.aer4f : BIOS.obj (.text:ti_sysbios_heaps_HeapMem_init__I)
                  000158fc    00000004     mss_mmw_per4f.oer4f (.text:ti_sysbios_BIOS_nullFunc__I)
                  00015900    0000006c     sysbios.aer4f : BIOS.obj (.text:ti_sysbios_knl_Task_allBlockedFunction__I)
                  0001596c    00000004     mss_mmw_per4f.oer4f (.text:ti_sysbios_family_arm_v7r_vim_Hwi_delete)
                  00015970    0000006c     sysbios.aer4f : BIOS.obj (.text:xdc_runtime_System_atexit__E)
                  000159dc    0000006a     libdma_xwr16xx.aer4f : dma.oer4f (.text:DMA_berISR)
                  00015a46    00000002     --HOLE-- [fill = 0]
                  00015a48    0000006a                          : dma.oer4f (.text:DMA_ftcISR)
                  00015ab2    00000002     --HOLE-- [fill = 0]
                  00015ab4    0000006a                          : dma.oer4f (.text:DMA_hbcISR)
                  00015b1e    00000002     --HOLE-- [fill = 0]
                  00015b20    0000006a                          : dma.oer4f (.text:DMA_lfsISR)
                  00015b8a    0000006a     libuart_xwr16xx.aer4f : uartsci.oer4f (.text:UartSci_control)
                  00015bf4    0000006a     libgtrack_xwr16xx.aer4f : gtrackMatrixMath.oer4f (.text:gtrack_matrixComputePJT)
                  00015c5e    0000006a                             : gtrackMatrixMath.oer4f (.text:gtrack_matrixMultiply66)
                  00015cc8    0000006a                             : gtrackMatrixMath.oer4f (.text:gtrack_matrixMultiply66T)
                  00015d32    00000002     --HOLE-- [fill = 0]
                  00015d34    00000068     libdma_xwr16xx.aer4f : dma.oer4f (.text:DMA_enableChannel)
                  00015d9c    00000068     rtsv7R4_T_le_v3D16_eabi.lib : hostlseek.c.obj (.text:HOSTlseek)
                  00015e04    00000068                                 : hostrename.c.obj (.text:HOSTrename)
                  00015e6c    00000068     libmmwave_xwr16xx.aer4f : mmwave_xwr16xx.oer4f (.text:MMWave_deviceStopFxn)
                  00015ed4    00000068     libmailbox_xwr16xx.aer4f : mailbox.oer4f (.text:Mailbox_readFlush)
                  00015f3c    00000068     rtsv7R4_T_le_v3D16_eabi.lib : printf.c.obj (.text:printf)
                  00015fa4    00000068     libmmwavelink_xwr16xx.aer4f : rl_driver.oer4f (.text:rlDriverExecuteSetApi)
                  0001600c    00000068                                 : rl_driver.oer4f (.text:rlDriverHostIrqHandler)
                  00016074    0000000a     libuart_xwr16xx.aer4f : UART.oer4f (.text:UART_writePolling)
                  0001607e    00000002     --HOLE-- [fill = 0]
                  00016080    00000068     sysbios.aer4f : BIOS.obj (.text:ti_sysbios_family_arm_v7r_tms570_Core_Module_startup__E)
                  000160e8    00000004     mss_mmw_per4f.oer4f (.text:ti_sysbios_heaps_HeapMem_Module_GateProxy_enter__E)
                  000160ec    00000004     mss_mmw_per4f.oer4f (.text:ti_sysbios_heaps_HeapMem_Module_GateProxy_leave__E)
                  000160f0    00000068     sysbios.aer4f : BIOS.obj (.text:xdc_runtime_Core_assignParams__I)
                  00016158    00000066     libgtrack_xwr16xx.aer4f : gtrackUnitScore.oer4f (.text:gtrack_computeMahalanobis3)
                  000161be    00000066                             : gtrackModuleDelete.oer4f (.text:gtrack_moduleDelete)
                  00016224    00000066     libmmwavelink_xwr16xx.aer4f : rl_device.oer4f (.text:rlDevicePowerOff)
                  0001628a    00000002     --HOLE-- [fill = 0]
                  0001628c    00000064     libcli_xwr16xx.aer4f : cli_mmwave.oer4f (.text:CLI_MMWaveLowPowerCfg)
                  000162f0    00000064     libosal_xwr16xx.aer4f : SemaphoreP_tirtos.oer4f (.text:SemaphoreP_create)
                  00016354    00000064     rtsv7R4_T_le_v3D16_eabi.lib : _io_perm.c.obj (.text:__TI_wrt_ok)
                  000163b8    00000064                                 : fseek.c.obj (.text:fseek)
                  0001641c    00000064     sysbios.aer4f : exc_Exception_asm.obj (.text:ti_sysbios_family_arm_exc_Exception_initCore0__I)
                  00016480    00000064                   : BIOS.obj (.text:ti_sysbios_hal_Hwi_checkStack)
                  000164e4    00000060     libcli_xwr16xx.aer4f : cli_mmwave.oer4f (.text:CLI_MMWaveExtensionHandler)
                  00016544    00000060     mss_main.oer4f (.text:MmwDemo_mssDataPathStop)
                  000165a4    00000060     mss_main.oer4f (.text:MmwDemo_printHeapStats)
                  00016604    0000000a     rtsv7R4_T_le_v3D16_eabi.lib : sprintf.c.obj (.text:_outc)
                  0001660e    00000002     --HOLE-- [fill = 0]
                  00016610    00000060     sysbios.aer4f : BIOS.obj (.text:ti_sysbios_timers_rti_Timer_stop__E)
                  00016670    0000005e     libuart_xwr16xx.aer4f : uartsci.oer4f (.text:UartSci_writeChar)
                  000166ce    0000005e     libgtrack_xwr16xx.aer4f : gtrackUtilities.oer4f (.text:gtrack_unrollRadialVelocity)
                  0001672c    0000005c     rtsv7R4_T_le_v3D16_eabi.lib : hostopen.c.obj (.text:HOSTopen)
                  00016788    0000005c                                 : hostread.c.obj (.text:HOSTread)
                  000167e4    0000005c     libmmwave_xwr16xx.aer4f : mmwave_link.oer4f (.text:MMWave_mboxOpen)
                  00016840    0000005c                             : mmwave.oer4f (.text:MMWave_stop)
                  0001689c    0000005c     task_app.oer4f (.text:MmwDemo_CLIPointCloudEn)
                  000168f8    0000005a     libuart_xwr16xx.aer4f : uartsci.oer4f (.text:UartSci_readCancel)
                  00016952    0000005a     libmmwavelink_xwr16xx.aer4f : rl_driver.oer4f (.text:rlDriverCalChkSum)
                  000169ac    00000058     libesm_xwr16xx.aer4f : esm.oer4f (.text:ESM_highpriority_FIQ)
                  00016a04    00000058     rtsv7R4_T_le_v3D16_eabi.lib : hostwrite.c.obj (.text:HOSTwrite)
                  00016a5c    00000058     libmmwave_xwr16xx.aer4f : mmwave.oer4f (.text:MMWave_execute)
                  00016ab4    00000058                             : mmwave_link.oer4f (.text:MMWave_initCRC)
                  00016b0c    00000058     mss_main.oer4f (.text:MmwDemo_mmWaveCtrlTask)
                  00016b64    00000058     libuart_xwr16xx.aer4f : uartsci_dma.oer4f (.text:UartSci_closeDMA)
                  00016bbc    00000058     rtsv7R4_T_le_v3D16_eabi.lib : close.c.obj (.text:close)
                  00016c14    00000058     libmmwavelink_xwr16xx.aer4f : rl_driver.oer4f (.text:rlDriverMsgReadSpawnCtx)
                  00016c6c    00000004     mss_mmw_per4f.oer4f (.text:ti_sysbios_knl_Clock_TimerProxy_getMaxTicks__E)
                  00016c70    00000058     sysbios.aer4f : BIOS.obj (.text:ti_sysbios_family_arm_TaskSupport_start__E)
                  00016cc8    00000004     mss_mmw_per4f.oer4f (.text:ti_sysbios_knl_Semaphore_delete)
                  00016ccc    00000004     mss_mmw_per4f.oer4f (.text:xdc_runtime_Startup_reset__I)
                  00016cd0    00000058     sysbios.aer4f : BIOS.obj (.text:ti_sysbios_timers_rti_Timer_setPeriod__E)
                  00016d28    00000056     libmmwavelink_xwr16xx.aer4f : rl_driver.oer4f (.text:rlDriverOsiCbCheck)
                  00016d7e    00000002     --HOLE-- [fill = 0]
                  00016d80    00000054     libcrc_xwr16xx.aer4f : crc.oer4f (.text:CRC_getTransactionId)
                  00016dd4    00000054     libdma_xwr16xx.aer4f : dma.oer4f (.text:DMA_freeChannel)
                  00016e28    00000054     libmmwave_xwr16xx.aer4f : mmwave_link.oer4f (.text:MMWave_initLink)
                  00016e7c    00000054     rtsv7R4_T_le_v3D16_eabi.lib : ltoa.c.obj (.text:ltoa)
                  00016ed0    00000054     sysbios.aer4f : BIOS.obj (.text:ti_sysbios_hal_Hwi_initStack)
                  00016f24    00000054     mss_mmw_per4f.oer4f (.text:ti_sysbios_knl_Semaphore_create)
                  00016f78    00000054     mss_mmw_per4f.oer4f (.text:ti_sysbios_rts_MemAlloc_alloc)
                  00016fcc    00000054     rtsv7R4_T_le_v3D16_eabi.lib : vprintf.c.obj (.text:vprintf)
                  00017020    00000053     sysbios.aer4f : BIOS.obj (.text:xdc_runtime_Text_printVisFxn__I)
                  00017073    00000001     --HOLE-- [fill = 0]
                  00017074    00000052     rtsv7R4_T_le_v3D16_eabi.lib : _printfi.c.obj (.text:_ecpy)
                  000170c6    00000002     --HOLE-- [fill = 0]
                  000170c8    00000050     libcrc_xwr16xx.aer4f : crc.oer4f (.text:CRC_getSignature)
                  00017118    00000050     libmmwave_xwr16xx.aer4f : mmwave.oer4f (.text:MMWave_sync)
                  00017168    00000050     rtsv7R4_T_le_v3D16_eabi.lib : _printfi.c.obj (.text:_pconv_f)
                  000171b8    00000050                                 : atoi.c.obj (.text:atoi)
                  00017208    00000050     libmmwavelink_xwr16xx.aer4f : rl_driver.oer4f (.text:rlDeviceIdentifyCmdDir)
                  00017258    00000050                                 : rl_driver.oer4f (.text:rlDriverVerifyCRC)
                  000172a8    00000050     rtsv7R4_T_le_v3D16_eabi.lib : u_div32.asm.obj (.text)
                  000172f8    00000004     mss_mmw_per4f.oer4f (.text:xdc_runtime_System_Module_GateProxy_enter__E)
                  000172fc    00000004     mss_mmw_per4f.oer4f (.text:xdc_runtime_System_Module_GateProxy_leave__E)
                  00017300    00000050     sysbios.aer4f : BIOS.obj (.text:ti_sysbios_knl_Event_pendTimeout__I)
                  00017350    00000050                   : BIOS.obj (.text:ti_sysbios_knl_Semaphore_pendTimeout__I)
                  000173a0    0000004e     libgtrack_xwr16xx.aer4f : gtrackMatrixMath.oer4f (.text:gtrack_matrixDet3)
                  000173ee    00000002     --HOLE-- [fill = 0]
                  000173f0    0000004c     libmailbox_xwr16xx.aer4f : mailbox.oer4f (.text:Mailbox_boxEmptyISRProcessing)
                  0001743c    0000004c     libuart_xwr16xx.aer4f : uartsci.oer4f (.text:UartSci_writeCancel)
                  00017488    0000004c     rtsv7R4_T_le_v3D16_eabi.lib : fflush.c.obj (.text:__TI_doflush)
                  000174d4    0000004c                                 : cpy_tbl.c.obj (.text:copy_in)
                  00017520    0000004c     mss_mmw_per4f.oer4f (.text:ti_sysbios_gates_GateHwi_Object__create__S)
                  0001756c    0000004c     mss_mmw_per4f.oer4f (.text:ti_sysbios_gates_GateMutex_Object__create__S)
                  000175b8    0000004c     mss_mmw_per4f.oer4f (.text:ti_sysbios_heaps_HeapMem_Object__create__S)
                  00017604    0000004c     mss_mmw_per4f.oer4f (.text:ti_sysbios_knl_Event_create)
                  00017650    0000004c     mss_mmw_per4f.oer4f (.text:ti_sysbios_knl_Semaphore_construct)
                  0001769c    0000004a     libmailbox_xwr16xx.aer4f : mailbox.oer4f (.text:Mailbox_boxFullISRProcessing)
                  000176e6    00000002     --HOLE-- [fill = 0]
                  000176e8    00000048     libcli_xwr16xx.aer4f : cli.oer4f (.text:CLI_write)
                  00017730    00000048     cli.oer4f (.text:MmwDemo_CLISensorStart)
                  00017778    00000048     libmmwavelink_xwr16xx.aer4f : rl_device.oer4f (.text:rlDeviceGetVersion)
                  000177c0    00000048                                 : rl_driver.oer4f (.text:rlDriverOsiInit)
                  00017808    00000046     libmailbox_xwr16xx.aer4f : mailbox.oer4f (.text:CSL_FINSR)
                  0001784e    00000044     libcrc_xwr16xx.aer4f : crc.oer4f (.text:CRC_resetSignature)
                  00017892    00000002     --HOLE-- [fill = 0]
                  00017894    00000044     rtsv7R4_T_le_v3D16_eabi.lib : hostclose.c.obj (.text:HOSTclose)
                  000178d8    00000044                                 : hostunlink.c.obj (.text:HOSTunlink)
                  0001791c    00000044     libmailbox_xwr16xx.aer4f : mailbox.oer4f (.text:Mailbox_boxFullISRMssDss)
                  00017960    00000044     rtsv7R4_T_le_v3D16_eabi.lib : exit.c.obj (.text:exit)
                  000179a4    00000044                                 : getdevice.c.obj (.text:getdevice)
                  000179e8    00000044     libgtrack_xwr16xx.aer4f : gtrackModuleStep.oer4f (.text:gtrack_moduleReport)
                  00017a2c    00000044     mss_mmw_per4f.oer4f (.text:ti_sysbios_BIOS_atExitFunc__I)
                  00017a70    00000044     sysbios.aer4f : BIOS.obj (.text:ti_sysbios_heaps_HeapMem_free__E)
                  00017ab4    00000044     mss_mmw_per4f.oer4f (.text:ti_sysbios_knl_Clock_doTick__I)
                  00017af8    00000044     mss_mmw_per4f.oer4f (.text:ti_sysbios_knl_Queue_construct)
                  00017b3c    00000004     --HOLE-- [fill = 0]
                  00017b40    00000044     sysbios.aer4f : BIOS.obj (.text:ti_sysbios_knl_Swi_Module_startup__E)
                  00017b84    0000000a     libgtrack_xwr16xx.aer4f : gtrackListlib.oer4f (.text:gtrack_listInit)
                  00017b8e    00000002     --HOLE-- [fill = 0]
                  00017b90    00000044     sysbios.aer4f : BIOS.obj (.text:ti_sysbios_knl_Task_restoreHwi__E)
                  00017bd4    0000000c     rtsv7R4_T_le_v3D16_eabi.lib : fputc.c.obj (.tramp.putchar.1)
                  00017be0    00000044     sysbios.aer4f : BIOS.obj (.text:ti_sysbios_timers_rti_Timer_periodicStub__E)
                  00017c24    00000042     libmmwave_xwr16xx.aer4f : mmwave_link.oer4f (.text:MMWave_executeLink)
                  00017c66    00000040     rtsv7R4_T_le_v3D16_eabi.lib : _printfi.c.obj (.text:_fcpy)
                  00017ca6    00000040     libmmwavelink_xwr16xx.aer4f : rl_driver.oer4f (.text:rlDriverValidateHdr)
                  00017ce6    00000002     --HOLE-- [fill = 0]
                  00017ce8    00000040     rtsv7R4_T_le_v3D16_eabi.lib : sprintf.c.obj (.text:sprintf)
                  00017d28    00000040                                 : strtok.c.obj (.text:strtok)
                  00017d68    00000040                                 : vsnprintf.c.obj (.text:vsnprintf)
                  00017da8    00000008     sysbios.aer4f : BIOS.obj (.tramp.ti_sysbios_family_arm_v7r_vim_Hwi_disableInterrupt__E.1)
                  00017db0    00000040                   : BIOS.obj (.text:xdc_runtime_SysStd_abort__E)
                  00017df0    0000003e     libcrc_xwr16xx.aer4f : crc.oer4f (.text:CSL_FINSR)
                  00017e2e    0000003e     libdma_xwr16xx.aer4f : dma.oer4f (.text:CSL_FINSR)
                  00017e6c    0000003e     libpinmux_xwr16xx.aer4f : pinmux.oer4f (.text:CSL_FINSR)
                  00017eaa    0000003e     libsoc_xwr16xx.aer4f : soc.oer4f (.text:CSL_FINSR)
                  00017ee8    0000003e                          : soc_xwr16xx.oer4f (.text:CSL_FINSR)
                  00017f26    0000003e                          : soc_xwr16xx_mss.oer4f (.text:CSL_FINSR)
                  00017f64    0000003e     libuart_xwr16xx.aer4f : uartsci.oer4f (.text:CSL_FINSR)
                  00017fa2    0000003e                           : uartsci.oer4f (.text:UartSci_close)
                  00017fe0    0000003c     libcli_xwr16xx.aer4f : cli_mmwave.oer4f (.text:CLI_MMWaveFlushCfg)
                  0001801c    0000003c     libmailbox_xwr16xx.aer4f : mailbox.oer4f (.text:Mailbox_writeReset)
                  00018058    0000003c     libsoc_xwr16xx.aer4f : soc.oer4f (.text:SOC_unhaltBSS)
                  00018094    0000003c     rtsv7R4_T_le_v3D16_eabi.lib : trgmsg.c.obj (.text:__TI_writemsg)
                  000180d0    0000003c     libgtrack_xwr16xx.aer4f : gtrackModuleStep.oer4f (.text:gtrack_moduleAssociate)
                  0001810c    0000003c     libmmwavelink_xwr16xx.aer4f : rl_controller.oer4f (.text:rlGetSubBlock)
                  00018148    0000003c     sysbios.aer4f : vim_Hwi_asm.obj (.text:ti_sysbios_family_arm_v7r_vim_Hwi_init__I)
                  00018184    00000008                   : BIOS.obj (.tramp.xdc_runtime_Memory_free__E.1)
                  0001818c    00000004     --HOLE-- [fill = 0]
                  00018190    0000003c                   : BIOS.obj (.text:xdc_runtime_System_aprintf_va__F)
                  000181cc    0000003a     libosal_xwr16xx.aer4f : HwiP_tirtos.oer4f (.text:HwiP_delete)
                  00018206    0000003a     libgtrack_xwr16xx.aer4f : gtrackUnitReport.oer4f (.text:gtrack_unitReport)
                  00018240    00000038     libuart_xwr16xx.aer4f : UART.oer4f (.text:UART_init)
                  00018278    00000038     mss_mmw_per4f.oer4f (.text:ti_sysbios_BIOS_startFunc__I)
                  000182b0    00000038     sysbios.aer4f : BIOS.obj (.text:xdc_runtime_System_printf_va__F)
                  000182e8    00000036     libmmwavelink_xwr16xx.aer4f : rl_controller.oer4f (.text:rlAppendSubBlock)
                  0001831e    00000036     rtsv7R4_T_le_v3D16_eabi.lib : ull_tofs_t2.asm.obj (.text)
                  00018354    00000036                                 : strncpy.c.obj (.text:strncpy)
                  0001838a    00000002     --HOLE-- [fill = 0]
                  0001838c    00000034     libmmwave_xwr16xx.aer4f : mmwave_link.oer4f (.text:MMWave_mboxWrite)
                  000183c0    00000034     libsoc_xwr16xx.aer4f : soc_xwr16xx.oer4f (.text:SOC_setMMWaveDSSLinkState)
                  000183f4    00000034                          : soc_xwr16xx.oer4f (.text:SOC_setMMWaveMSSLinkState)
                  00018428    00000034     libuart_xwr16xx.aer4f : UART.oer4f (.text:UART_open)
                  0001845c    00000034     rtsv7R4_T_le_v3D16_eabi.lib : fopen.c.obj (.text:__TI_cleanup)
                  00018490    00000034                                 : trgmsg.c.obj (.text:__TI_readmsg)
                  000184c4    00000034                                 : getdevice.c.obj (.text:finddevice)
                  000184f8    00000034     mss_mmw_per4f.oer4f (.text:ti_sysbios_BIOS_errorRaiseHook__I)
                  0001852c    00000034     mss_mmw_per4f.oer4f (.text:ti_sysbios_BIOS_registerRTSLock__I)
                  00018560    00000034     mss_mmw_per4f.oer4f (.text:ti_sysbios_BIOS_removeRTSLock__I)
                  00018594    00000034     mss_mmw_per4f.oer4f (.text:ti_sysbios_family_arm_v7r_vim_Hwi_Object__delete__S)
                  000185c8    00000034     mss_mmw_per4f.oer4f (.text:ti_sysbios_gates_GateMutex_Object__delete__S)
                  000185fc    00000004     --HOLE-- [fill = 0]
                  00018600    00000034     sysbios.aer4f : BIOS.obj (.text:ti_sysbios_knl_Idle_run__E)
                  00018634    00000034     mss_mmw_per4f.oer4f (.text:ti_sysbios_knl_Semaphore_Object__delete__S)
                  00018668    00000032     libcrc_xwr16xx.aer4f : crc.oer4f (.text:CRC_getCRCDataSelectBitValue)
                  0001869a    00000002     --HOLE-- [fill = 0]
                  0001869c    00000032                          : crc.oer4f (.text:CRC_getCRCTypeBitValue)
                  000186ce    00000030     libmmwave_xwr16xx.aer4f : mmwave_listlib.oer4f (.text:MMWave_listRemoveNode)
                  000186fe    00000002     --HOLE-- [fill = 0]
                  00018700    00000030     libsoc_xwr16xx.aer4f : soc.oer4f (.text:SOC_getDevicePartNumber)
                  00018730    00000030     rtsv7R4_T_le_v3D16_eabi.lib : vsnprintf.c.obj (.text:_outs)
                  00018760    00000030     libgtrack_xwr16xx.aer4f : gtrackMatrixMath.oer4f (.text:gtrack_matrixAdd)
                  00018790    00000030                             : gtrackMatrixMath.oer4f (.text:gtrack_matrixSub)
                  000187c0    00000030                             : gtrackModuleStep.oer4f (.text:gtrack_modulePredict)
                  000187f0    00000030     libmmwavelink_xwr16xx.aer4f : rl_sensor.oer4f (.text:rlSensorStart)
                  00018820    00000030     mss_mmw_per4f.oer4f (.text:ti_sysbios_BIOS_rtsLock__I)
                  00018850    00000030     sysbios.aer4f : BIOS.obj (.text:ti_sysbios_family_arm_v7r_vim_Hwi_disableInterrupt__E)
                  00018880    00000030                   : BIOS.obj (.text:ti_sysbios_family_arm_v7r_vim_Hwi_enableInterrupt__E)
                  000188b0    00000030     mss_mmw_per4f.oer4f (.text:ti_sysbios_gates_GateHwi_Object__delete__S)
                  000188e0    00000030     sysbios.aer4f : BIOS.obj (.text:ti_sysbios_gates_GateMutex_Instance_init__E)
                  00018910    00000030     mss_mmw_per4f.oer4f (.text:ti_sysbios_heaps_HeapMem_Object__delete__S)
                  00018940    00000030     sysbios.aer4f : BIOS.obj (.text:ti_sysbios_knl_Clock_Module_startup__E)
                  00018970    0000002c     libgpio_xwr16xx.aer4f : gpio.oer4f (.text:GPIO_HighPriorityISR)
                  0001899c    0000002c                           : gpio.oer4f (.text:GPIO_LowPriorityISR)
                  000189c8    0000002c     libmmwave_xwr16xx.aer4f : mmwave_osal.oer4f (.text:MMWave_osalMutexCreate)
                  000189f4    0000002c                             : mmwave_osal.oer4f (.text:MMWave_osalSemCreate)
                  00018a20    0000002c     libsoc_xwr16xx.aer4f : soc_xwr16xx_mss.oer4f (.text:SOC_waitBSSPowerUp)
                  00018a4c    0000002c     libmmwavelink_xwr16xx.aer4f : rl_device.oer4f (.text:rlDeviceGetMssVersion)
                  00018a78    0000002c                                 : rl_sensor.oer4f (.text:rlSensorStop)
                  00018aa4    0000002c     mss_mmw_per4f.oer4f (.text:ti_sysbios_gates_GateHwi_Handle__label__S)
                  00018ad0    0000002c     mss_mmw_per4f.oer4f (.text:ti_sysbios_gates_GateMutex_Handle__label__S)
                  00018afc    0000002c     mss_mmw_per4f.oer4f (.text:ti_sysbios_heaps_HeapMem_Handle__label__S)
                  00018b28    0000002c     mss_mmw_per4f.oer4f (.text:ti_sysbios_knl_Semaphore_destruct)
                  00018b54    0000000c     rtsv7R4_T_le_v3D16_eabi.lib : fflush.c.obj (.tramp.fflush.1)
                  00018b60    0000002c     sysbios.aer4f : BIOS.obj (.text:ti_sysbios_knl_Task_enter__I)
                  00018b8c    0000002c     rtsv7R4_T_le_v3D16_eabi.lib : unlink.c.obj (.text:unlink)
                  00018bb8    0000002a     libsoc_xwr16xx.aer4f : soc.oer4f (.text:SOC_SystemISR)
                  00018be2    0000002a     libmmwavelink_xwr16xx.aer4f : rl_device.oer4f (.text:rlDeviceGetMmWaveLinkVersion)
                  00018c0c    0000002a     rtsv7R4_T_le_v3D16_eabi.lib : strspn.c.obj (.text:strspn)
                  00018c36    00000002     --HOLE-- [fill = 0]
                  00018c38    00000028     libmailbox_xwr16xx.aer4f : mailbox.oer4f (.text:Mailbox_Config_init)
                  00018c60    00000028     libuart_xwr16xx.aer4f : uartsci_dma.oer4f (.text:UartSci_RxDMACallbackFxn)
                  00018c88    00000028                           : uartsci_dma.oer4f (.text:UartSci_TxDMACallbackFxn)
                  00018cb0    00000028     mss_mmw_per4f.oer4f (.text:free)
                  00018cd8    00000028     libgtrack_xwr16xx.aer4f : gtrackMatrixMath.oer4f (.text:gtrack_matrixScallerMultiply)
                  00018d00    00000028     rtsv7R4_T_le_v3D16_eabi.lib : lseek.c.obj (.text:lseek)
                  00018d28    00000028     libmmwavelink_xwr16xx.aer4f : rl_driver.oer4f (.text:rlDriverConstructInMsg)
                  00018d50    00000028     rtsv7R4_T_le_v3D16_eabi.lib : e_sqrtf.c.obj (.text:sqrtf)
                  00018d78    00000028     mss_mmw_per4f.oer4f (.text:ti_sysbios_BIOS_rtsUnlock__I)
                  00018da0    00000028     sysbios.aer4f : BIOS.obj (.text:ti_sysbios_family_arm_v7a_Pmu_Module_startup__E)
                  00018dc8    00000028     mss_mmw_per4f.oer4f (.text:ti_sysbios_family_arm_v7r_vim_Hwi_Module__startupDone__F)
                  00018df0    00000028     sysbios.aer4f : BIOS.obj (.text:ti_sysbios_gates_GateMutex_leave__E)
                  00018e18    00000028     mss_mmw_per4f.oer4f (.text:ti_sysbios_knl_Queue_destruct)
                  00018e40    00000028     mss_mmw_per4f.oer4f (.text:ti_sysbios_timers_rti_Timer_Module__startupDone__F)
                  00018e68    00000028     rtsv7R4_T_le_v3D16_eabi.lib : write.c.obj (.text:write)
                  00018e90    00000028     sysbios.aer4f : BIOS.obj (.text:xdc_runtime_Error_init__E)
                  00018eb8    00000028     mss_mmw_per4f.oer4f (.text:xdc_runtime_System_aprintf__E)
                  00018ee0    00000028     mss_mmw_per4f.oer4f (.text:xdc_runtime_System_printf__E)
                  00018f08    00000026     libgtrack_xwr16xx.aer4f : gtrackListlib.oer4f (.text:gtrack_listEnqueue)
                  00018f2e    00000026     libmmwavelink_xwr16xx.aer4f : rl_sensor.oer4f (.text:rlRfInitCalibConfig)
                  00018f54    00000026                                 : rl_sensor.oer4f (.text:rlRfRunTimeCalibConfig)
                  00018f7a    00000026                                 : rl_sensor.oer4f (.text:rlRfSetCalMonFreqLimitConfig)
                  00018fa0    00000026                                 : rl_sensor.oer4f (.text:rlRfSetDeviceCfg)
                  00018fc6    00000026                                 : rl_sensor.oer4f (.text:rlSetAdcOutConfig)
                  00018fec    00000026                                 : rl_sensor.oer4f (.text:rlSetBpmCommonConfig)
                  00019012    00000026                                 : rl_sensor.oer4f (.text:rlSetChannelConfig)
                  00019038    00000026                                 : rl_sensor.oer4f (.text:rlSetContModeConfig)
                  0001905e    00000024     libcrc_xwr16xx.aer4f : crc.oer4f (.text:CRC_isTransactionIdValid)
                  00019082    00000002     --HOLE-- [fill = 0]
                  00019084    00000024     libgpio_xwr16xx.aer4f : gpio.oer4f (.text:GPIO_processInterrupt)
                  000190a8    00000024     cli.oer4f (.text:MmwDemo_CLIFrameStart)
                  000190cc    00000024     cli.oer4f (.text:MmwDemo_CLISensorStop)
                  000190f0    00000024     libsoc_xwr16xx.aer4f : soc_xwr16xx.oer4f (.text:SOC_isMMWaveDSSOperational)
                  00019114    00000024                          : soc_xwr16xx.oer4f (.text:SOC_isMMWaveMSSOperational)
                  00019138    00000024     libgtrack_xwr16xx.aer4f : gtrackListlib.oer4f (.text:gtrack_listDequeue)
                  0001915c    00000024     libmmwavelink_xwr16xx.aer4f : rl_sensor.oer4f (.text:rlEnableContMode)
                  00019180    00000024                                 : rl_sensor.oer4f (.text:rlRfSetCalMonTimeUnitConfig)
                  000191a4    00000024                                 : rl_sensor.oer4f (.text:rlSetLowPowerModeConfig)
                  000191c8    00000022     libuart_xwr16xx.aer4f : uartsci.oer4f (.text:UartSci_disableRxDMA)
                  000191ea    00000022                           : uartsci.oer4f (.text:UartSci_enableRxDMA)
                  0001920c    00000022     rtsv7R4_T_le_v3D16_eabi.lib : strcspn.c.obj (.text:strcspn)
                  0001922e    00000002     --HOLE-- [fill = 0]
                  00019230    00000020     libcli_xwr16xx.aer4f : cli_mmwave.oer4f (.text:CLI_MMWaveExtensionInit)
                  00019250    00000020     libesm_xwr16xx.aer4f : esm.oer4f (.text:ESM_lowpriority_IRQ)
                  00019270    00000020     libmmwave_xwr16xx.aer4f : mmwave_listlib.oer4f (.text:MMWave_listCat)
                  00019290    00000020     libpinmux_xwr16xx.aer4f : pinmux.oer4f (.text:Pinmux_Unlock)
                  000192b0    00000020     rtsv7R4_T_le_v3D16_eabi.lib : s_copysign.c.obj (.text:copysign)
                  000192d0    00000020                                 : memchr.c.obj (.text:memchr)
                  000192f0    00000020     libmmwavelink_xwr16xx.aer4f : rl_sensor.oer4f (.text:rlRfInit)
                  00019310    00000020     mss_mmw_per4f.oer4f (.text:ti_sysbios_BIOS_exitFunc__I)
                  00019330    00000020     sysbios.aer4f : BIOS.obj (.text:ti_sysbios_family_arm_v7r_vim_Hwi_clearInterrupt__E)
                  00019350    00000020                   : BIOS.obj (.text:ti_sysbios_knl_Task_sleepTimeout__I)
                  00019370    0000001e     libmmwave_xwr16xx.aer4f : mmwave_fullcfg.oer4f (.text:MMWave_internalDelChirp)
                  0001938e    0000001e     libsoc_xwr16xx.aer4f : soc_xwr16xx_mss.oer4f (.text:SOC_getOutAddr_LUTType)
                  000193ac    0000001c     libcrc_xwr16xx.aer4f : crc.oer4f (.text:CRC_releaseTransactionId)
                  000193c8    0000001c     libdma_xwr16xx.aer4f : dma.oer4f (.text:CSL_FEXTR)
                  000193e4    0000001c     libmmwave_xwr16xx.aer4f : mmwave.oer4f (.text:CSL_FEXTR)
                  00019400    0000001c     libsoc_xwr16xx.aer4f : soc.oer4f (.text:CSL_FEXTR)
                  0001941c    0000001c                          : soc_xwr16xx.oer4f (.text:CSL_FEXTR)
                  00019438    0000001c                          : soc_xwr16xx_mss.oer4f (.text:CSL_FEXTR)
                  00019454    0000001c     libuart_xwr16xx.aer4f : uartsci.oer4f (.text:CSL_FEXTR)
                  00019470    0000001c     libmmwave_xwr16xx.aer4f : mmwave_listlib.oer4f (.text:MMWave_listRemove)
                  0001948c    0000001c     task_mbox.oer4f (.text:MmwDemo_mboxWrite)
                  000194a8    0000001c     libsoc_xwr16xx.aer4f : soc_xwr16xx_mss.oer4f (.text:SOC_getInAddr_LUTType)
                  000194c4    0000001c     sysbios.aer4f : arm_TaskSupport_asm.obj (.text:_ti_sysbios_family_arm_TaskSupport_glue)
                  000194e0    0000001c                   : arm_TaskSupport_asm.obj (.text:_ti_sysbios_family_arm_TaskSupport_swap__E)
                  000194fc    0000001c     gtrackLog.oer4f (.text:gtrack_log)
                  00019518    0000001c     rtsv7R4_T_le_v3D16_eabi.lib : memccpy.c.obj (.text:memccpy)
                  00019534    0000001c     mss_mmw_per4f.oer4f (.text:ti_sysbios_heaps_HeapMem_Object__get__S)
                  00019550    0000001c     sysbios.aer4f : BIOS.obj (.text:ti_sysbios_knl_Event_Instance_init__E)
                  0001956c    0000001c     mss_mmw_per4f.oer4f (.text:ti_sysbios_knl_Swi_Object__get__S)
                  00019588    0000001c     mss_mmw_per4f.oer4f (.text:xdc_runtime_Startup_exec__I)
                  000195a4    0000001a     libmmwave_xwr16xx.aer4f : mmwave_xwr16xx.oer4f (.text:MMWave_deviceSyncFxn)
                  000195be    0000001a                             : mmwave.oer4f (.text:MMWave_encodeError)
                  000195d8    0000001a                             : mmwave_listlib.oer4f (.text:MMWave_listAdd)
                  000195f2    0000001a     rtsv7R4_T_le_v3D16_eabi.lib : sprintf.c.obj (.text:_outs)
                  0001960c    0000001a     libmmwavelink_xwr16xx.aer4f : rl_sensor.oer4f (.text:rlGetRfDieId)
                  00019626    00000002     --HOLE-- [fill = 0]
                  00019628    00000018     libcli_xwr16xx.aer4f : cli_mmwave.oer4f (.text:CLI_getMMWaveExtensionOpenConfig)
                  00019640    00000018     libmmwave_xwr16xx.aer4f : mmwave_osal.oer4f (.text:MMWave_osalMutexLock)
                  00019658    00000018                             : mmwave_osal.oer4f (.text:MMWave_osalSemWait)
                  00019670    00000018     libmailbox_xwr16xx.aer4f : mailbox.oer4f (.text:Mailbox_boxEmptyISRBss)
                  00019688    00000018                              : mailbox.oer4f (.text:Mailbox_boxEmptyISRMssDss)
                  000196a0    00000018                              : mailbox.oer4f (.text:Mailbox_boxFullISRBss)
                  000196b8    00000018     rtsv7R4_T_le_v3D16_eabi.lib : args_main.c.obj (.text:_args_main)
                  000196d0    00000018                                 : vsnprintf.c.obj (.text:_outc)
                  000196e8    00000018                                 : s_copysignf.c.obj (.text:copysignf)
                  00019700    00000018     gtrackAlloc.oer4f (.text:gtrack_alloc)
                  00019718    00000018     libmmwavelink_xwr16xx.aer4f : rl_device.oer4f (.text:rlDeviceGetRfVersion)
                  00019730    00000018                                 : rl_driver.oer4f (.text:rlDriverCalCRC)
                  00019748    00000018                                 : rl_driver.oer4f (.text:rlDriverFillPayload)
                  00019760    00000018                                 : rl_driver.oer4f (.text:rlDriverIsDeviceMapValid)
                  00019778    00000018     rtsv7R4_T_le_v3D16_eabi.lib : strcmp.c.obj (.text:strcmp)
                  00019790    00000018     sysbios.aer4f : BIOS.obj (.text:ti_sysbios_BIOS_setThreadType__E)
                  000197a8    00000008                   : BIOS.obj (.tramp.ti_sysbios_knl_Semaphore_post__E.1)
                  000197b0    00000018                   : BIOS.obj (.text:ti_sysbios_BIOS_start__E)
                  000197c8    00000018                   : BIOS.obj (.text:ti_sysbios_family_arm_v7a_Pmu_initCounters__I)
                  000197e0    00000018                   : BIOS.obj (.text:ti_sysbios_hal_Hwi_Module_startup__E)
                  000197f8    00000018     mss_mmw_per4f.oer4f (.text:ti_sysbios_heaps_HeapBuf_Object__get__S)
                  00019810    00000018     sysbios.aer4f : BIOS.obj (.text:ti_sysbios_knl_Idle_loop__E)
                  00019828    00000008                   : BIOS.obj (.tramp.xdc_runtime_Assert_raise__I.1)
                  00019830    00000018                   : BIOS.obj (.text:ti_sysbios_knl_Queue_empty__E)
                  00019848    00000008     --HOLE-- [fill = 0]
                  00019850    00000018                   : BIOS.obj (.text:ti_sysbios_knl_Swi_disable__E)
                  00019868    00000018     mss_mmw_per4f.oer4f (.text:ti_sysbios_knl_Task_Object__get__S)
                  00019880    00000018     sysbios.aer4f : BIOS.obj (.text:ti_sysbios_knl_Task_disable__E)
                  00019898    00000018     mss_mmw_per4f.oer4f (.text:xdc_runtime_Text_visitRope__I)
                  000198b0    00000016     rtsv7R4_T_le_v3D16_eabi.lib : strchr.c.obj (.text:strchr)
                  000198c6    00000016                                 : strlen.c.obj (.text:strlen)
                  000198dc    00000014     libosal_xwr16xx.aer4f : HwiP_tirtos.oer4f (.text:HwiP_Params_init)
                  000198f0    00000014     libmmwave_xwr16xx.aer4f : mmwave_fullcfg.oer4f (.text:MMWave_internalDelBpmChirp)
                  00019904    00000014                             : mmwave_fullcfg.oer4f (.text:MMWave_internalDelProfile)
                  00019918    00000014                             : mmwave_osal.oer4f (.text:MMWave_osalMutexDelete)
                  0001992c    00000014                             : mmwave_osal.oer4f (.text:MMWave_osalSemDelete)
                  00019940    00000014     libpinmux_xwr16xx.aer4f : pinmux.oer4f (.text:Pinmux_Lock)
                  00019954    00000014     libuart_xwr16xx.aer4f : uartsci.oer4f (.text:UartSci_disableTxDMA)
                  00019968    00000014                           : uartsci.oer4f (.text:UartSci_enableTxDMA)
                  0001997c    00000014     libosal_xwr16xx.aer4f : DebugP_tirtos.oer4f (.text:_DebugP_assert)
                  00019990    00000014     libmmwavelink_xwr16xx.aer4f : rl_controller.oer4f (.text:rlAppendDummy)
                  000199a4    00000014     rtsv7R4_T_le_v3D16_eabi.lib : strcpy.c.obj (.text:strcpy)
                  000199b8    00000008     --HOLE-- [fill = 0]
                  000199c0    00000014     sysbios.aer4f : BIOS.obj (.text:ti_sysbios_family_arm_TaskSupport_checkStack__E)
                  000199d4    0000000c     rtsv7R4_T_le_v3D16_eabi.lib : memset_t2.asm.obj (.tramp.memset.1)
                  000199e0    00000014     sysbios.aer4f : BIOS.obj (.text:ti_sysbios_family_arm_v7r_vim_Hwi_switchFromBootStack__E)
                  000199f4    0000000c     rtsv7R4_T_le_v3D16_eabi.lib : cpy_tbl.c.obj (.tramp.copy_in.1)
                  00019a00    00000014     sysbios.aer4f : BIOS.obj (.text:ti_sysbios_gates_GateMutex_Instance_finalize__E)
                  00019a14    0000000c     --HOLE-- [fill = 0]
                  00019a20    00000014                   : BIOS.obj (.text:ti_sysbios_knl_Semaphore_Instance_finalize__E)
                  00019a34    00000014     mss_mmw_per4f.oer4f (.text:xdc_runtime_IHeap_alloc)
                  00019a48    00000014     mss_mmw_per4f.oer4f (.text:xdc_runtime_IHeap_free)
                  00019a5c    00000004     --HOLE-- [fill = 0]
                  00019a60    00000014     sysbios.aer4f : BIOS.obj (.text:xdc_runtime_Memory_free__E)
                  00019a74    00000012     libcrc_xwr16xx.aer4f : crc.oer4f (.text:CRC_initConfigParams)
                  00019a86    00000012     libosal_xwr16xx.aer4f : MemoryP_tirtos.oer4f (.text:MemoryP_ctrlAlloc)
                  00019a98    00000012                           : SemaphoreP_tirtos.oer4f (.text:SemaphoreP_pend)
                  00019aaa    00000012     rtsv7R4_T_le_v3D16_eabi.lib : wcslen.c.obj (.text:wcslen)
                  00019abc    00000010     libcrc_xwr16xx.aer4f : crc.oer4f (.text:CRC_getSignatureRegister)
                  00019acc    00000010     libdma_xwr16xx.aer4f : dma.oer4f (.text:DMA_Params_init)
                  00019adc    00000010     libmmwave_xwr16xx.aer4f : mmwave_xwr16xx.oer4f (.text:MMWave_deviceGetDeviceInfo)
                  00019aec    00000010     mss_main.oer4f (.text:MmwDemo_mboxCallback)
                  00019afc    00000010     mss_main.oer4f (.text:MmwDemo_mssMmwaveConfigCallbackFxn)
                  00019b0c    00000010     mss_main.oer4f (.text:MmwDemo_mssMmwaveStartCallbackFxn)
                  00019b1c    00000010     mss_main.oer4f (.text:MmwDemo_mssMmwaveStopCallbackFxn)
                  00019b2c    00000010     gtrackAlloc.oer4f (.text:gtrack_free)
                  00019b3c    00000004     --HOLE-- [fill = 0]
                  00019b40    00000010     sysbios.aer4f : BIOS.obj (.text:ti_sysbios_family_arm_TaskSupport_getStackAlignment__E)
                  00019b50    00000010                   : BIOS.obj (.text:ti_sysbios_family_arm_exc_Exception_Module_startup__E)
                  00019b60    00000010                   : BIOS.obj (.text:ti_sysbios_family_arm_v7a_Pmu_disableInterruptI__E)
                  00019b70    00000010                   : BIOS.obj (.text:ti_sysbios_family_arm_v7a_Pmu_enableInterruptI__E)
                  00019b80    00000010                   : BIOS.obj (.text:ti_sysbios_family_arm_v7a_Pmu_getNumCounters__E)
                  00019b90    00000010                   : BIOS.obj (.text:ti_sysbios_family_arm_v7a_Pmu_startCounterI__E)
                  00019ba0    00000010                   : BIOS.obj (.text:ti_sysbios_family_arm_v7a_Pmu_stopCounterI__E)
                  00019bb0    00000010     mss_mmw_per4f.oer4f (.text:ti_sysbios_family_arm_v7r_vim_Hwi_Params__init__S)
                  00019bc0    00000010     mss_mmw_per4f.oer4f (.text:ti_sysbios_knl_Queue_Object__get__S)
                  00019bd0    00000010     mss_mmw_per4f.oer4f (.text:ti_sysbios_knl_Semaphore_Params__init__S)
                  00019be0    00000010     mss_mmw_per4f.oer4f (.text:ti_sysbios_knl_Task_Params__init__S)
                  00019bf0    00000010     sysbios.aer4f : BIOS.obj (.text:xdc_runtime_Startup_rtsDone__E)
                  00019c00    0000000e     rtsv7R4_T_le_v3D16_eabi.lib : copy_decompress_none.c.obj (.text:decompress:none:__TI_decompress_none)
                  00019c0e    00000002     --HOLE-- [fill = 0]
                  00019c10    0000000c     sysbios.aer4f : BIOS.obj (.text:ti_sysbios_family_arm_v7r_vim_Hwi_startup__E)
                  00019c1c    00000004     --HOLE-- [fill = 0]
                  00019c20    0000000c                   : BIOS.obj (.text:ti_sysbios_gates_GateHwi_enter__E)
                  00019c2c    00000004     --HOLE-- [fill = 0]
                  00019c30    0000000c                   : BIOS.obj (.text:ti_sysbios_knl_Queue_Instance_init__E)
                  00019c3c    00000004     --HOLE-- [fill = 0]
                  00019c40    0000000c                   : BIOS.obj (.text:xdc_runtime_SysStd_exit__E)
                  00019c4c    00000004     --HOLE-- [fill = 0]
                  00019c50    00000008                   : BIOS.obj (.text:ti_sysbios_gates_GateHwi_leave__E)
                  00019c58    00000008     --HOLE-- [fill = 0]
                  00019c60    00000008                   : BIOS.obj (.text:ti_sysbios_gates_GateHwi_query__E)
                  00019c68    00000008     --HOLE-- [fill = 0]
                  00019c70    00000008                   : BIOS.obj (.text:ti_sysbios_gates_GateMutex_query__E)
                  00019c78    00000008     --HOLE-- [fill = 0]
                  00019c80    00000008                   : BIOS.obj (.text:ti_sysbios_heaps_HeapMem_isBlocking__E)
                  00019c88    00000008     --HOLE-- [fill = 0]
                  00019c90    00000008                   : BIOS.obj (.text:ti_sysbios_timers_rti_Timer_getMaxTicks__E)
                  00019c98    00000008     --HOLE-- [fill = 0]
                  00019ca0    00000008                   : BIOS.obj (.text:xdc_runtime_SysStd_ready__E)
                  00019ca8    00000008     --HOLE-- [fill = 0]
                  00019cb0    00000008                   : BIOS.obj (.text:xdc_runtime_System_Module_startup__E)
                  00019cb8    00000008     --HOLE-- [fill = 0]
                  00019cc0    00000004                   : BIOS.obj (.text:ti_sysbios_BIOS_linkedWithIncorrectBootLibrary__E)
[...]
0001c91c  ti_sysbios_knl_Clock_Module_State_clockQ__O                          
0001c920  ti_sysbios_knl_Clock_Module__diagsEnabled__C                         
0001c924  ti_sysbios_knl_Clock_Module__diagsIncluded__C                        
0001c928  ti_sysbios_knl_Clock_Module__diagsMask__C                            
0001c92c  ti_sysbios_knl_Clock_Module__loggerFxn1__C                           
0001c930  ti_sysbios_knl_Clock_Module__loggerFxn2__C                           
0001c934  ti_sysbios_knl_Clock_Module__loggerObj__C                            
0001c938  ti_sysbios_knl_Event_A_badContext__C                                 
0001c93c  ti_sysbios_knl_Event_A_eventInUse__C                                 
0001c940  ti_sysbios_knl_Event_A_nullEventId__C                                
0001c944  ti_sysbios_knl_Event_A_nullEventMasks__C                             
0001c948  ti_sysbios_knl_Event_A_pendTaskDisabled__C                           
0001c94c  ti_sysbios_knl_Event_Instance_State_pendQ__O                         
0001c950  ti_sysbios_knl_Event_LM_pend__C                                      
0001c954  ti_sysbios_knl_Event_LM_post__C                                      
0001c958  ti_sysbios_knl_Event_Module__diagsEnabled__C                         
0001c95c  ti_sysbios_knl_Event_Module__diagsIncluded__C                        
0001c960  ti_sysbios_knl_Event_Module__diagsMask__C                            
0001c964  ti_sysbios_knl_Event_Module__loggerFxn4__C                           
0001c968  ti_sysbios_knl_Event_Module__loggerFxn8__C                           
0001c96c  ti_sysbios_knl_Event_Module__loggerObj__C                            
0001c970  ti_sysbios_knl_Idle_funcList__A                                      
0001c974  ti_sysbios_knl_Semaphore_A_badContext__C                             
0001c978  ti_sysbios_knl_Semaphore_A_noEvents__C                               
0001c97c  ti_sysbios_knl_Semaphore_A_overflow__C                               
0001c980  ti_sysbios_knl_Semaphore_A_pendTaskDisabled__C                       
0001c984  ti_sysbios_knl_Semaphore_Instance_State_pendQ__O                     
0001c988  ti_sysbios_knl_Semaphore_LM_pend__C                                  
0001c98c  ti_sysbios_knl_Semaphore_LM_post__C                                  
0001c990  ti_sysbios_knl_Semaphore_Module__diagsEnabled__C                     
0001c994  ti_sysbios_knl_Semaphore_Module__diagsIncluded__C                    
0001c998  ti_sysbios_knl_Semaphore_Module__diagsMask__C                        
0001c99c  ti_sysbios_knl_Semaphore_Module__loggerFxn2__C                       
0001c9a0  ti_sysbios_knl_Semaphore_Module__loggerFxn4__C                       
0001c9a4  ti_sysbios_knl_Semaphore_Module__loggerObj__C                        
0001c9a8  ti_sysbios_knl_Swi_LD_end__C                                         
0001c9ac  ti_sysbios_knl_Swi_LM_begin__C                                       
0001c9b0  ti_sysbios_knl_Swi_LM_post__C                                        
0001c9b4  ti_sysbios_knl_Swi_Module__diagsEnabled__C                           
0001c9b8  ti_sysbios_knl_Swi_Module__diagsIncluded__C                          
0001c9bc  ti_sysbios_knl_Swi_Module__diagsMask__C                              
0001c9c0  ti_sysbios_knl_Swi_Module__loggerFxn1__C                             
0001c9c4  ti_sysbios_knl_Swi_Module__loggerFxn4__C                             
0001c9c8  ti_sysbios_knl_Swi_Module__loggerObj__C                              
0001c9cc  ti_sysbios_knl_Swi_Object__count__C                                  
0001c9d0  ti_sysbios_knl_Task_A_badPriority__C                                 
0001c9d4  ti_sysbios_knl_Task_A_badTaskState__C                                
0001c9d8  ti_sysbios_knl_Task_A_badThreadType__C                               
0001c9dc  ti_sysbios_knl_Task_A_badTimeout__C                                  
0001c9e0  ti_sysbios_knl_Task_A_noPendElem__C                                  
0001c9e4  ti_sysbios_knl_Task_A_sleepTaskDisabled__C                           
0001c9e8  ti_sysbios_knl_Task_E_spOutOfBounds__C                               
0001c9ec  ti_sysbios_knl_Task_E_stackOverflow__C                               
0001c9f0  ti_sysbios_knl_Task_LD_block__C                                      
0001c9f4  ti_sysbios_knl_Task_LD_exit__C                                       
0001c9f8  ti_sysbios_knl_Task_LD_ready__C                                      
0001c9fc  ti_sysbios_knl_Task_LM_sleep__C                                      
0001ca00  ti_sysbios_knl_Task_LM_switch__C                                     
0001ca04  ti_sysbios_knl_Task_Module_State_inactiveQ__O                        
0001ca08  ti_sysbios_knl_Task_Module__diagsEnabled__C                          
0001ca0c  ti_sysbios_knl_Task_Module__diagsIncluded__C                         
0001ca10  ti_sysbios_knl_Task_Module__diagsMask__C                             
0001ca14  ti_sysbios_knl_Task_Module__loggerFxn2__C                            
0001ca18  ti_sysbios_knl_Task_Module__loggerFxn4__C                            
0001ca1c  ti_sysbios_knl_Task_Module__loggerObj__C                             
0001ca20  ti_sysbios_knl_Task_Object__count__C                                 
0001ca24  ti_sysbios_knl_Task_allBlockedFunc__C                                
0001ca28  ti_sysbios_knl_Task_defaultStackHeap__C                              
0001ca2c  ti_sysbios_knl_Task_defaultStackSize__C                              
0001ca30  ti_sysbios_knl_Task_numConstructedTasks__C                           
0001ca34  ti_sysbios_timers_rti_Timer_E_cannotSupport__C                       
0001ca38  ti_sysbios_timers_rti_Timer_Module__diagsEnabled__C                  
0001ca3c  ti_sysbios_timers_rti_Timer_Module__diagsIncluded__C                 
0001ca40  ti_sysbios_timers_rti_Timer_Module__diagsMask__C                     
0001ca44  ti_sysbios_timers_rti_Timer_numTimerDevices__C                       
0001ca48  ti_sysbios_timers_rti_Timer_startupNeeded__C                         
0001ca4c  xdc_runtime_Assert_E_assertFailed__C                                 
0001ca50  xdc_runtime_Core_A_initializedParams__C                              
0001ca54  xdc_runtime_Core_Module__diagsEnabled__C                             
0001ca58  xdc_runtime_Core_Module__diagsIncluded__C                            
0001ca5c  xdc_runtime_Core_Module__diagsMask__C                                
0001ca60  xdc_runtime_Error_E_memory__C                                        
0001ca64  xdc_runtime_Error_Module__diagsEnabled__C                            
0001ca68  xdc_runtime_Error_Module__diagsIncluded__C                           
0001ca6c  xdc_runtime_Error_Module__diagsMask__C                               
0001ca70  xdc_runtime_Error_Module__loggerFxn8__C                              
0001ca74  xdc_runtime_Error_Module__loggerObj__C                               
0001ca78  xdc_runtime_Error_policyFxn__C                                       
0001ca7c  xdc_runtime_Error_policy__C                                          
0001ca80  xdc_runtime_Error_raiseHook__C                                       
0001ca84  xdc_runtime_IGateProvider_Interface__BASE__C                         
0001ca88  xdc_runtime_IHeap_Interface__BASE__C                                 
0001ca8c  xdc_runtime_IModule_Interface__BASE__C                               
0001ca90  xdc_runtime_Log_L_error__C                                           
0001ca94  xdc_runtime_Memory_defaultHeapInstance__C                            
0001ca98  xdc_runtime_Startup_execImpl__C                                      
0001ca9c  xdc_runtime_Startup_maxPasses__C                                     
0001caa0  xdc_runtime_Startup_sfxnRts__C                                       
0001caa4  xdc_runtime_Startup_sfxnTab__C                                       
0001caa8  xdc_runtime_System_Module__gateObj__C                                
0001caac  xdc_runtime_System_abortFxn__C                                       
0001cab0  xdc_runtime_System_exitFxn__C                                        
0001cab4  xdc_runtime_System_extendFxn__C                                      
0001cab8  xdc_runtime_System_maxAtexitHandlers__C                              
0001cabc  xdc_runtime_Text_charTab__C                                          
0001cac0  xdc_runtime_Text_nameEmpty__C                                        
0001cac4  xdc_runtime_Text_nameStatic__C                                       
0001cac8  xdc_runtime_Text_nameUnknown__C                                      
0001cacc  xdc_runtime_Text_nodeTab__C                                          
0001cad0  xdc_runtime_Text_visitRopeFxn__C                                     
0001cad4  ti_sysbios_family_arm_v7r_vim_Hwi_Module__id__C                      
0001cad6  ti_sysbios_family_arm_v7r_vim_Hwi_Module__loggerDefined__C           
0001cad8  ti_sysbios_gates_GateMutex_Module__id__C                             
0001cada  ti_sysbios_hal_Hwi_Module__id__C                                     
0001cadc  ti_sysbios_heaps_HeapMem_Module__id__C                               
0001cade  ti_sysbios_knl_Clock_Module__id__C                                   
0001cae0  ti_sysbios_knl_Clock_Module__loggerDefined__C                        
0001cae2  ti_sysbios_knl_Event_Module__id__C                                   
0001cae4  ti_sysbios_knl_Event_Module__loggerDefined__C                        
0001cae6  ti_sysbios_knl_Semaphore_Module__id__C                               
0001cae8  ti_sysbios_knl_Semaphore_Module__loggerDefined__C                    
0001caea  ti_sysbios_knl_Swi_Module__id__C                                     
0001caec  ti_sysbios_knl_Swi_Module__loggerDefined__C                          
0001caee  ti_sysbios_knl_Task_Module__id__C                                    
0001caf0  ti_sysbios_knl_Task_Module__loggerDefined__C                         
0001caf2  ti_sysbios_timers_rti_Timer_Module__id__C                            
0001caf4  ti_sysbios_timers_rti_Timer_continueOnSuspend__C                     
0001caf6  xdc_runtime_Core_Module__id__C                                       
0001caf8  xdc_runtime_Error_Module__loggerDefined__C                           
0001cafa  xdc_runtime_Error_maxDepth__C                                        
0001cafc  xdc_runtime_Main_Module__id__C                                       
0001cafe  xdc_runtime_Memory_Module__id__C                                     
0001cb00  xdc_runtime_Text_charCnt__C                                          
0001cb02  xdc_runtime_Text_isLoaded__C                                         
0001cb04  xdc_runtime_Text_registryModsLastId__C                               
0001cb06  xdc_runtime_Text_unnamedModsLastId__C                                
0001cb08  __TI_static_base__                                                   
0001cf48  __TI_Handler_Table_Base                                              
0001cf54  __TI_Handler_Table_Limit                                             
0001cf70  __TI_CINIT_Base                                                      
0001cf90  __TI_CINIT_Limit                                                     
08000000  ti_sysbios_heaps_HeapMem_Instance_State_0_buf__A                     
08010000  gMmwMssMCB                                                           
08011a30  ti_sysbios_family_arm_exc_Exception_Module_State_0_excStack_0__A     
08012a30  ti_sysbios_knl_Task_Instance_State_0_stack__A                        
08013230  gCLI                                                                 
080133d4  gGPIOMCB                                                             
08013568  __CIOBUF_                                                            
08013688  gMMWave_MCB                                                          
08013784  __TI_tmpnams                                                         
08013824  gEsmMCB                                                              
08013894  gDMADriverPtr                                                        
0801389c  gMMWave_XWR16xxMCB                                                   
080138a4  parmbuf                                                              
080138ac  rl_txMsg                                                             
080139ac  rl_rxMsg                                                             
08013c90  gCLIMMWaveOpenCfg                                                    
08013cb4  partInfoStringArray                                                  
08013d54  gCLIMMWaveExtensionTable                                             
08013dfc  gCLIMMWaveControlCfg                                                 
08013ec8  ti_sysbios_family_arm_v7r_vim_Hwi_Module_State_0_dispatchTable__A    
080140c8  _ftable                                                              
080141b8  appStateParamTable                                                   
080141cc  appVariationParamTable                                               
080141e4  appSceneryParamTable                                                 
08014204  appGatingParamTable                                                  
08014224  appAllocationParamTable                                              
0801424c  ti_sysbios_knl_Swi_Module_State_0_readyQ__A                          
080142cc  ti_sysbios_knl_Task_Module_State_0_readyQ__A                         
0801434c  _device                                                              
080143c4  ti_sysbios_knl_Task_Object__table__V                                 
08014420  gDMAHwCfg                                                            
08014478  gUartSciHwCfg                                                        
080144d0  _stream                                                              
08014520  gMailboxMCB                                                          
08014570  ti_sysbios_knl_Task_Module__state__V                                 
080145b8  SOC_TranslateAddr_LUT                                                
080145f8  ti_sysbios_gates_GateMutex_Object__table__V                          
08014638  ti_sysbios_timers_rti_Timer_Object__table__V                         
08014674  ti_sysbios_family_arm_v7r_vim_Hwi_Module__state__V                   
080146a8  ti_sysbios_knl_Swi_Object__table__V                                  
080146d8  ti_sysbios_family_arm_v7r_vim_Hwi_Object__table__V                   
08014704  ti_sysbios_knl_Clock_Module__state__V                                
08014730  gUartSciFxnTable                                                     
08014758  UART_config                                                          
0801477c  ti_sysbios_BIOS_Module__state__V                                     
080147a0  xdc_runtime_Error_IgnoreBlock                                        
080147c0  xdc_runtime_System_Module_State_0_atexitHandlers__A                  
080147e0  ti_sysbios_knl_Swi_Module__state__V                                  
080147fc  gMailboxMssBssHwCfg                                                  
08014814  gMailboxMssDssHwCfg                                                  
0801482c  ti_sysbios_heaps_HeapMem_Object__table__V                            
08014844  ti_sysbios_timers_rti_Timer_Module_State_0_device__A                 
0801485c  gSOCHwAttrib                                                         
08014870  ti_sysbios_family_arm_exc_Exception_Module__state__V                 
08014884  DMA_defaultParams                                                    
08014894  __TI_ft_end                                                          
08014898  __aeabi_stdin                                                        
0801489c  __aeabi_stdout                                                       
080148a0  __aeabi_stderr                                                       
080148a4  ti_sysbios_timers_rti_Timer_Module_State_0_intFreqs__A               
080148b4  ti_sysbios_timers_rti_Timer_Module__state__V                         
080148c4  __TI_cleanup_ptr                                                     
080148c8  __TI_dtors_ptr                                                       
080148cc  __TI_enable_exit_profile_output                                      
080148d0  gESMHwCfgAttrs                                                       
080148dc  ti_sysbios_family_arm_v7a_Pmu_Module__state__V                       
080148e8  _lock                                                                
080148ec  _unlock                                                              
080148f0  gGPIOHwAtrrib                                                        
080148f8  ti_sysbios_family_arm_v7r_vim_Hwi_Module__root__V                    
08014900  ti_sysbios_gates_GateHwi_Module__root__V                             
08014908  ti_sysbios_gates_GateMutex_Module__root__V                           
08014910  ti_sysbios_hal_Hwi_Object__table__V                                  
08014918  ti_sysbios_heaps_HeapMem_Module__root__V                             
08014920  ti_sysbios_knl_Event_Module__root__V                                 
08014928  ti_sysbios_knl_Queue_Module__root__V                                 
08014930  ti_sysbios_knl_Semaphore_Module__root__V                             
08014938  ti_sysbios_knl_Task_Module__root__V                                  
08014940  ti_sysbios_timers_rti_Timer_Module_State_0_handles__A                
08014948  xdc_runtime_Registry_Module__state__V                                
08014950  xdc_runtime_Startup_Module__state__V                                 
08014958  xdc_runtime_System_Module__state__V                                  
08014960  memoryBytesUsed                                                      
08014964  gCRCRegister                                                         
08014968  gPinmuxRegs                                                          
08014970  errno                                                                
08014974  main_func_sp                                                         
0801497c  ti_sysbios_family_arm_exc_Exception_Module_State_0_excContext__A     
08014980  ti_sysbios_family_arm_exc_Exception_Module_State_0_excStackBuffers__A
08014984  ti_sysbios_family_arm_exc_Exception_Module_State_0_excStack__A       
08014988  ti_sysbios_gates_GateHwi_Object__table__V                            
0801498c  ti_sysbios_heaps_HeapBuf_Module__state__V                            
08014990  ti_sysbios_knl_Task_Module_State_0_idleTask__A                       
08014994  xdc_runtime_Memory_Module__state__V                                  
08014998  ti_sysbios_family_arm_exc_Exception_Module_State_0_excActive__A      
0801499a  xdc_runtime_Error_Module__state__V                                   
080149a0  ti_sysbios_family_arm_v7r_vim_Hwi_Module_State_0_fiqStack__A         
080159a0  __stack                                                              
080169a0  __STACK_END                                                          
fffffdec  ti_sysbios_family_arm_v7r_vim_Hwi_vim                                
ffffffff  __TI_pprof_out_hndl                                                  
ffffffff  __TI_prof_data_size                                                  
ffffffff  __TI_prof_data_start                                                 
ffffffff  __binit__                                                            
ffffffff  __c_args__                                                           
ffffffff  binit                                                                
UNDEFED   SHT$$INIT_ARRAY$$Base                                                
UNDEFED   SHT$$INIT_ARRAY$$Limit                                               

[985 symbols]
