******************************************************************************
               TMS320C6x Linker PC v8.3.2                      
******************************************************************************
>> Linked Thu May 16 16:50:07 2019

OUTPUT FILE NAME:   <xwr16xx_pplcount_dss.xe674>
ENTRY POINT SYMBOL: "_c_int00"  address: 007fcac0


MEMORY CONFIGURATION

         name            origin    length      used     unused   attr    fill
----------------------  --------  ---------  --------  --------  ----  --------
PAGE 0:
  L2SRAM_UMAP1          007e0000   00020000  00020000  00000000  RWIX
  L2SRAM_UMAP0          00800000   00020000  00016849  000097b7  RWIX
  L1PSRAM               00e00000   00007000  00005920  000016e0  RWIX
  L1DSRAM               00f00000   00004000  00004000  00000000  RWIX
  L3SRAM                20000000   000a0000  0000ae60  000951a0  RWIX
  HSRAM                 21080000   00008000  00002018  00005fe8  RWIX

PAGE 1:
  L3SRAM                20000000   000a0000  000a0000  00000000  RWIX


SEGMENT ALLOCATION MAP

run origin  load origin   length   init length attrs members
----------  ----------- ---------- ----------- ----- -------
007e0000    007e0000    00022020   00022020    r-x
  007e0000    007e0000    00000200   00000200    r-x .vecs
  007e0200    007e0200    0001fe00   0001fe00    r-x .text.1
  00800000    00800000    00002020   00002020    r-x .text.2
00802020    00802020    00011230   00000000    rw-
  00802020    00802020    0000b000   00000000    rw- .l2data
  0080d020    0080d020    00004000   00000000    rw- systemHeap
  00811020    00811020    00002230   00000000    rw- .far
00813250    00813250    00001db1   00001db1    r--
  00813250    00813250    00001db1   00001db1    r-- .const
00815008    00815008    00001560   00001144    rw-
  00815008    00815008    00001144   00001144    rw- .fardata
  00816150    00816150    00000418   00000000    rw- .stack
00816568    00816568    000001a8   000001a8    r--
  00816568    00816568    000001a8   000001a8    r-- .switch
00816710    00816710    00000120   00000000    rw-
  00816710    00816710    00000120   00000000    rw- .cio
00816830    00816830    00000014   00000014    rw-
  00816830    00816830    00000014   00000014    rw- .neardata
00816848    00816848    00000010   00000010    r--
  00816848    00816848    00000010   00000010    r-- .ovly
00e00000    20000000    00005920   00005920    r-x
  00e00000    20000000    00005920   00005920    r-x .fastCode
00f00000    00f00000    00004000   00000000    rw-
  00f00000    00f00000    00004000   00000000    rw- .l1data
20005920    20005920    00005540   00005540    r-x
  20005920    20005920    00005540   00005540    r-x .overlay
21080000    21080000    00002018   00000000    rw-
  21080000    21080000    00002018   00000000    rw- .hsramdata
20000000    20000000    000a0000   00000000    rw-
  20000000    20000000    000a0000   00000000    rw- .l3data


SECTION ALLOCATION MAP

 output                                  attributes/
section   page    origin      length       input sections
--------  ----  ----------  ----------   ----------------
.vecs      0    007e0000    00000200     
                  007e0000    00000200     dss_mmw_pe674.oe674 (.vecs)

.text.1    0    007e0200    0001fe00     
                  007e0200    00002040     rts6740_elf.lib : _printfi.c.obj (.text:__TI_printfi)
                  007e2240    00001020     RADARDEMO_aoaEstCaponBF_DopplerEst.oe674 (.text:RADARDEMO_aoaEstCaponBF_dopperEstInput)
                  007e3260    000008a0     ti.targets.rts6000.ae674 : System.oe674 (.text:xdc_runtime_System_doPrint__I)
                  007e3b00    000007e0     sysbios.ae674 : BIOS.obj (.text:ti_sysbios_knl_Event_pend__E)
                  007e42e0    00000780                   : BIOS.obj (.text:ti_sysbios_family_c64p_Exception_handler__I)
                  007e4a60    00000760                   : BIOS.obj (.text:ti_sysbios_knl_Semaphore_pend__E)
                  007e51c0    000006e0     dss_main.oe674 (.text:MmwDemo_dssDataPathTask)
                  007e58a0    00000660     dss_data_path.oe674 (.text:MmwDemo_initConfigStruct)
                  007e5f00    00000660     rts6740_elf.lib : _printfi.c.obj (.text:_pconv_a)
                  007e6560    00000620     sysbios.ae674 : BIOS.obj (.text:ti_sysbios_heaps_HeapMem_allocUnprotected__E)
                  007e6b80    000005e0     rts6740_elf.lib : divd.c.obj (.text:__c6xabi_divd)
                  007e7160    000005c0     sysbios.ae674 : BIOS.obj (.text:ti_sysbios_heaps_HeapMem_freeUnprotected__E)
                  007e7720    000005a0     dss_data_path.oe674 (.text:MmwDemo_dataPathConfigEdma)
                  007e7cc0    00000540     sysbios.ae674 : BIOS.obj (.text:ti_sysbios_knl_Task_Instance_finalize__E)
                  007e8200    000004a0     libmmwave_xwr16xx.ae674 : mmwave_xwr16xx.oe674 (.text:MMWave_deviceExecuteFxn)
                  007e86a0    00000480     sysbios.ae674 : BIOS.obj (.text:ti_sysbios_knl_Task_sleep__E)
                  007e8b20    00000440                   : BIOS.obj (.text:ti_sysbios_timers_rti_Timer_Module_startup__E)
                  007e8f60    00000420     libmailbox_xwr16xx.ae674 : mailbox.oe674 (.text:Mailbox_open)
                  007e9380    00000400     rts6740_elf.lib : _printfi.c.obj (.text:_pconv_g)
                  007e9780    000003c0     sysbios.ae674 : BIOS.obj (.text:ti_sysbios_knl_Task_Instance_init__E)
                  007e9b40    000003a0     libadcbuf_xwr16xx.ae674 : adcbuf_mmwave.oe674 (.text:ADCBUF_MMWave_control)
                  007e9ee0    000003a0     dsplib.ae674 : DSPF_sp_fftSPxSP.oe674 (.text:optimized)
                  007ea280    000003a0     sysbios.ae674 : BIOS.obj (.text:ti_sysbios_family_c64p_Cache_Module_startup__E)
                  007ea620    00000380                   : BIOS.obj (.text:ti_sysbios_knl_Task_Module_startup__E)
                  007ea9a0    00000360     libcrc_xwr16xx.ae674 : crc.oe674 (.text:CRC_open)
                  007ead00    00000360     dss_data_path.oe674 (.text:MmwDemo_dataPathConfigBuffers)
                  007eb060    00000360     libmmwavelink_xwr16xx.ae674 : rl_driver.oe674 (.text:rlDriverRxHdrRead)
                  007eb3c0    00000360     sysbios.ae674 : BIOS.obj (.text:ti_sysbios_knl_Event_post__E)
                  007eb720    00000320     libuart_xwr16xx.ae674 : uartsci.oe674 (.text:UartSci_open)
                  007eba40    00000320     rts6740_elf.lib : cos.c.obj (.text:cos)
                  007ebd60    00000320                     : fputs.c.obj (.text:fputs)
                  007ec080    00000320     sysbios.ae674 : BIOS.obj (.text:ti_sysbios_knl_Semaphore_post__E)
                  007ec3a0    000002e0     libedma_xwr16xx.ae674 : edma.oe674 (.text:EDMA_error_isr)
                  007ec680    000002e0     libmmwavelink_xwr16xx.ae674 : rl_driver.oe674 (.text:rlDriverCmdInvoke)
                  007ec960    000002e0     rts6740_elf.lib : sin.c.obj (.text:sin)
                  007ecc40    000002e0     sysbios.ae674 : BIOS.obj (.text:ti_sysbios_heaps_HeapMem_Instance_init__E)
                  007ecf20    000002c0                   : BIOS.obj (.text:ti_sysbios_knl_Clock_workFunc__E)
                  007ed1e0    000002a0     libcrc_xwr16xx.ae674 : crc.oe674 (.text:CRC_computeSignature)
                  007ed480    000002a0     rts6740_elf.lib : _printfi.c.obj (.text:_pconv_e)
                  007ed720    000002a0                     : _printfi.c.obj (.text:fcvt)
                  007ed9c0    00000280     libedma_xwr16xx.ae674 : edma.oe674 (.text:EDMA_configChannel)
                  007edc40    00000280     dss_main.oe674 (.text:MmwDemo_dssDataPathConfig)
                  007edec0    00000280     rts6740_elf.lib : divf.c.obj (.text:__c6xabi_divf)
                  007ee140    00000260     libedma_xwr16xx.ae674 : edma.oe674 (.text:EDMA_open)
                  007ee3a0    00000260     rts6740_elf.lib : imath64.c.obj (.text:__c6xabi_divull)
                  007ee600    00000260     libmmwavelink_xwr16xx.ae674 : rl_driver.oe674 (.text:rlDriverMsgRead)
                  007ee860    00000260     ti.targets.rts6000.ae674 : Startup.oe674 (.text:xdc_runtime_Startup_startMods__I)
                  007eeac0    00000240     libedma_xwr16xx.ae674 : edma.oe674 (.text:EDMA_configErrorMonitoring)
                  007eed00    00000240     libmmwave_xwr16xx.ae674 : mmwave_link.oe674 (.text:MMWave_startLink)
                  007eef40    00000240     dss_main.oe674 (.text:MmwDemo_dssDataPathInit)
                  007ef180    00000240     libuart_xwr16xx.ae674 : uartsci.oe674 (.text:UartSci_ISR)
                  007ef3c0    00000240     libmmwavelink_xwr16xx.ae674 : rl_driver.oe674 (.text:rlDriverCmdSendRetry)
                  007ef600    00000240                                 : rl_driver.oe674 (.text:rlDriverInit)
                  007ef840    00000240     sysbios.ae674 : BIOS.obj (.text:ti_sysbios_family_c64p_EventCombiner_dispatch__E)
                  007efa80    00000240                   : BIOS.obj (.text:ti_sysbios_family_c64p_Exception_internalHandler__I)
                  007efcc0    00000240                   : BIOS.obj (.text:ti_sysbios_family_c64p_Hwi_dispatchCore__I)
                  007eff00    00000240                   : BIOS.obj (.text:ti_sysbios_timers_rti_Timer_getFreq__E)
                  007f0140    00000240     ti.targets.rts6000.ae674 : Core-mem.oe674 (.text:xdc_runtime_Core_createObject__I)
                  007f0380    00000240     dss_mmw_pe674.oe674 (.text:xdc_runtime_System_printfExtend__I)
                  007f05c0    00000220     libedma_xwr16xx.ae674 : edma.oe674 (.text:EDMA_transferComplete_isr)
                  007f07e0    00000220     libmailbox_xwr16xx.ae674 : mailbox.oe674 (.text:Mailbox_write)
                  007f0a00    00000200     libmmwave_xwr16xx.ae674 : mmwave_link.oe674 (.text:MMWave_initMMWaveLink)
                  007f0c00    00000200     dss_main.oe674 (.text:MmwDemo_mboxReadTask)
                  007f0e00    00000200     rts6740_elf.lib : _printfi.c.obj (.text:_ltostr)
                  007f1000    00000200     sysbios.ae674 : c64p_Hwi_disp_always.obj (.text:_ti_sysbios_family_c64p_Hwi_dispatchAlways)
                  007f1200    00000200     ti.targets.rts6000.ae674 : Error.oe674 (.text:xdc_runtime_Error_policyDefault__E)
                  007f1400    000001e0     libadcbuf_xwr16xx.ae674 : adcbuf_mmwave.oe674 (.text:ADCBUF_MMWave_open)
                  007f15e0    000001e0     libedma_xwr16xx.ae674 : edma.oe674 (.text:EDMA_init)
                  007f17c0    000001e0     libuart_xwr16xx.ae674 : uartsci_edma.oe674 (.text:UartSci_openEDMA)
                  007f19a0    000001e0     libmmwavelink_xwr16xx.ae674 : rl_driver.oe674 (.text:rlDriverRdVerifyMsg)
                  007f1b80    000001e0     sysbios.ae674 : BIOS.obj (.text:ti_sysbios_family_c64p_EventCombiner_dispatchPlug__E)
                  007f1d60    000001e0                   : BIOS.obj (.text:ti_sysbios_gates_GateMutex_enter__E)
                  007f1f40    000001e0     ti.targets.rts6000.ae674 : Text.oe674 (.text:xdc_runtime_Text_putSite__E)
                  007f2120    000001c0     libmmwave_xwr16xx.ae674 : mmwave_xwr16xx.oe674 (.text:MMWave_deviceInitFxn)
                  007f22e0    000001c0     libmailbox_xwr16xx.ae674 : mailbox.oe674 (.text:Mailbox_read)
                  007f24a0    000001c0     libuart_xwr16xx.ae674 : uartsci_edma.oe674 (.text:UartSci_initiateTxEDMA)
                  007f2660    000001c0     rts6740_elf.lib : imath40.c.obj (.text:__c6xabi_divul)
                  007f2820    000001c0                     : fputc.c.obj (.text:fputc)
                  007f29e0    000001c0                     : frexp.c.obj (.text:frexp)
                  007f2ba0    000001c0                     : s_scalbn.c.obj (.text:scalbn)
                  007f2d60    000001c0                     : setvbuf.c.obj (.text:setvbuf)
                  007f2f20    000001c0     sysbios.ae674 : BIOS.obj (.text:ti_sysbios_knl_Task_checkStacks__E)
                  007f30e0    000001c0                   : BIOS.obj (.text:ti_sysbios_knl_Task_exit__E)
                  007f32a0    000001a0     libadcbuf_xwr16xx.ae674 : adcbuf_mmwave.oe674 (.text:ADCBUFTestPatternConfig)
                  007f3440    000001a0     libedma_xwr16xx.ae674 : edma.oe674 (.text:EDMA_paramConfig_assist)
                  007f35e0    000001a0     rts6740_elf.lib : hostrename.c.obj (.text:HOSTrename)
                  007f3780    000001a0     dss_main.oe674 (.text:MmwDemo_edmaBlockCopy)
                  007f3920    000001a0     radarOsal_malloc.oe674 (.text:radarOsal_memAlloc)
                  007f3ac0    000001a0     libmmwavelink_xwr16xx.ae674 : rl_driver.oe674 (.text:rlDriverDeInit)
                  007f3c60    000001a0                                 : rl_driver.oe674 (.text:rlDriverMsgWrite)
                  007f3e00    000001a0     sysbios.ae674 : BIOS.obj (.text:ti_sysbios_family_c64p_Cache_getL2InitSize__I)
                  007f3fa0    000001a0                   : BIOS.obj (.text:ti_sysbios_family_c64p_EventCombiner_disableEvent__E)
                  007f4140    000001a0                   : BIOS.obj (.text:ti_sysbios_family_c64p_EventCombiner_enableEvent__E)
                  007f42e0    000001a0                   : BIOS.obj (.text:ti_sysbios_knl_Task_schedule__I)
                  007f4480    000001a0                   : BIOS.obj (.text:ti_sysbios_timers_rti_Timer_startup__E)
                  007f4620    000001a0     ti.targets.rts6000.ae674 : Core-smem.oe674 (.text:xdc_runtime_Core_constructObject__I)
                  007f47c0    00000180     libadcbuf_xwr16xx.ae674 : adcbuf_mmwave.oe674 (.text:ADCBUFCmdParamCheck)
                  007f4940    00000180     dss_config_edma_util.oe674 (.text:EDMAutil_configType1)
                  007f4ac0    00000180     dss_config_edma_util.oe674 (.text:EDMAutil_configType2a)
                  007f4c40    00000180     libmmwave_xwr16xx.ae674 : mmwave_fullcfg.oe674 (.text:MMWave_flushCfg)
                  007f4dc0    00000180                             : mmwave_fullcfg.oe674 (.text:MMWave_getChirpHandle)
                  007f4f40    00000180                             : mmwave.oe674 (.text:MMWave_start)
                  007f50c0    00000180     sysbios.ae674 : c64p_Exception_asm.obj (.text)
                  007f5240    00000180                   : BIOS.obj (.text:ti_sysbios_knl_Task_startCore__E)
                  007f53c0    00000160     dss_config_edma_util.oe674 (.text:EDMAutil_configType1a)
                  007f5520    00000160     libmmwave_xwr16xx.ae674 : mmwave_link.oe674 (.text:MMWave_asyncEventHandler)
                  007f5680    00000160                             : mmwave_link.oe674 (.text:MMWave_computeCRC)
                  007f57e0    00000160     libmailbox_xwr16xx.ae674 : mailbox.oe674 (.text:Mailbox_close)
                  007f5940    00000160     dss_main.oe674 (.text:MmwDemo_dssSendProcessOutputToMSS)
                  007f5aa0    00000160     libsoc_xwr16xx.ae674 : soc.oe674 (.text:SOC_registerSysIntListener)
                  007f5c00    00000160     libuart_xwr16xx.ae674 : uartsci.oe674 (.text:UartSci_readPolling)
                  007f5d60    00000160                           : uartsci.oe674 (.text:UartSci_writePolling)
                  007f5ec0    00000160     libmmwavelink_xwr16xx.ae674 : rl_driver.oe674 (.text:rlDriverMsgReadCmdCtx)
                  007f6020    00000160                                 : rl_driver.oe674 (.text:rlDriverWaitForResponse)
                  007f6180    00000160     sysbios.ae674 : BIOS.obj (.text:ti_sysbios_family_c64p_Hwi_Module_startup__E)
                  007f62e0    00000160                   : BIOS.obj (.text:ti_sysbios_knl_Task_postInit__I)
                  007f6440    00000160     ti.targets.rts6000.ae674 : Text.oe674 (.text:xdc_runtime_Text_putMod__E)
                  007f65a0    00000140     libedma_xwr16xx.ae674 : edma_low_level.oe674 (.text:EDMA3Init)
                  007f66e0    00000140                           : edma.oe674 (.text:EDMA_transferController_error_isr)
                  007f6820    00000140     libmmwave_xwr16xx.ae674 : mmwave_fullcfg.oe674 (.text:MMWave_addChirp)
                  007f6960    00000140                             : mmwave.oe674 (.text:MMWave_init)
                  007f6aa0    00000140     dss_main.oe674 (.text:MmwDemo_dssDataPathOutputLogging)
                  007f6be0    00000140     libuart_xwr16xx.ae674 : uartsci.oe674 (.text:UartSci_read)
                  007f6d20    00000140                           : uartsci.oe674 (.text:UartSci_write)
                  007f6e60    00000140     libmmwavelink_xwr16xx.ae674 : rl_device.oe674 (.text:rlDevicePowerOn)
                  007f6fa0    00000140                                 : rl_driver.oe674 (.text:rlDriverMsgCmdReply)
                  007f70e0    00000140     sysbios.ae674 : BIOS.obj (.text:ti_sysbios_family_c64p_Cache_getL1DInitSize__I)
                  007f7220    00000140                   : BIOS.obj (.text:ti_sysbios_knl_Semaphore_Instance_init__E)
                  007f7360    00000140                   : BIOS.obj (.text:ti_sysbios_knl_Task_blockI__E)
                  007f74a0    00000140                   : BIOS.obj (.text:ti_sysbios_timers_rti_Timer_initDevice__I)
                  007f75e0    00000140     ti.targets.rts6000.ae674 : Core-mem.oe674 (.text:xdc_runtime_Core_deleteObject__I)
                  007f7720    00000140                              : Text.oe674 (.text:xdc_runtime_Text_putLab__E)
                  007f7860    00000120     libadcbuf_xwr16xx.ae674 : adcbuf_mmwave.oe674 (.text:ADCBUF_MMWave_getChanBufAddr)
                  007f7980    00000120     boot.ae674 : autoinit.oe674 (.text:_auto_init_elf)
                  007f7aa0    00000120     rts6740_elf.lib : _printfi.c.obj (.text:_pconv_f)
                  007f7bc0    00000120                     : getdevice.c.obj (.text:getdevice)
                  007f7ce0    00000120     libmmwavelink_xwr16xx.ae674 : rl_driver.oe674 (.text:rlDriverAsyncEventHandler)
                  007f7e00    00000120     sysbios.ae674 : BIOS.obj (.text:ti_sysbios_knl_Task_unblockI__E)
                  007f7f20    00000100     libmmwave_xwr16xx.ae674 : mmwave_fullcfg.oe674 (.text:MMWave_addBpmChirp)
                  007f8020    00000100                             : mmwave_fullcfg.oe674 (.text:MMWave_addProfile)
                  007f8120    00000100                             : mmwave_fullcfg.oe674 (.text:MMWave_getChirpCfg)
                  007f8220    00000100                             : mmwave_fullcfg.oe674 (.text:MMWave_getProfileHandle)
                  007f8320    00000100     libmailbox_xwr16xx.ae674 : mailbox.oe674 (.text:Mailbox_readFlush)
                  007f8420    00000100     libsoc_xwr16xx.ae674 : soc_xwr16xx_dss.oe674 (.text:SOC_deviceInit)
                  007f8520    00000100                          : soc_xwr16xx.oe674 (.text:SOC_translateAddress)
                  007f8620    00000100     libuart_xwr16xx.ae674 : uartsci.oe674 (.text:UartSci_control)
                  007f8720    00000100                           : uartsci.oe674 (.text:UartSci_readChar)
                  007f8820    00000100     rts6740_elf.lib : fclose.c.obj (.text:__TI_closefile)
                  007f8920    00000100                     : _printfi.c.obj (.text:_mcpy)
                  007f8a20    00000100                     : atoi.c.obj (.text:atoi)
                  007f8b20    00000100                     : fflush.c.obj (.text:fflush)
                  007f8c20    00000100                     : fseek.c.obj (.text:fseek)
                  007f8d20    00000100     radarOsal_malloc.oe674 (.text:radarOsal_memInit)
                  007f8e20    00000100     libmmwavelink_xwr16xx.ae674 : rl_device.oe674 (.text:rlDevicePowerOff)
                  007f8f20    00000100                                 : rl_driver.oe674 (.text:rlDriverClientCbCheck)
                  007f9020    00000100                                 : rl_driver.oe674 (.text:rlDriverOsiCbCheck)
                  007f9120    00000100                                 : rl_driver.oe674 (.text:rlDriverValidateHdr)
                  007f9220    00000100     ti.targets.rts6000.ae674 : Error.oe674 (.text:xdc_runtime_Error_print__E)
                  007f9320    00000100                              : Memory.oe674 (.text:xdc_runtime_Memory_alloc__E)
                  007f9420    00000100                              : Startup.oe674 (.text:xdc_runtime_Startup_exec__E)
                  007f9520    000000e0     libadcbuf_xwr16xx.ae674 : adcbuf_mmwave.oe674 (.text:ADCBUFChannelEnSetOffset)
                  007f9600    000000e0     libcrc_xwr16xx.ae674 : crc.oe674 (.text:CRC_getTransactionId)
                  007f96e0    000000e0     libedma_xwr16xx.ae674 : edma.oe674 (.text:EDMA_configParamSet)
                  007f97c0    000000e0                           : edma.oe674 (.text:EDMA_isTransferComplete)
                  007f98a0    000000e0     dss_config_edma_util.oe674 (.text:EDMA_setup_shadow_link)
                  007f9980    000000e0     dss_config_edma_util.oe674 (.text:EDMAutil_triggerType3)
                  007f9a60    000000e0     rts6740_elf.lib : hostlseek.c.obj (.text:HOSTlseek)
                  007f9b40    000000e0                     : hostopen.c.obj (.text:HOSTopen)
                  007f9c20    000000e0                     : hostwrite.c.obj (.text:HOSTwrite)
                  007f9d00    000000e0     libmmwave_xwr16xx.ae674 : mmwave_xwr16xx.oe674 (.text:MMWave_deviceStartFxn)
                  007f9de0    000000e0                             : mmwave_fullcfg.oe674 (.text:MMWave_getProfileCfg)
                  007f9ec0    000000e0     libmailbox_xwr16xx.ae674 : mailbox.oe674 (.text:Mailbox_boxFullISRMssDss)
                  007f9fa0    000000e0                              : mailbox.oe674 (.text:Mailbox_init)
                  007fa080    000000e0     dss_main.oe674 (.text:MmwDemo_dssMmwaveEventCallbackFxn)
                  007fa160    000000e0     libuart_xwr16xx.ae674 : uartsci.oe674 (.text:UartSci_writeChar)
                  007fa240    000000e0     rts6740_elf.lib : _io_perm.c.obj (.text:__TI_wrt_ok)
                  007fa320    000000e0                     : close.c.obj (.text:close)
                  007fa400    000000e0                     : exit.c.obj (.text:exit)
                  007fa4e0    000000e0                     : ltoa.c.obj (.text:ltoa)
                  007fa5c0    000000e0                     : memset.c.obj (.text:memset)
                  007fa6a0    000000e0                     : printf.c.obj (.text:printf)
                  007fa780    000000e0     libmmwavelink_xwr16xx.ae674 : rl_device.oe674 (.text:rlDeviceGetVersion)
                  007fa860    000000e0                                 : rl_driver.oe674 (.text:rlDriverCalChkSum)
                  007fa940    000000e0                                 : rl_driver.oe674 (.text:rlDriverHostIrqHandler)
                  007faa20    000000e0                                 : rl_driver.oe674 (.text:rlDriverMsgReadSpawnCtx)
                  007fab00    000000e0                                 : rl_driver.oe674 (.text:rlDriverProcRdMsg)
                  007fabe0    000000e0     sysbios.ae674 : BIOS.obj (.text:ti_sysbios_heaps_HeapMem_alloc__E)
                  007facc0    000000c0     libcrc_xwr16xx.ae674 : crc.oe674 (.text:CRC_getSignature)
                  007fad80    000000c0     libedma_xwr16xx.ae674 : edma.oe674 (.text:EDMA_startDmaTransfer)
                  007fae40    000000c0     rts6740_elf.lib : hostread.c.obj (.text:HOSTread)
                  007faf00    000000c0                     : hostunlink.c.obj (.text:HOSTunlink)
                  007fafc0    000000c0     libmmwave_xwr16xx.ae674 : mmwave_xwr16xx.oe674 (.text:MMWave_deviceEventFxn)
                  007fb080    000000c0                             : mmwave_fullcfg.oe674 (.text:MMWave_getNumChirps)
                  007fb140    000000c0                             : mmwave_link.oe674 (.text:MMWave_initCRC)
                  007fb200    000000c0                             : mmwave_link.oe674 (.text:MMWave_spawn)
                  007fb2c0    000000c0     libmailbox_xwr16xx.ae674 : mailbox.oe674 (.text:Mailbox_boxFullISRProcessing)
                  007fb380    000000c0     dss_main.oe674 (.text:MmwDemo_dssChirpIntHandler)
                  007fb440    000000c0     dss_main.oe674 (.text:MmwDemo_dssFrameStartIntHandler)
                  007fb500    000000c0     libuart_xwr16xx.ae674 : uartsci.oe674 (.text:UartSci_readCancel)
                  007fb5c0    000000c0                           : uartsci.oe674 (.text:UartSci_writeCancel)
                  007fb680    000000c0     rts6740_elf.lib : fflush.c.obj (.text:__TI_doflush)
                  007fb740    000000c0                     : divu.asm.obj (.text:__divu)
                  007fb800    000000c0                     : remi.asm.obj (.text:__remi)
                  007fb8c0    000000c0                     : modf.c.obj (.text:modf)
                  007fb980    000000c0     libmmwavelink_xwr16xx.ae674 : rl_driver.oe674 (.text:rlDriverExecuteGetApi)
                  007fba40    000000c0     sysbios.ae674 : BIOS.obj (.text:ti_sysbios_heaps_HeapMem_getStats__E)
                  007fbb00    000000c0                   : BIOS.obj (.text:ti_sysbios_knl_Clock_logTick__E)
                  007fbbc0    000000c0                   : BIOS.obj (.text:ti_sysbios_knl_Task_allBlockedFunction__I)
                  007fbc80    000000c0     dss_mmw_pe674.oe674 (.text:ti_sysbios_knl_Task_create)
                  007fbd40    000000c0     rts6740_elf.lib : tls.c.obj (.text:tls:init:__TI_tls_init)
                  007fbe00    000000c0     ti.targets.rts6000.ae674 : Assert.oe674 (.text:xdc_runtime_Assert_raise__I)
                  007fbec0    000000c0                              : Error.oe674 (.text:xdc_runtime_Error_setX__E)
                  007fbf80    000000a0     libedma_xwr16xx.ae674 : edma_low_level.oe674 (.text:EDMA3EnableChInShadowReg)
                  007fc020    000000a0                           : edma.oe674 (.text:EDMA_disableChannel)
                  007fc0c0    000000a0     rts6740_elf.lib : hostclose.c.obj (.text:HOSTclose)
                  007fc160    000000a0     libmmwave_xwr16xx.ae674 : mmwave.oe674 (.text:MMWave_execute)
                  007fc200    000000a0                             : mmwave_link.oe674 (.text:MMWave_executeLink)
                  007fc2a0    000000a0                             : mmwave_link.oe674 (.text:MMWave_initLink)
                  007fc340    000000a0                             : mmwave_link.oe674 (.text:MMWave_mboxOpen)
                  007fc3e0    000000a0                             : mmwave.oe674 (.text:MMWave_sync)
                  007fc480    000000a0     libmailbox_xwr16xx.ae674 : mailbox.oe674 (.text:Mailbox_boxEmptyISRProcessing)
                  007fc520    000000a0     dss_data_path.oe674 (.text:MmwDemo_dataPathWait1DInputData)
                  007fc5c0    000000a0     dss_data_path.oe674 (.text:MmwDemo_dataPathWait1DOutputData)
                  007fc660    000000a0     libsoc_xwr16xx.ae674 : soc.oe674 (.text:SOC_SystemISR)
                  007fc700    000000a0     libuart_xwr16xx.ae674 : UART.oe674 (.text:UART_init)
                  007fc7a0    000000a0                           : uartsci.oe674 (.text:UartSci_close)
                  007fc840    000000a0     rts6740_elf.lib : fopen.c.obj (.text:__TI_cleanup)
                  007fc8e0    000000a0                     : fixfu.c.obj (.text:__c6xabi_fixfu)
                  007fc980    000000a0                     : round.c.obj (.text:__c6xabi_nround)
                  007fca20    000000a0                     : remu.asm.obj (.text:__remu)
                  007fcac0    000000a0     boot.ae674 : boot.oe674 (.text:_c_int00)
                  007fcb60    000000a0     rts6740_elf.lib : _printfi.c.obj (.text:_ecpy)
                  007fcc00    000000a0                     : getdevice.c.obj (.text:finddevice)
                  007fcca0    000000a0                     : memcpy64.asm.obj (.text:memcpy)
                  007fcd40    000000a0     libmmwavelink_xwr16xx.ae674 : rl_controller.oe674 (.text:rlAppendSubBlock)
                  007fcde0    000000a0                                 : rl_driver.oe674 (.text:rlDriverExecuteSetApi)
                  007fce80    000000a0                                 : rl_driver.oe674 (.text:rlDriverVerifyCRC)
                  007fcf20    000000a0                                 : rl_controller.oe674 (.text:rlGetSubBlock)
                  007fcfc0    000000a0     sysbios.ae674 : BIOS.obj (.text:ti_sysbios_family_c64p_Exception_Module_startup__E)
                  007fd060    000000a0                   : BIOS.obj (.text:ti_sysbios_family_c64p_Hwi_getStackInfo__E)
                  007fd100    000000a0     ti.targets.rts6000.ae674 : Core-params.oe674 (.text:xdc_runtime_Core_assignParams__I)
                  007fd1a0    000000a0                              : System.oe674 (.text:xdc_runtime_System_formatNum__I)
                  007fd240    000000a0                              : System.oe674 (.text:xdc_runtime_System_putchar__I)
                  007fd2e0    000000a0                              : Text.oe674 (.text:xdc_runtime_Text_printVisFxn__I)
                  007fd380    000000a0                              : Text.oe674 (.text:xdc_runtime_Text_xprintf__I)
                  007fd420    00000080     libadcbuf_xwr16xx.ae674 : ADCBuf.oe674 (.text:ADCBuf_init)
                  007fd4a0    00000080     libedma_xwr16xx.ae674 : edma_low_level.oe674 (.text:EDMA3MapChToEvtQ)
                  007fd520    00000080                           : edma.oe674 (.text:EDMA_linkParamSets)
                  007fd5a0    00000080     libmmwave_xwr16xx.ae674 : mmwave_link.oe674 (.text:MMWave_mboxWrite)
                  007fd620    00000080     libmailbox_xwr16xx.ae674 : mailbox.oe674 (.text:Mailbox_writeReset)
                  007fd6a0    00000080     libosal_xwr16xx.ae674 : SemaphoreP_tirtos.oe674 (.text:SemaphoreP_create)
                  007fd720    00000080     rts6740_elf.lib : trgmsg.c.obj (.text:__TI_readmsg)
                  007fd7a0    00000080                     : llshift.c.obj (.text:__c6xabi_llshl)
                  007fd820    00000080     sysbios.ae674 : c62_TaskSupport_asm.obj (.text:_ti_sysbios_family_c62_TaskSupport_swap__E)
                  007fd8a0    00000080     libmmwavelink_xwr16xx.ae674 : rl_driver.oe674 (.text:rlDeviceIdentifyCmdDir)
                  007fd920    00000080                                 : rl_driver.oe674 (.text:rlDriverOsiInit)
                  007fd9a0    00000080     dss_mmw_pe674.oe674 (.text:ti_sysbios_BIOS_atExitFunc__I)
                  007fda20    00000080     dss_mmw_pe674.oe674 (.text:ti_sysbios_BIOS_registerRTSLock__I)
                  007fdaa0    00000080     sysbios.ae674 : BIOS.obj (.text:ti_sysbios_family_c64p_Hwi_dispatchC__I)
                  007fdb20    00000080     dss_mmw_pe674.oe674 (.text:ti_sysbios_gates_GateHwi_Object__create__S)
                  007fdba0    00000080     dss_mmw_pe674.oe674 (.text:ti_sysbios_gates_GateMutex_Object__create__S)
                  007fdc20    00000080     sysbios.ae674 : BIOS.obj (.text:ti_sysbios_hal_Hwi_checkStack)
                  007fdca0    00000080     dss_mmw_pe674.oe674 (.text:ti_sysbios_heaps_HeapMem_Object__create__S)
                  007fdd20    00000080     sysbios.ae674 : BIOS.obj (.text:ti_sysbios_heaps_HeapMem_init__I)
                  007fdda0    00000080     dss_mmw_pe674.oe674 (.text:ti_sysbios_knl_Clock_doTick__I)
                  007fde20    00000080     dss_mmw_pe674.oe674 (.text:ti_sysbios_knl_Event_create)
                  007fdea0    00000080     sysbios.ae674 : BIOS.obj (.text:ti_sysbios_knl_Event_pendTimeout__I)
                  007fdf20    00000080                   : BIOS.obj (.text:ti_sysbios_knl_Idle_run__E)
                  007fdfa0    00000080     dss_mmw_pe674.oe674 (.text:ti_sysbios_knl_Semaphore_create)
                  007fe020    00000080     sysbios.ae674 : BIOS.obj (.text:ti_sysbios_knl_Semaphore_pendTimeout__I)
                  007fe0a0    00000080     dss_mmw_pe674.oe674 (.text:ti_sysbios_rts_MemAlloc_alloc)
                  007fe120    00000080     sysbios.ae674 : BIOS.obj (.text:ti_sysbios_timers_rti_Timer_stop__E)
                  007fe1a0    00000080     rts6740_elf.lib : unlink.c.obj (.text:unlink)
                  007fe220    00000080     ti.targets.rts6000.ae674 : Core-label.oe674 (.text:xdc_runtime_Core_assignLabel__I)
                  007fe2a0    00000080                              : SysStd.oe674 (.text:xdc_runtime_SysStd_abort__E)
                  007fe320    00000080                              : System.oe674 (.text:xdc_runtime_System_atexit__E)
                  007fe3a0    00000080                              : System.oe674 (.text:xdc_runtime_System_avprintf__E)
                  007fe420    00000080                              : System.oe674 (.text:xdc_runtime_System_processAtExit__E)
                  007fe4a0    00000080                              : System.oe674 (.text:xdc_runtime_System_vprintf__E)
                  007fe520    00000060     libadcbuf_xwr16xx.ae674 : adcbuf_mmwave.oe674 (.text:ADCBUF_MMWave_close)
                  007fe580    00000060                             : ADCBuf.oe674 (.text:ADCBuf_open)
                  007fe5e0    00000060     libcrc_xwr16xx.ae674 : crc.oe674 (.text:CRC_getCRCDataSelectBitValue)
                  007fe640    00000060                          : crc.oe674 (.text:CRC_getCRCTypeBitValue)
                  007fe6a0    00000060                          : crc.oe674 (.text:CRC_isTransactionIdValid)
                  007fe700    00000060                          : crc.oe674 (.text:CRC_resetSignature)
                  007fe760    00000060     libedma_xwr16xx.ae674 : edma_low_level.oe674 (.text:EDMA3ClrEvt)
                  007fe7c0    00000060                           : edma_low_level.oe674 (.text:EDMA3ClrIntr)
                  007fe820    00000060                           : edma_low_level.oe674 (.text:EDMA3ClrMissEvt)
                  007fe880    00000060                           : edma_low_level.oe674 (.text:EDMA3DisableEvtIntr)
                  007fe8e0    00000060                           : edma_low_level.oe674 (.text:EDMA3EnableDmaEvt)
                  007fe940    00000060                           : edma_low_level.oe674 (.text:EDMA3EnableEvtIntr)
                  007fe9a0    00000060                           : edma_low_level.oe674 (.text:EDMA3SetEvt)
                  007fea00    00000060                           : edma.oe674 (.text:EDMA_configTransferControllerError)
                  007fea60    00000060                           : edma.oe674 (.text:EDMA_setDestinationAddress)
                  007feac0    00000060                           : edma.oe674 (.text:EDMA_setSourceAddress)
                  007feb20    00000060                           : edma.oe674 (.text:EDMA_validate_channelIdchannelType)
                  007feb80    00000060     libmmwave_xwr16xx.ae674 : mmwave_listlib.oe674 (.text:MMWave_listCat)
                  007febe0    00000060                             : mmwave_listlib.oe674 (.text:MMWave_listRemoveNode)
                  007fec40    00000060                             : mmwave_osal.oe674 (.text:MMWave_osalMutexCreate)
                  007feca0    00000060                             : mmwave_osal.oe674 (.text:MMWave_osalSemCreate)
                  007fed00    00000060     libmailbox_xwr16xx.ae674 : mailbox.oe674 (.text:Mailbox_Config_init)
                  007fed60    00000060     dss_main.oe674 (.text:MmwDemo_dssMMWaveCtrlTask)
                  007fedc0    00000060     dss_main.oe674 (.text:MmwDemo_dssMmwaveOpenCallbackFxn)
                  007fee20    00000060     libsoc_xwr16xx.ae674 : soc_xwr16xx.oe674 (.text:SOC_setMMWaveDSSLinkState)
                  007fee80    00000060                          : soc_xwr16xx.oe674 (.text:SOC_setMMWaveMSSLinkState)
                  007feee0    00000060                          : soc.oe674 (.text:SOC_unhaltBSS)
                  007fef40    00000060                          : soc_xwr16xx_dss.oe674 (.text:SOC_waitBSSPowerUp)
                  007fefa0    00000060     libuart_xwr16xx.ae674 : UART.oe674 (.text:UART_open)
                  007ff000    00000060                           : uartsci_edma.oe674 (.text:UartSci_TxEDMACallbackFxn)
                  007ff060    00000060                           : uartsci_edma.oe674 (.text:UartSci_closeEDMA)
                  007ff0c0    00000060     rts6740_elf.lib : trgmsg.c.obj (.text:__TI_writemsg)
                  007ff120    00000060                     : llshift.c.obj (.text:__c6xabi_llshru)
                  007ff180    00000060                     : imath64.c.obj (.text:_subcull)
                  007ff1e0    00000060     sysbios.ae674 : c64p_Hwi_asm_switch.obj (.text:_ti_sysbios_family_c64p_Hwi_switchAndDispatch__I)
                  007ff240    00000060     cycle_measure.oe674 (.text:cache_setMar)
                  007ff2a0    00000060     rts6740_elf.lib : lseek.c.obj (.text:lseek)
                  007ff300    00000060                     : memccpy.c.obj (.text:memccpy)
                  007ff360    00000060     libmmwavelink_xwr16xx.ae674 : rl_device.oe674 (.text:rlDeviceGetMssVersion)
                  007ff3c0    00000060                                 : rl_driver.oe674 (.text:rlDriverConstructInMsg)
                  007ff420    00000060                                 : rl_sensor.oe674 (.text:rlEnableContMode)
                  007ff480    00000060                                 : rl_sensor.oe674 (.text:rlRfRunTimeCalibConfig)
                  007ff4e0    00000060                                 : rl_sensor.oe674 (.text:rlSensorStart)
                  007ff540    00000060     dss_mmw_pe674.oe674 (.text:ti_sysbios_BIOS_errorRaiseHook__I)
                  007ff5a0    00000060     dss_mmw_pe674.oe674 (.text:ti_sysbios_BIOS_removeRTSLock__I)
                  007ff600    00000060     dss_mmw_pe674.oe674 (.text:ti_sysbios_BIOS_startFunc__I)
                  007ff660    00000060     sysbios.ae674 : BIOS.obj (.text:ti_sysbios_family_c62_TaskSupport_start__E)
                  007ff6c0    00000060                   : BIOS.obj (.text:ti_sysbios_family_c64p_Cache_setMar__E)
                  007ff720    00000060                   : BIOS.obj (.text:ti_sysbios_family_c64p_EventCombiner_Module_startup__E)
                  007ff780    00000060                   : BIOS.obj (.text:ti_sysbios_family_c64p_EventCombiner_unused__E)
                  007ff7e0    00000060     dss_mmw_pe674.oe674 (.text:ti_sysbios_gates_GateMutex_Object__delete__S)
                  007ff840    00000060     sysbios.ae674 : BIOS.obj (.text:ti_sysbios_hal_Hwi_initStack)
                  007ff8a0    00000060                   : BIOS.obj (.text:ti_sysbios_heaps_HeapMem_free__E)
                  007ff900    00000060                   : BIOS.obj (.text:ti_sysbios_knl_Clock_Module_startup__E)
                  007ff960    00000060     dss_mmw_pe674.oe674 (.text:ti_sysbios_knl_Queue_construct)
                  007ff9c0    00000060     dss_mmw_pe674.oe674 (.text:ti_sysbios_knl_Semaphore_Object__delete__S)
                  007ffa20    00000060     dss_mmw_pe674.oe674 (.text:ti_sysbios_knl_Semaphore_construct)
                  007ffa80    00000060     sysbios.ae674 : BIOS.obj (.text:ti_sysbios_knl_Task_enter__I)
                  007ffae0    00000060     rts6740_elf.lib : write.c.obj (.text:write)
                  007ffb40    00000060     ti.targets.rts6000.ae674 : Memory.oe674 (.text:xdc_runtime_Memory_valloc__E)
                  007ffba0    00000060                              : Text.oe674 (.text:xdc_runtime_Text_cordText__E)
                  007ffc00    00000040     libcrc_xwr16xx.ae674 : crc.oe674 (.text:CRC_getSignatureRegister)
                  007ffc40    00000040                          : crc.oe674 (.text:CRC_releaseTransactionId)
                  007ffc80    00000040     libadcbuf_xwr16xx.ae674 : adcbuf_mmwave.oe674 (.text:CSL_FEXTR)
                  007ffcc0    00000040     libmmwave_xwr16xx.ae674 : mmwave.oe674 (.text:CSL_FEXTR)
                  007ffd00    00000040     libsoc_xwr16xx.ae674 : soc.oe674 (.text:CSL_FEXTR)
                  007ffd40    00000040                          : soc_xwr16xx.oe674 (.text:CSL_FEXTR)
                  007ffd80    00000040     libuart_xwr16xx.ae674 : uartsci.oe674 (.text:CSL_FEXTR)
                  007ffdc0    00000040     libadcbuf_xwr16xx.ae674 : adcbuf_mmwave.oe674 (.text:CSL_FINSR)
                  007ffe00    00000040     libcrc_xwr16xx.ae674 : crc.oe674 (.text:CSL_FINSR)
                  007ffe40    00000040     libmailbox_xwr16xx.ae674 : mailbox.oe674 (.text:CSL_FINSR)
                  007ffe80    00000040     libsoc_xwr16xx.ae674 : soc.oe674 (.text:CSL_FINSR)
                  007ffec0    00000040                          : soc_xwr16xx.oe674 (.text:CSL_FINSR)
                  007fff00    00000040                          : soc_xwr16xx_dss.oe674 (.text:CSL_FINSR)
                  007fff40    00000040     libuart_xwr16xx.ae674 : uartsci.oe674 (.text:CSL_FINSR)
                  007fff80    00000040     libedma_xwr16xx.ae674 : edma_low_level.oe674 (.text:EDMA3DisableDmaEvt)
                  007fffc0    00000010     dss_data_path.oe674 ($Tramp$S$$MmwDemo_dataPathInitEdma)
                  007fffd0    00000010     radarProcess.oe674 ($Tramp$S$$radarProcessCreate)
                  007fffe0    00000010     dss_data_path.oe674 ($Tramp$S$$MmwDemo_interFrameProcessing)
                  007ffff0    00000010     dss_data_path.oe674 ($Tramp$S$$MmwDemo_processChirp)

.text.2    0    00800000    00002020     
                  00800000    00000040     libedma_xwr16xx.ae674 : edma_low_level.oe674 (.text:EDMA3MapQdmaChToPaRAM)
                  00800040    00000040                           : edma_low_level.oe674 (.text:EDMA3SetPaRAM)
                  00800080    00000040                           : edma_low_level.oe674 (.text:EDMA3SetQdmaTrigWord)
                  008000c0    00000040     libosal_xwr16xx.ae674 : HwiP_tirtos.oe674 (.text:HwiP_create)
                  00800100    00000040                           : HwiP_tirtos.oe674 (.text:HwiP_delete)
                  00800140    00000040     libmmwave_xwr16xx.ae674 : mmwave_xwr16xx.oe674 (.text:MMWave_deviceSyncFxn)
                  00800180    00000040                             : mmwave.oe674 (.text:MMWave_encodeError)
                  008001c0    00000040                             : mmwave_listlib.oe674 (.text:MMWave_listAdd)
                  00800200    00000040                             : mmwave_listlib.oe674 (.text:MMWave_listRemove)
                  00800240    00000040                             : mmwave_osal.oe674 (.text:MMWave_osalMutexLock)
                  00800280    00000040                             : mmwave_osal.oe674 (.text:MMWave_osalSemWait)
                  008002c0    00000040     libmailbox_xwr16xx.ae674 : mailbox.oe674 (.text:Mailbox_boxEmptyISRBss)
                  00800300    00000040                              : mailbox.oe674 (.text:Mailbox_boxEmptyISRMssDss)
                  00800340    00000040                              : mailbox.oe674 (.text:Mailbox_boxFullISRBss)
                  00800380    00000040     dss_main.oe674 (.text:MmwDemo_dssMmwaveConfigCallbackFxn)
                  008003c0    00000040     dss_main.oe674 (.text:MmwDemo_dssMmwaveStartCallbackFxn)
                  00800400    00000040     dss_main.oe674 (.text:MmwDemo_dssMmwaveStopCallbackFxn)
                  00800440    00000040     dss_data_path.oe674 (.text:MmwDemo_waitEndOfChirps)
                  00800480    00000040     libsoc_xwr16xx.ae674 : soc_xwr16xx_dss.oe674 (.text:SOC_getInAddr_LUTType)
                  008004c0    00000040                          : soc_xwr16xx_dss.oe674 (.text:SOC_getOutAddr_LUTType)
                  00800500    00000040                          : soc_xwr16xx.oe674 (.text:SOC_isMMWaveDSSOperational)
                  00800540    00000040                          : soc_xwr16xx.oe674 (.text:SOC_isMMWaveMSSOperational)
                  00800580    00000040     rts6740_elf.lib : frcmpyd_div.c.obj (.text:__TI_frcmpyd_div)
                  008005c0    00000040                     : isinf.c.obj (.text:__c6xabi_isinf)
                  00800600    00000040                     : _printfi.c.obj (.text:__c6xabi_isnan)
                  00800640    00000040                     : strasg.asm.obj (.text:__strasgi_64plus)
                  00800680    00000040                     : args_main.c.obj (.text:_args_main)
                  008006c0    00000040     sysbios.ae674 : c62_TaskSupport_asm.obj (.text:_ti_sysbios_family_c62_TaskSupport_buildTaskStack)
                  00800700    00000040     dss_mmw_pe674.oe674 (.text:free)
                  00800740    00000040     libmmwavelink_xwr16xx.ae674 : rl_controller.oe674 (.text:rlAppendDummy)
                  00800780    00000040                                 : rl_device.oe674 (.text:rlDeviceGetRfVersion)
                  008007c0    00000040                                 : rl_driver.oe674 (.text:rlDriverCalCRC)
                  00800800    00000040     dss_mmw_pe674.oe674 (.text:ti_sysbios_BIOS_exitFunc__I)
                  00800840    00000040     dss_mmw_pe674.oe674 (.text:ti_sysbios_BIOS_rtsLock__I)
                  00800880    00000040     dss_mmw_pe674.oe674 (.text:ti_sysbios_BIOS_rtsUnlock__I)
                  008008c0    00000040     sysbios.ae674 : BIOS.obj (.text:ti_sysbios_family_c64p_Hwi_disableInterrupt__E)
                  00800900    00000040                   : BIOS.obj (.text:ti_sysbios_family_c64p_Hwi_enableInterrupt__E)
                  00800940    00000040     dss_mmw_pe674.oe674 (.text:ti_sysbios_gates_GateHwi_Handle__label__S)
                  00800980    00000040     dss_mmw_pe674.oe674 (.text:ti_sysbios_gates_GateHwi_Object__delete__S)
                  008009c0    00000040     dss_mmw_pe674.oe674 (.text:ti_sysbios_gates_GateMutex_Handle__label__S)
                  00800a00    00000040     sysbios.ae674 : BIOS.obj (.text:ti_sysbios_gates_GateMutex_Instance_init__E)
                  00800a40    00000040                   : BIOS.obj (.text:ti_sysbios_gates_GateMutex_leave__E)
                  00800a80    00000040     dss_mmw_pe674.oe674 (.text:ti_sysbios_heaps_HeapMem_Handle__label__S)
                  00800ac0    00000040     dss_mmw_pe674.oe674 (.text:ti_sysbios_heaps_HeapMem_Object__delete__S)
                  00800b00    00000040     dss_mmw_pe674.oe674 (.text:ti_sysbios_heaps_HeapMem_Object__get__S)
                  00800b40    00000040     dss_mmw_pe674.oe674 (.text:ti_sysbios_knl_Semaphore_destruct)
                  00800b80    00000040     dss_mmw_pe674.oe674 (.text:ti_sysbios_knl_Task_Object__get__S)
                  00800bc0    00000040     sysbios.ae674 : BIOS.obj (.text:ti_sysbios_knl_Task_sleepTimeout__I)
                  00800c00    00000040                   : BIOS.obj (.text:ti_sysbios_timers_rti_Timer_periodicStub__E)
                  00800c40    00000040     rts6740_elf.lib : wcslen.c.obj (.text:wcslen)
                  00800c80    00000040     ti.targets.rts6000.ae674 : Error.oe674 (.text:xdc_runtime_Error_check__E)
                  00800cc0    00000040                              : Error.oe674 (.text:xdc_runtime_Error_init__E)
                  00800d00    00000040                              : Registry.oe674 (.text:xdc_runtime_Registry_findById__E)
                  00800d40    00000040                              : System.oe674 (.text:xdc_runtime_System_abort__E)
                  00800d80    00000040     dss_mmw_pe674.oe674 (.text:xdc_runtime_System_aprintf__E)
                  00800dc0    00000040     ti.targets.rts6000.ae674 : System.oe674 (.text:xdc_runtime_System_exit__E)
                  00800e00    00000040     dss_mmw_pe674.oe674 (.text:xdc_runtime_System_printf__E)
                  00800e40    00000020     libadcbuf_xwr16xx.ae674 : adcbuf_mmwave.oe674 (.text:ADCBUF_MMWave_init)
                  00800e60    00000020                             : ADCBuf.oe674 (.text:ADCBuf_Params_init)
                  00800e80    00000020                             : ADCBuf.oe674 (.text:ADCBuf_control)
                  00800ea0    00000020     libcrc_xwr16xx.ae674 : crc.oe674 (.text:CRC_initConfigParams)
                  00800ec0    00000020     libsoc_xwr16xx.ae674 : soc_xwr16xx_dss.oe674 (.text:CSL_FEXTR)
                  00800ee0    00000020     libedma_xwr16xx.ae674 : edma_low_level.oe674 (.text:EDMA3ChannelToParamMap)
                  00800f00    00000020                           : edma_low_level.oe674 (.text:EDMA3ClrCCErr)
                  00800f20    00000020                           : edma_low_level.oe674 (.text:EDMA3DisableQdmaEvt)
                  00800f40    00000020                           : edma_low_level.oe674 (.text:EDMA3EnableQdmaEvt)
                  00800f60    00000020                           : edma_low_level.oe674 (.text:EDMA3ErrIntrHighStatusGet)
                  00800f80    00000020                           : edma_low_level.oe674 (.text:EDMA3GetCCErrStatus)
                  00800fa0    00000020                           : edma_low_level.oe674 (.text:EDMA3GetErrIntrStatus)
                  00800fc0    00000020                           : edma_low_level.oe674 (.text:EDMA3GetIntrStatus)
                  00800fe0    00000020                           : edma_low_level.oe674 (.text:EDMA3IntrStatusHighGet)
                  00801000    00000020                           : edma_low_level.oe674 (.text:EDMA3QdmaClrMissEvt)
                  00801020    00000020                           : edma_low_level.oe674 (.text:EDMA3QdmaGetErrIntrStatus)
                  00801040    00000020                           : edma.oe674 (.text:EDMA_getNumInstances)
                  00801060    00000020                           : edma_low_level.oe674 (.text:EDMAsetRegion)
                  00801080    00000020     libosal_xwr16xx.ae674 : HwiP_tirtos.oe674 (.text:HwiP_Params_init)
                  008010a0    00000020                           : HwiP_tirtos.oe674 (.text:HwiP_disable)
                  008010c0    00000020                           : HwiP_tirtos.oe674 (.text:HwiP_disableInterrupt)
                  008010e0    00000020                           : HwiP_tirtos.oe674 (.text:HwiP_enableInterrupt)
                  00801100    00000020                           : HwiP_tirtos.oe674 (.text:HwiP_restore)
                  00801120    00000020     libmmwave_xwr16xx.ae674 : mmwave.oe674 (.text:MMWave_decodeErrorLevel)
                  00801140    00000020                             : mmwave_xwr16xx.oe674 (.text:MMWave_deviceGetDeviceInfo)
                  00801160    00000020                             : mmwave_xwr16xx.oe674 (.text:MMWave_deviceMailboxCallbackFxn)
                  00801180    00000020                             : mmwave_link.oe674 (.text:MMWave_disableDevice)
                  008011a0    00000020                             : mmwave_link.oe674 (.text:MMWave_enableDevice)
                  008011c0    00000020                             : mmwave_listlib.oe674 (.text:MMWave_listGetHead)
                  008011e0    00000020                             : mmwave_listlib.oe674 (.text:MMWave_listGetNext)
                  00801200    00000020                             : mmwave_link.oe674 (.text:MMWave_maskHostIRQ)
                  00801220    00000020                             : mmwave_link.oe674 (.text:MMWave_mboxCallbackFxn)
                  00801240    00000020                             : mmwave_link.oe674 (.text:MMWave_mboxClose)
                  00801260    00000020                             : mmwave_link.oe674 (.text:MMWave_mboxRead)
                  00801280    00000020                             : mmwave_osal.oe674 (.text:MMWave_osalMutexDelete)
                  008012a0    00000020                             : mmwave_osal.oe674 (.text:MMWave_osalMutexUnlock)
                  008012c0    00000020                             : mmwave_osal.oe674 (.text:MMWave_osalSemDelete)
                  008012e0    00000020                             : mmwave_osal.oe674 (.text:MMWave_osalSemSignal)
                  00801300    00000020                             : mmwave_link.oe674 (.text:MMWave_registerInterruptHandler)
                  00801320    00000020                             : mmwave_link.oe674 (.text:MMWave_unmaskHostIRQ)
                  00801340    00000020                             : mmwave_link.oe674 (.text:MMWave_waitIRQStatus)
                  00801360    00000020     libosal_xwr16xx.ae674 : MemoryP_tirtos.oe674 (.text:MemoryP_ctrlAlloc)
                  00801380    00000020                           : MemoryP_tirtos.oe674 (.text:MemoryP_ctrlFree)
                  008013a0    00000020     dss_data_path.oe674 (.text:MmwDemo_dataPathInit1Dstate)
                  008013c0    00000020     dss_main.oe674 (.text:MmwDemo_dssMmwaveCloseCallbackFxn)
                  008013e0    00000020     dss_data_path.oe674 (.text:MmwDemo_edmaErrorCallbackFxn)
                  00801400    00000020     dss_data_path.oe674 (.text:MmwDemo_edmaTransferControllerErrorCallbackFxn)
                  00801420    00000020     dss_main.oe674 (.text:MmwDemo_mboxCallback)
                  00801440    00000020     libosal_xwr16xx.ae674 : SemaphoreP_tirtos.oe674 (.text:SemaphoreP_Params_init)
                  00801460    00000020                           : SemaphoreP_tirtos.oe674 (.text:SemaphoreP_delete)
                  00801480    00000020                           : SemaphoreP_tirtos.oe674 (.text:SemaphoreP_pend)
                  008014a0    00000020                           : SemaphoreP_tirtos.oe674 (.text:SemaphoreP_post)
                  008014c0    00000020     libuart_xwr16xx.ae674 : UART.oe674 (.text:UART_Params_init)
                  008014e0    00000020                           : UART.oe674 (.text:UART_writePolling)
                  00801500    00000020                           : uartsci.oe674 (.text:UartSci_disableTxDMA)
                  00801520    00000020                           : uartsci.oe674 (.text:UartSci_enableTxDMA)
                  00801540    00000020                           : uartsci.oe674 (.text:UartSci_init)
                  00801560    00000020                           : uartsci_edma.oe674 (.text:UartSci_initiateRxEDMA)
                  00801580    00000020                           : uartsci_edma.oe674 (.text:UartSci_isEDMAEnabled)
                  008015a0    00000020     libosal_xwr16xx.ae674 : DebugP_tirtos.oe674 (.text:_DebugP_assert)
                  008015c0    00000020     rts6740_elf.lib : errno.c.obj (.text:__c6xabi_errno_addr)
                  008015e0    00000020                     : trunc.c.obj (.text:__c6xabi_trunc)
                  00801600    00000020                     : push.asm.obj (.text:__pop_rts)
                  00801620    00000020                     : push.asm.obj (.text:__push_rts)
                  00801640    00000020                     : _lock.c.obj (.text:_nop)
                  00801660    00000020                     : printf.c.obj (.text:_outc)
                  00801680    00000020                     : printf.c.obj (.text:_outs)
                  008016a0    00000020                     : _lock.c.obj (.text:_register_lock)
                  008016c0    00000020                     : _lock.c.obj (.text:_register_unlock)
                  008016e0    00000020                     : signbit.c.obj (.text:_signbit)
                  00801700    00000020     sysbios.ae674 : c62_TaskSupport_asm.obj (.text:_ti_sysbios_family_c62_TaskSupport_glue)
                  00801720    00000020     rts6740_elf.lib : exit.c.obj (.text:abort)
                  00801740    00000020     cycle_measure.oe674 (.text:cache_setL2Size)
                  00801760    00000020     cycle_measure.oe674 (.text:cache_wbInvAllL2Wait)
                  00801780    00000020     rts6740_elf.lib : s_copysign.c.obj (.text:copysign)
                  008017a0    00000020                     : fputc.c.obj (.text:putchar)
                  008017c0    00000020     radarOsal_malloc.oe674 (.text:radarOsal_memDeInit)
                  008017e0    00000020     cycle_measure.oe674 (.text:ranClock)
                  00801800    00000020     libmmwavelink_xwr16xx.ae674 : rl_driver.oe674 (.text:rlDriverGetHandle)
                  00801820    00000020                                 : rl_driver.oe674 (.text:rlDriverGetPlatformId)
                  00801840    00000020                                 : rl_driver.oe674 (.text:rlDriverIsDeviceMapValid)
                  00801860    00000020                                 : rl_controller.oe674 (.text:rlGetSubBlockId)
                  00801880    00000020                                 : rl_controller.oe674 (.text:rlGetSubBlockLen)
                  008018a0    00000020     cycle_measure.oe674 (.text:startClock)
                  008018c0    00000020     dss_mmw_pe674.oe674 (.text:ti_sysbios_BIOS_RtsGateProxy_enter__E)
                  008018e0    00000020     dss_mmw_pe674.oe674 (.text:ti_sysbios_BIOS_RtsGateProxy_leave__E)
                  00801900    00000020     sysbios.ae674 : BIOS.obj (.text:ti_sysbios_BIOS_linkedWithIncorrectBootLibrary__E)
                  00801920    00000020     dss_mmw_pe674.oe674 (.text:ti_sysbios_BIOS_nullFunc__I)
                  00801940    00000020     sysbios.ae674 : BIOS.obj (.text:ti_sysbios_BIOS_setThreadType__E)
                  00801960    00000020                   : BIOS.obj (.text:ti_sysbios_BIOS_start__E)
                  00801980    00000020     dss_mmw_pe674.oe674 (.text:ti_sysbios_family_c62_TaskSupport_Module__startupDone__S)
                  008019a0    00000020     sysbios.ae674 : BIOS.obj (.text:ti_sysbios_family_c62_TaskSupport_checkStack__E)
                  008019c0    00000020                   : BIOS.obj (.text:ti_sysbios_family_c62_TaskSupport_getStackAlignment__E)
                  008019e0    00000020     dss_mmw_pe674.oe674 (.text:ti_sysbios_family_c64p_Hwi_Module__startupDone__F)
                  00801a00    00000020     sysbios.ae674 : BIOS.obj (.text:ti_sysbios_family_c64p_Hwi_clearInterrupt__E)
                  00801a20    00000020                   : BIOS.obj (.text:ti_sysbios_family_c64p_Hwi_startup__E)
                  00801a40    00000020                   : BIOS.obj (.text:ti_sysbios_family_c64p_Hwi_switchFromBootStack__E)
                  00801a60    00000020                   : BIOS.obj (.text:ti_sysbios_gates_GateHwi_Instance_init__E)
                  00801a80    00000020                   : BIOS.obj (.text:ti_sysbios_gates_GateHwi_enter__E)
                  00801aa0    00000020                   : BIOS.obj (.text:ti_sysbios_gates_GateHwi_leave__E)
                  00801ac0    00000020                   : BIOS.obj (.text:ti_sysbios_gates_GateHwi_query__E)
                  00801ae0    00000020                   : BIOS.obj (.text:ti_sysbios_gates_GateMutex_Instance_finalize__E)
                  00801b00    00000020                   : BIOS.obj (.text:ti_sysbios_gates_GateMutex_query__E)
                  00801b20    00000020                   : BIOS.obj (.text:ti_sysbios_hal_Hwi_Module_startup__E)
                  00801b40    00000020     dss_mmw_pe674.oe674 (.text:ti_sysbios_heaps_HeapMem_Module_GateProxy_enter__E)
                  00801b60    00000020     dss_mmw_pe674.oe674 (.text:ti_sysbios_heaps_HeapMem_Module_GateProxy_leave__E)
                  00801b80    00000020     sysbios.ae674 : BIOS.obj (.text:ti_sysbios_heaps_HeapMem_isBlocking__E)
                  00801ba0    00000020     dss_mmw_pe674.oe674 (.text:ti_sysbios_knl_Clock_TimerProxy_getMaxTicks__E)
                  00801bc0    00000020     sysbios.ae674 : BIOS.obj (.text:ti_sysbios_knl_Event_Instance_init__E)
                  00801be0    00000020                   : BIOS.obj (.text:ti_sysbios_knl_Idle_loop__E)
                  00801c00    00000020                   : BIOS.obj (.text:ti_sysbios_knl_Queue_Instance_init__E)
                  00801c20    00000020     dss_mmw_pe674.oe674 (.text:ti_sysbios_knl_Queue_Object__get__S)
                  00801c40    00000020     dss_mmw_pe674.oe674 (.text:ti_sysbios_knl_Queue_destruct)
                  00801c60    00000020     sysbios.ae674 : BIOS.obj (.text:ti_sysbios_knl_Queue_empty__E)
                  00801c80    00000020                   : BIOS.obj (.text:ti_sysbios_knl_Semaphore_Instance_finalize__E)
                  00801ca0    00000020     dss_mmw_pe674.oe674 (.text:ti_sysbios_knl_Semaphore_Params__init__S)
                  00801cc0    00000020     dss_mmw_pe674.oe674 (.text:ti_sysbios_knl_Semaphore_delete)
                  00801ce0    00000020     dss_mmw_pe674.oe674 (.text:ti_sysbios_knl_Task_Params__init__S)
                  00801d00    00000020     sysbios.ae674 : BIOS.obj (.text:ti_sysbios_knl_Task_disable__E)
                  00801d20    00000020                   : BIOS.obj (.text:ti_sysbios_knl_Task_startup__E)
                  00801d40    00000020     dss_mmw_pe674.oe674 (.text:ti_sysbios_timers_rti_Timer_Module__startupDone__F)
                  00801d60    00000020     sysbios.ae674 : BIOS.obj (.text:ti_sysbios_timers_rti_Timer_getMaxTicks__E)
                  00801d80    00000020     ti.targets.rts6000.ae674 : Error.oe674 (.text:xdc_runtime_Error_getSite__E)
                  00801da0    00000020                              : Error.oe674 (.text:xdc_runtime_Error_raiseX__E)
                  00801dc0    00000020                              : Gate.oe674 (.text:xdc_runtime_Gate_enterSystem__E)
                  00801de0    00000020                              : Gate.oe674 (.text:xdc_runtime_Gate_leaveSystem__E)
                  00801e00    00000020     dss_mmw_pe674.oe674 (.text:xdc_runtime_IHeap_alloc)
                  00801e20    00000020     dss_mmw_pe674.oe674 (.text:xdc_runtime_IHeap_free)
                  00801e40    00000020     ti.targets.rts6000.ae674 : Memory.oe674 (.text:xdc_runtime_Memory_calloc__E)
                  00801e60    00000020                              : Memory.oe674 (.text:xdc_runtime_Memory_free__E)
                  00801e80    00000020                              : Memory.oe674 (.text:xdc_runtime_Memory_getMaxDefaultTypeAlign__E)
                  00801ea0    00000020     dss_mmw_pe674.oe674 (.text:xdc_runtime_Startup_exec__I)
                  00801ec0    00000020     dss_mmw_pe674.oe674 (.text:xdc_runtime_Startup_reset__I)
                  00801ee0    00000020     ti.targets.rts6000.ae674 : Startup.oe674 (.text:xdc_runtime_Startup_rtsDone__E)
                  00801f00    00000020                              : SysStd.oe674 (.text:xdc_runtime_SysStd_exit__E)
                  00801f20    00000020                              : SysStd.oe674 (.text:xdc_runtime_SysStd_putch__E)
                  00801f40    00000020                              : SysStd.oe674 (.text:xdc_runtime_SysStd_ready__E)
                  00801f60    00000020     dss_mmw_pe674.oe674 (.text:xdc_runtime_System_Module_GateProxy_enter__E)
                  00801f80    00000020     dss_mmw_pe674.oe674 (.text:xdc_runtime_System_Module_GateProxy_leave__E)
                  00801fa0    00000020     ti.targets.rts6000.ae674 : System.oe674 (.text:xdc_runtime_System_Module_startup__E)
                  00801fc0    00000020                              : System.oe674 (.text:xdc_runtime_System_vsnprintf__E)
                  00801fe0    00000020                              : Text.oe674 (.text:xdc_runtime_Text_ropeText__E)
                  00802000    00000020     dss_mmw_pe674.oe674 (.text:xdc_runtime_Text_visitRope__I)

.l2data    0    00802020    0000b000     UNINITIALIZED
                  00802020    0000b000     dss_data_path.oe674 (.l2data)

systemHeap 
*          0    0080d020    00004000     UNINITIALIZED
                  0080d020    00004000     dss_mmw_pe674.oe674 (systemHeap)

.stack     0    00816150    00000418     UNINITIALIZED
                  00816150    00000008     boot.ae674 : boot.oe674 (.stack)
                  00816158    00000410     --HOLE--

.neardata 
*          0    00816830    00000014     
                  00816830    00000004     dss_main.oe674 (.neardata)
                  00816834    00000004     libadcbuf_xwr16xx.ae674 : ADCBuf.oe674 (.neardata)
                  00816838    00000004     libcrc_xwr16xx.ae674 : crc_xwr16xx.oe674 (.neardata)
                  0081683c    00000004     libedma_xwr16xx.ae674 : edma_low_level.oe674 (.neardata)
                  00816840    00000004     libuart_xwr16xx.ae674 : UART.oe674 (.neardata)

.cinit     0    00800000    00000000     UNINITIALIZED

.far       0    00811020    00002230     UNINITIALIZED
                  00811020    00001000     (.common:gMmwL2Scratch)
                  00812020    00000538     (.common:EDMA_object)
                  00812558    000003e4     (.common:gMmwDssMCB)
                  0081293c    00000004     --HOLE--
                  00812940    00000320     (.common:glbDebugBuf)
                  00812c60    00000320     dss_mmw_pe674.oe674 (.far:taskStackSection)
                  00812f80    00000140     (.common:__TI_tmpnams)
                  008130c0    000000fc     (.common:gMMWave_MCB)
                  008131bc    00000004     --HOLE--
                  008131c0    00000070     (.common:gRadarOsal_heapObj)
                  00813230    00000010     (.common:edmaDbg)
                  00813240    00000008     (.common:gMMWave_XWR16xxMCB)
                  00813248    00000008     (.common:parmbuf)

.const     0    00813250    00001db1     
                  00813250    00000770     dss_main.oe674 (.const:.string)
                  008139c0    00000518     sysbios.ae674 : BIOS.obj (.const:.string)
                  00813ed8    00000234     dss_data_path.oe674 (.const:.string)
                  0081410c    00000164     dss_config_edma_util.oe674 (.const:.string)
                  00814270    00000128     radarProcess.oe674 (.const:.string)
                  00814398    00000101     rts6740_elf.lib : ctype.c.obj (.const:.string:_ctypes_)
                  00814499    00000001     --HOLE-- [fill = 0]
                  0081449a    00000002     dss_mmw_pe674.oe674 (.const:ti_sysbios_family_c64p_Cache_Module__id__C)
                  0081449c    000000dc     radarOsal_malloc.oe674 (.const:.string)
                  00814578    00000074     dss_mmw_pe674.oe674 (.const:.string)
                  008145ec    00000070     libmmwavelink_xwr16xx.ae674 : rl_driver.oe674 (.const)
                  0081465c    0000006c                                 : rl_driver.oe674 (.const:.string)
                  008146c8    00000068     libedma_xwr16xx.ae674 : edma_xwr1xxx.oe674 (.const:gEdmaHwAttrs)
                  00814730    00000058                           : edma.oe674 (.const:.string)
                  00814788    00000058     ti.targets.rts6000.ae674 : Error.oe674 (.const:.string)
                  008147e0    0000004c     libmailbox_xwr16xx.ae674 : mailbox.oe674 (.const:.string)
                  0081482c    00000044     dss_mmw_pe674.oe674 (.const:ti_sysbios_knl_Task_Object__PARAMS__C)
                  00814870    00000040     ti.targets.rts6000.ae674 : Text.oe674 (.const:.string)
                  008148b0    0000003c     libsoc_xwr16xx.ae674 : soc_xwr16xx_dss.oe674 (.const:.string)
                  008148ec    00000038     libuart_xwr16xx.ae674 : UART.oe674 (.const)
                  00814924    00000034     libmmwave_xwr16xx.ae674 : mmwave_xwr16xx.oe674 (.const:.string)
                  00814958    0000002c     ti.targets.rts6000.ae674 : Startup.oe674 (.const:.string)
                  00814984    00000028     libmmwave_xwr16xx.ae674 : mmwave.oe674 (.const:.string)
                  008149ac    00000028     dss_mmw_pe674.oe674 (.const:ti_sysbios_heaps_HeapMem_Module__FXNS__C)
                  008149d4    00000024     rts6740_elf.lib : _printfi.c.obj (.const:.string)
                  008149f8    00000024     libmailbox_xwr16xx.ae674 : mailbox.oe674 (.const)
                  00814a1c    00000024     dss_mmw_pe674.oe674 (.const:ti_sysbios_gates_GateHwi_Module__FXNS__C)
                  00814a40    00000024     dss_mmw_pe674.oe674 (.const:ti_sysbios_gates_GateMutex_Module__FXNS__C)
                  00814a64    00000024     dss_mmw_pe674.oe674 (.const:ti_sysbios_heaps_HeapMem_Object__PARAMS__C)
                  00814a88    00000024     dss_mmw_pe674.oe674 (.const:ti_sysbios_knl_Semaphore_Object__PARAMS__C)
                  00814aac    00000004     ti.targets.rts6000.ae674 : Assert.oe674 (.const:.string)
                  00814ab0    00000024     dss_mmw_pe674.oe674 (.const:xdc_runtime_Startup_sfxnTab__A)
                  00814ad4    00000020     libosal_xwr16xx.ae674 : SemaphoreP_tirtos.oe674 (.const:.string)
                  00814af4    00000020     dss_mmw_pe674.oe674 (.const:ti_sysbios_gates_GateHwi_Object__DESC__C)
                  00814b14    00000020     dss_mmw_pe674.oe674 (.const:ti_sysbios_gates_GateMutex_Object__DESC__C)
                  00814b34    00000020     dss_mmw_pe674.oe674 (.const:ti_sysbios_heaps_HeapMem_Object__DESC__C)
                  00814b54    00000020     dss_mmw_pe674.oe674 (.const:ti_sysbios_knl_Event_Object__DESC__C)
                  00814b74    00000020     dss_mmw_pe674.oe674 (.const:ti_sysbios_knl_Queue_Object__DESC__C)
                  00814b94    00000020     dss_mmw_pe674.oe674 (.const:ti_sysbios_knl_Semaphore_Object__DESC__C)
                  00814bb4    00000020     dss_mmw_pe674.oe674 (.const:ti_sysbios_knl_Task_Object__DESC__C)
                  00814bd4    0000001c     libosal_xwr16xx.ae674 : HwiP_tirtos.oe674 (.const:.string)
                  00814bf0    00000018     libmmwave_xwr16xx.ae674 : mmwave_fullcfg.oe674 (.const:.string)
                  00814c08    00000018     ti.targets.rts6000.ae674 : System.oe674 (.const:.string)
                  00814c20    00000018     dss_mmw_pe674.oe674 (.const:ti_sysbios_gates_GateHwi_Object__PARAMS__C)
                  00814c38    00000018     dss_mmw_pe674.oe674 (.const:ti_sysbios_gates_GateMutex_Object__PARAMS__C)
                  00814c50    00000018     dss_mmw_pe674.oe674 (.const:ti_sysbios_knl_Event_Object__PARAMS__C)
                  00814c68    00000018     dss_mmw_pe674.oe674 (.const:ti_sysbios_knl_Queue_Object__PARAMS__C)
                  00814c80    00000014     libadcbuf_xwr16xx.ae674 : adcbuf_mmwave.oe674 (.const:.string)
                  00814c94    00000014     libmmwave_xwr16xx.ae674 : mmwave_link.oe674 (.const:.string)
                  00814ca8    00000014     libuart_xwr16xx.ae674 : uartsci.oe674 (.const:.string)
                  00814cbc    00000014                           : uartsci_edma.oe674 (.const:.string)
                  00814cd0    00000014     libadcbuf_xwr16xx.ae674 : adcbuf_mmwave.oe674 (.const)
                  00814ce4    00000004     dss_mmw_pe674.oe674 (.const:ti_sysbios_family_c62_TaskSupport_stackAlignment__C)
                  00814ce8    00000012     dss_mmw_pe674.oe674 (.const:xdc_runtime_Startup_sfxnRts__A)
                  00814cfa    00000002     dss_mmw_pe674.oe674 (.const:ti_sysbios_family_c64p_EventCombiner_Module__id__C)
                  00814cfc    00000004     dss_mmw_pe674.oe674 (.const:ti_sysbios_family_c64p_Cache_E_invalidL1CacheSize__C)
                  00814d00    00000010     libmmwavelink_xwr16xx.ae674 : rl_driver.oe674 (.const:$P$T2$3)
                  00814d10    00000010     libedma_xwr16xx.ae674 : edma.oe674 (.const:EDMA_config$1)
                  00814d20    00000010     libadcbuf_xwr16xx.ae674 : adcbuf_xwr1xxx.oe674 (.const:gADCBufHwCfg)
                  00814d30    00000010     dss_mmw_pe674.oe674 (.const:ti_sysbios_family_c64p_EventCombiner_EVTMASK__C)
                  00814d40    0000000c     libcrc_xwr16xx.ae674 : crc.oe674 (.const:.string)
                  00814d4c    0000000c     libadcbuf_xwr16xx.ae674 : ADCBuf.oe674 (.const)
                  00814d58    00000008     dss_mmw_pe674.oe674 (.const:ti_sysbios_knl_Idle_funcList__C)
                  00814d60    00000008     dss_mmw_pe674.oe674 (.const:xdc_runtime_Startup_firstFxns__A)
                  00814d68    00000008     dss_mmw_pe674.oe674 (.const:xdc_runtime_Startup_firstFxns__C)
                  00814d70    00000008     dss_mmw_pe674.oe674 (.const:xdc_runtime_Startup_lastFxns__C)
                  00814d78    00000004     dss_mmw_pe674.oe674 (.const:ti_sysbios_family_c64p_Cache_E_invalidL2CacheSize__C)
                  00814d7c    00000004     dss_mmw_pe674.oe674 (.const:ti_sysbios_family_c64p_Cache_MAR0_31__C)
                  00814d80    00000004     dss_mmw_pe674.oe674 (.const:ti_sysbios_family_c64p_Cache_MAR128_159__C)
                  00814d84    00000004     dss_mmw_pe674.oe674 (.const:ti_sysbios_family_c64p_Cache_MAR160_191__C)
                  00814d88    00000004     dss_mmw_pe674.oe674 (.const:ti_sysbios_family_c64p_Cache_MAR192_223__C)
                  00814d8c    00000004     dss_mmw_pe674.oe674 (.const:ti_sysbios_family_c64p_Cache_MAR224_255__C)
                  00814d90    00000004     dss_mmw_pe674.oe674 (.const:ti_sysbios_family_c64p_Cache_MAR32_63__C)
                  00814d94    00000004     dss_mmw_pe674.oe674 (.const:ti_sysbios_family_c64p_Cache_MAR64_95__C)
                  00814d98    00000004     dss_mmw_pe674.oe674 (.const:ti_sysbios_family_c64p_Cache_MAR96_127__C)
                  00814d9c    00000004     dss_mmw_pe674.oe674 (.const:ti_sysbios_family_c64p_EventCombiner_A_invalidEventId__C)
                  00814da0    00000004     dss_mmw_pe674.oe674 (.const:ti_sysbios_family_c64p_EventCombiner_EVTRegs__C)
                  00814da4    00000004     dss_mmw_pe674.oe674 (.const:ti_sysbios_family_c64p_EventCombiner_E_unpluggedEvent__C)
                  00814da8    00000004     dss_mmw_pe674.oe674 (.const:ti_sysbios_family_c64p_EventCombiner_Module__diagsEnabled__C)
                  00814dac    00000004     dss_mmw_pe674.oe674 (.const:ti_sysbios_family_c64p_EventCombiner_Module__diagsIncluded__C)
                  00814db0    00000004     dss_mmw_pe674.oe674 (.const:ti_sysbios_family_c64p_EventCombiner_Module__diagsMask__C)
                  00814db4    00000004     dss_mmw_pe674.oe674 (.const:ti_sysbios_family_c64p_Exception_E_exceptionMax__C)
                  00814db8    00000004     dss_mmw_pe674.oe674 (.const:ti_sysbios_family_c64p_Exception_exceptionHook__C)
                  00814dbc    00000004     dss_mmw_pe674.oe674 (.const:ti_sysbios_family_c64p_Exception_externalHook__C)
                  00814dc0    00000004     dss_mmw_pe674.oe674 (.const:ti_sysbios_family_c64p_Exception_internalHook__C)
                  00814dc4    00000004     dss_mmw_pe674.oe674 (.const:ti_sysbios_family_c64p_Exception_nmiHook__C)
                  00814dc8    00000004     dss_mmw_pe674.oe674 (.const:ti_sysbios_family_c64p_Hwi_INTRMUX1Address__C)
                  00814dcc    00000004     dss_mmw_pe674.oe674 (.const:ti_sysbios_family_c64p_Hwi_LD_end__C)
                  00814dd0    00000004     dss_mmw_pe674.oe674 (.const:ti_sysbios_family_c64p_Hwi_LM_begin__C)
                  00814dd4    00000004     dss_mmw_pe674.oe674 (.const:ti_sysbios_family_c64p_Hwi_Module__diagsEnabled__C)
                  00814dd8    00000004     dss_mmw_pe674.oe674 (.const:ti_sysbios_family_c64p_Hwi_Module__diagsIncluded__C)
                  00814ddc    00000004     dss_mmw_pe674.oe674 (.const:ti_sysbios_family_c64p_Hwi_Module__diagsMask__C)
                  00814de0    00000004     dss_mmw_pe674.oe674 (.const:ti_sysbios_family_c64p_Hwi_Module__loggerFxn1__C)
                  00814de4    00000004     dss_mmw_pe674.oe674 (.const:ti_sysbios_family_c64p_Hwi_Module__loggerFxn8__C)
                  00814de8    00000004     dss_mmw_pe674.oe674 (.const:ti_sysbios_family_c64p_Hwi_Module__loggerObj__C)
                  00814dec    00000004     dss_mmw_pe674.oe674 (.const:ti_sysbios_gates_GateMutex_A_badContext__C)
                  00814df0    00000004     dss_mmw_pe674.oe674 (.const:ti_sysbios_gates_GateMutex_Instance_State_sem__O)
                  00814df4    00000004     dss_mmw_pe674.oe674 (.const:ti_sysbios_gates_GateMutex_Module__diagsEnabled__C)
                  00814df8    00000004     dss_mmw_pe674.oe674 (.const:ti_sysbios_gates_GateMutex_Module__diagsIncluded__C)
                  00814dfc    00000004     dss_mmw_pe674.oe674 (.const:ti_sysbios_gates_GateMutex_Module__diagsMask__C)
                  00814e00    00000004     dss_mmw_pe674.oe674 (.const:ti_sysbios_hal_Hwi_E_stackOverflow__C)
                  00814e04    00000004     dss_mmw_pe674.oe674 (.const:ti_sysbios_heaps_HeapMem_A_align__C)
                  00814e08    00000004     dss_mmw_pe674.oe674 (.const:ti_sysbios_heaps_HeapMem_A_heapSize__C)
                  00814e0c    00000004     dss_mmw_pe674.oe674 (.const:ti_sysbios_heaps_HeapMem_A_invalidFree__C)
                  00814e10    00000004     dss_mmw_pe674.oe674 (.const:ti_sysbios_heaps_HeapMem_A_zeroBlock__C)
                  00814e14    00000004     dss_mmw_pe674.oe674 (.const:ti_sysbios_heaps_HeapMem_E_memory__C)
                  00814e18    00000004     dss_mmw_pe674.oe674 (.const:ti_sysbios_heaps_HeapMem_Module__diagsEnabled__C)
                  00814e1c    00000004     dss_mmw_pe674.oe674 (.const:ti_sysbios_heaps_HeapMem_Module__diagsIncluded__C)
                  00814e20    00000004     dss_mmw_pe674.oe674 (.const:ti_sysbios_heaps_HeapMem_Module__diagsMask__C)
                  00814e24    00000004     dss_mmw_pe674.oe674 (.const:ti_sysbios_heaps_HeapMem_Module__gateObj__C)
                  00814e28    00000004     dss_mmw_pe674.oe674 (.const:ti_sysbios_heaps_HeapMem_Object__count__C)
                  00814e2c    00000004     dss_mmw_pe674.oe674 (.const:ti_sysbios_heaps_HeapMem_reqAlign__C)
                  00814e30    00000004     dss_mmw_pe674.oe674 (.const:ti_sysbios_knl_Clock_LM_begin__C)
                  00814e34    00000004     dss_mmw_pe674.oe674 (.const:ti_sysbios_knl_Clock_LM_tick__C)
                  00814e38    00000004     dss_mmw_pe674.oe674 (.const:ti_sysbios_knl_Clock_LW_delayed__C)
                  00814e3c    00000004     dss_mmw_pe674.oe674 (.const:ti_sysbios_knl_Clock_Module_State_clockQ__O)
                  00814e40    00000004     dss_mmw_pe674.oe674 (.const:ti_sysbios_knl_Clock_Module__diagsEnabled__C)
                  00814e44    00000004     dss_mmw_pe674.oe674 (.const:ti_sysbios_knl_Clock_Module__diagsIncluded__C)
                  00814e48    00000004     dss_mmw_pe674.oe674 (.const:ti_sysbios_knl_Clock_Module__diagsMask__C)
                  00814e4c    00000004     dss_mmw_pe674.oe674 (.const:ti_sysbios_knl_Clock_Module__loggerFxn1__C)
                  00814e50    00000004     dss_mmw_pe674.oe674 (.const:ti_sysbios_knl_Clock_Module__loggerFxn2__C)
                  00814e54    00000004     dss_mmw_pe674.oe674 (.const:ti_sysbios_knl_Clock_Module__loggerObj__C)
                  00814e58    00000004     dss_mmw_pe674.oe674 (.const:ti_sysbios_knl_Event_A_badContext__C)
                  00814e5c    00000004     dss_mmw_pe674.oe674 (.const:ti_sysbios_knl_Event_A_eventInUse__C)
[...]
00814db0  ti_sysbios_family_c64p_EventCombiner_Module__diagsMask__C    
00814db4  ti_sysbios_family_c64p_Exception_E_exceptionMax__C           
00814db8  ti_sysbios_family_c64p_Exception_exceptionHook__C            
00814dbc  ti_sysbios_family_c64p_Exception_externalHook__C             
00814dc0  ti_sysbios_family_c64p_Exception_internalHook__C             
00814dc4  ti_sysbios_family_c64p_Exception_nmiHook__C                  
00814dc8  ti_sysbios_family_c64p_Hwi_INTRMUX1Address__C                
00814dcc  ti_sysbios_family_c64p_Hwi_LD_end__C                         
00814dd0  ti_sysbios_family_c64p_Hwi_LM_begin__C                       
00814dd4  ti_sysbios_family_c64p_Hwi_Module__diagsEnabled__C           
00814dd8  ti_sysbios_family_c64p_Hwi_Module__diagsIncluded__C          
00814ddc  ti_sysbios_family_c64p_Hwi_Module__diagsMask__C              
00814de0  ti_sysbios_family_c64p_Hwi_Module__loggerFxn1__C             
00814de4  ti_sysbios_family_c64p_Hwi_Module__loggerFxn8__C             
00814de8  ti_sysbios_family_c64p_Hwi_Module__loggerObj__C              
00814dec  ti_sysbios_gates_GateMutex_A_badContext__C                   
00814df0  ti_sysbios_gates_GateMutex_Instance_State_sem__O             
00814df4  ti_sysbios_gates_GateMutex_Module__diagsEnabled__C           
00814df8  ti_sysbios_gates_GateMutex_Module__diagsIncluded__C          
00814dfc  ti_sysbios_gates_GateMutex_Module__diagsMask__C              
00814e00  ti_sysbios_hal_Hwi_E_stackOverflow__C                        
00814e04  ti_sysbios_heaps_HeapMem_A_align__C                          
00814e08  ti_sysbios_heaps_HeapMem_A_heapSize__C                       
00814e0c  ti_sysbios_heaps_HeapMem_A_invalidFree__C                    
00814e10  ti_sysbios_heaps_HeapMem_A_zeroBlock__C                      
00814e14  ti_sysbios_heaps_HeapMem_E_memory__C                         
00814e18  ti_sysbios_heaps_HeapMem_Module__diagsEnabled__C             
00814e1c  ti_sysbios_heaps_HeapMem_Module__diagsIncluded__C            
00814e20  ti_sysbios_heaps_HeapMem_Module__diagsMask__C                
00814e24  ti_sysbios_heaps_HeapMem_Module__gateObj__C                  
00814e28  ti_sysbios_heaps_HeapMem_Object__count__C                    
00814e2c  ti_sysbios_heaps_HeapMem_reqAlign__C                         
00814e30  ti_sysbios_knl_Clock_LM_begin__C                             
00814e34  ti_sysbios_knl_Clock_LM_tick__C                              
00814e38  ti_sysbios_knl_Clock_LW_delayed__C                           
00814e3c  ti_sysbios_knl_Clock_Module_State_clockQ__O                  
00814e40  ti_sysbios_knl_Clock_Module__diagsEnabled__C                 
00814e44  ti_sysbios_knl_Clock_Module__diagsIncluded__C                
00814e48  ti_sysbios_knl_Clock_Module__diagsMask__C                    
00814e4c  ti_sysbios_knl_Clock_Module__loggerFxn1__C                   
00814e50  ti_sysbios_knl_Clock_Module__loggerFxn2__C                   
00814e54  ti_sysbios_knl_Clock_Module__loggerObj__C                    
00814e58  ti_sysbios_knl_Event_A_badContext__C                         
00814e5c  ti_sysbios_knl_Event_A_eventInUse__C                         
00814e60  ti_sysbios_knl_Event_A_nullEventId__C                        
00814e64  ti_sysbios_knl_Event_A_nullEventMasks__C                     
00814e68  ti_sysbios_knl_Event_A_pendTaskDisabled__C                   
00814e6c  ti_sysbios_knl_Event_Instance_State_pendQ__O                 
00814e70  ti_sysbios_knl_Event_LM_pend__C                              
00814e74  ti_sysbios_knl_Event_LM_post__C                              
00814e78  ti_sysbios_knl_Event_Module__diagsEnabled__C                 
00814e7c  ti_sysbios_knl_Event_Module__diagsIncluded__C                
00814e80  ti_sysbios_knl_Event_Module__diagsMask__C                    
00814e84  ti_sysbios_knl_Event_Module__loggerFxn4__C                   
00814e88  ti_sysbios_knl_Event_Module__loggerFxn8__C                   
00814e8c  ti_sysbios_knl_Event_Module__loggerObj__C                    
00814e90  ti_sysbios_knl_Idle_funcList__A                              
00814e94  ti_sysbios_knl_Semaphore_A_badContext__C                     
00814e98  ti_sysbios_knl_Semaphore_A_noEvents__C                       
00814e9c  ti_sysbios_knl_Semaphore_A_overflow__C                       
00814ea0  ti_sysbios_knl_Semaphore_A_pendTaskDisabled__C               
00814ea4  ti_sysbios_knl_Semaphore_Instance_State_pendQ__O             
00814ea8  ti_sysbios_knl_Semaphore_LM_pend__C                          
00814eac  ti_sysbios_knl_Semaphore_LM_post__C                          
00814eb0  ti_sysbios_knl_Semaphore_Module__diagsEnabled__C             
00814eb4  ti_sysbios_knl_Semaphore_Module__diagsIncluded__C            
00814eb8  ti_sysbios_knl_Semaphore_Module__diagsMask__C                
00814ebc  ti_sysbios_knl_Semaphore_Module__loggerFxn2__C               
00814ec0  ti_sysbios_knl_Semaphore_Module__loggerFxn4__C               
00814ec4  ti_sysbios_knl_Semaphore_Module__loggerObj__C                
00814ec8  ti_sysbios_knl_Task_A_badPriority__C                         
00814ecc  ti_sysbios_knl_Task_A_badTaskState__C                        
00814ed0  ti_sysbios_knl_Task_A_badThreadType__C                       
00814ed4  ti_sysbios_knl_Task_A_badTimeout__C                          
00814ed8  ti_sysbios_knl_Task_A_noPendElem__C                          
00814edc  ti_sysbios_knl_Task_A_sleepTaskDisabled__C                   
00814ee0  ti_sysbios_knl_Task_E_spOutOfBounds__C                       
00814ee4  ti_sysbios_knl_Task_E_stackOverflow__C                       
00814ee8  ti_sysbios_knl_Task_LD_block__C                              
00814eec  ti_sysbios_knl_Task_LD_exit__C                               
00814ef0  ti_sysbios_knl_Task_LD_ready__C                              
00814ef4  ti_sysbios_knl_Task_LM_sleep__C                              
00814ef8  ti_sysbios_knl_Task_LM_switch__C                             
00814efc  ti_sysbios_knl_Task_Module_State_inactiveQ__O                
00814f00  ti_sysbios_knl_Task_Module__diagsEnabled__C                  
00814f04  ti_sysbios_knl_Task_Module__diagsIncluded__C                 
00814f08  ti_sysbios_knl_Task_Module__diagsMask__C                     
00814f0c  ti_sysbios_knl_Task_Module__loggerFxn2__C                    
00814f10  ti_sysbios_knl_Task_Module__loggerFxn4__C                    
00814f14  ti_sysbios_knl_Task_Module__loggerObj__C                     
00814f18  ti_sysbios_knl_Task_Object__count__C                         
00814f1c  ti_sysbios_knl_Task_allBlockedFunc__C                        
00814f20  ti_sysbios_knl_Task_defaultStackHeap__C                      
00814f24  ti_sysbios_knl_Task_defaultStackSize__C                      
00814f28  ti_sysbios_knl_Task_numConstructedTasks__C                   
00814f2c  ti_sysbios_timers_rti_Timer_E_cannotSupport__C               
00814f30  ti_sysbios_timers_rti_Timer_Module__diagsEnabled__C          
00814f34  ti_sysbios_timers_rti_Timer_Module__diagsIncluded__C         
00814f38  ti_sysbios_timers_rti_Timer_Module__diagsMask__C             
00814f3c  ti_sysbios_timers_rti_Timer_numTimerDevices__C               
00814f40  ti_sysbios_timers_rti_Timer_startupNeeded__C                 
00814f44  xdc_runtime_Assert_E_assertFailed__C                         
00814f48  xdc_runtime_Core_A_initializedParams__C                      
00814f4c  xdc_runtime_Core_Module__diagsEnabled__C                     
00814f50  xdc_runtime_Core_Module__diagsIncluded__C                    
00814f54  xdc_runtime_Core_Module__diagsMask__C                        
00814f58  xdc_runtime_Error_E_memory__C                                
00814f5c  xdc_runtime_Error_Module__diagsEnabled__C                    
00814f60  xdc_runtime_Error_Module__diagsIncluded__C                   
00814f64  xdc_runtime_Error_Module__diagsMask__C                       
00814f68  xdc_runtime_Error_Module__loggerFxn8__C                      
00814f6c  xdc_runtime_Error_Module__loggerObj__C                       
00814f70  xdc_runtime_Error_policyFxn__C                               
00814f74  xdc_runtime_Error_policy__C                                  
00814f78  xdc_runtime_Error_raiseHook__C                               
00814f7c  xdc_runtime_IGateProvider_Interface__BASE__C                 
00814f80  xdc_runtime_IHeap_Interface__BASE__C                         
00814f84  xdc_runtime_IModule_Interface__BASE__C                       
00814f88  xdc_runtime_Log_L_error__C                                   
00814f8c  xdc_runtime_Memory_defaultHeapInstance__C                    
00814f90  xdc_runtime_Startup_execImpl__C                              
00814f94  xdc_runtime_Startup_maxPasses__C                             
00814f98  xdc_runtime_Startup_sfxnRts__C                               
00814f9c  xdc_runtime_Startup_sfxnTab__C                               
00814fa0  xdc_runtime_System_Module__gateObj__C                        
00814fa4  xdc_runtime_System_abortFxn__C                               
00814fa8  xdc_runtime_System_exitFxn__C                                
00814fac  xdc_runtime_System_extendFxn__C                              
00814fb0  xdc_runtime_System_maxAtexitHandlers__C                      
00814fb4  xdc_runtime_Text_charTab__C                                  
00814fb8  xdc_runtime_Text_nameEmpty__C                                
00814fbc  xdc_runtime_Text_nameStatic__C                               
00814fc0  xdc_runtime_Text_nameUnknown__C                              
00814fc4  xdc_runtime_Text_visitRopeFxn__C                             
00814fc8  ti_sysbios_family_c64p_Exception_Module__id__C               
00814fca  ti_sysbios_family_c64p_Exception_useInternalBuffer__C        
00814fcc  ti_sysbios_family_c64p_Hwi_Module__id__C                     
00814fce  ti_sysbios_family_c64p_Hwi_Module__loggerDefined__C          
00814fd0  ti_sysbios_gates_GateMutex_Module__id__C                     
00814fd2  ti_sysbios_hal_Hwi_Module__id__C                             
00814fd4  ti_sysbios_heaps_HeapMem_Module__id__C                       
00814fd6  ti_sysbios_knl_Clock_Module__id__C                           
00814fd8  ti_sysbios_knl_Clock_Module__loggerDefined__C                
00814fda  ti_sysbios_knl_Event_Module__id__C                           
00814fdc  ti_sysbios_knl_Event_Module__loggerDefined__C                
00814fde  ti_sysbios_knl_Semaphore_Module__id__C                       
00814fe0  ti_sysbios_knl_Semaphore_Module__loggerDefined__C            
00814fe2  ti_sysbios_knl_Task_Module__id__C                            
00814fe4  ti_sysbios_knl_Task_Module__loggerDefined__C                 
00814fe6  ti_sysbios_timers_rti_Timer_Module__id__C                    
00814fe8  ti_sysbios_timers_rti_Timer_continueOnSuspend__C             
00814fea  xdc_runtime_Core_Module__id__C                               
00814fec  xdc_runtime_Error_Module__loggerDefined__C                   
00814fee  xdc_runtime_Error_maxDepth__C                                
00814ff0  xdc_runtime_Main_Module__id__C                               
00814ff2  xdc_runtime_Memory_Module__id__C                             
00814ff4  xdc_runtime_Text_charCnt__C                                  
00814ff6  xdc_runtime_Text_isLoaded__C                                 
00814ff8  xdc_runtime_Text_registryModsLastId__C                       
00814ffa  xdc_runtime_Text_unnamedModsLastId__C                        
00815000  xdc_runtime_Text_charTab__A                                  
00815008  ti_sysbios_family_c64p_EventCombiner_Module__state__V        
008155ec  rl_txMsg                                                     
008156ec  rl_rxMsg                                                     
008157ec  _lock                                                        
008157f0  _ftable                                                      
008159d0  _stream                                                      
00815a70  ti_sysbios_knl_Task_Module_State_0_readyQ__A                 
00815af0  _device                                                      
00815b68  ti_sysbios_family_c64p_Hwi_Object__table__V                  
00815be0  ti_sysbios_family_c64p_Hwi_Module__state__V                  
00815c4c  _unlock                                                      
00815c50  ti_sysbios_knl_Task_Object__table__V                         
00815cac  gMailboxMCB                                                  
00815cfc  ti_sysbios_knl_Task_Module__state__V                         
00815d44  __TI_ft_end                                                  
00815dc8  SOC_TranslateAddr_LUT                                        
00815e48  ti_math_logtable                                             
00815e88  ti_sysbios_gates_GateMutex_Object__table__V                  
00815ec8  ti_sysbios_timers_rti_Timer_Object__table__V                 
00815f04  gMailboxDssMssHwCfg                                          
00815f1c  gMailboxDssBssHwCfg                                          
00815f34  ti_sysbios_family_c64p_Exception_Module__state__V            
00815f64  __errno                                                      
00815f64  errno                                                        
00815f68  gUartSciHwCfg                                                
00815f94  ti_sysbios_knl_Clock_Module__state__V                        
00815fc0  gUartSciFxnTable                                             
00815fe8  ti_sysbios_BIOS_Module__state__V                             
0081600c  xdc_runtime_Error_IgnoreBlock                                
0081602c  ti_sysbios_family_c64p_Cache_Module__state__V                
00816030  ADCBuf_config                                                
00816048  UART_config                                                  
00816060  gSOCHwAttrib                                                 
00816078  ti_sysbios_heaps_HeapMem_Object__table__V                    
00816090  ti_sysbios_timers_rti_Timer_Module_State_0_device__A         
008160a8  ti_sysbios_timers_rti_Timer_Module_State_0_intFreqs__A       
008160b8  ti_sysbios_timers_rti_Timer_Module__state__V                 
008160c8  __TI_cleanup_ptr                                             
008160cc  __TI_dtors_ptr                                               
008160d0  __TI_enable_exit_profile_output                              
008160d4  xdc_runtime_Memory_Module__state__V                          
008160e0  ti_sysbios_gates_GateHwi_Module__root__V                     
008160e8  ti_sysbios_gates_GateMutex_Module__root__V                   
008160f0  ti_sysbios_hal_Hwi_Object__table__V                          
008160f8  ti_sysbios_heaps_HeapMem_Module__root__V                     
00816100  ti_sysbios_knl_Event_Module__root__V                         
00816108  ti_sysbios_knl_Queue_Module__root__V                         
00816110  ti_sysbios_knl_Semaphore_Module__root__V                     
00816118  ti_sysbios_knl_Task_Module__root__V                          
00816120  ti_sysbios_timers_rti_Timer_Module_State_0_handles__A        
00816128  xdc_runtime_Registry_Module__state__V                        
00816130  xdc_runtime_Startup_Module__state__V                         
00816138  xdc_runtime_System_Module__state__V                          
00816140  ti_sysbios_gates_GateHwi_Object__table__V                    
00816144  xdc_runtime_Error_Module__state__V                           
00816148  ti_sysbios_knl_Task_Module_State_0_idleTask__A               
00816150  _stack                                                       
00816568  __TI_STACK_END                                               
00816710  __CIOBUF_                                                    
00816830  __TI_STATIC_BASE                                             
00816830  glbDebugBufCnt                                               
00816838  gCRCRegister                                                 
0081683c  regionId                                                     
00816848  _MmwDemo_fastCode_L1PSRAM_copy_table                         
00816848  __TI_table__MmwDemo_fastCode_L1PSRAM_copy_table              
00e00000  DSP_fft16x16_imre                                            
00e00300  RADARDEMO_rangeProcWin1D1AntFxdpPartial                      
00e003a0  RADARDEMO_rangeProc_run                                      
00e00620  RADARDEMO_detectionCFAR_raCAAll                              
00e018c0  MATRIX_single8x8MatInv                                       
00e03920  RADARDEMO_aoaEstCaponBF_heatmap                              
00e03e60  RADARDEMO_aoaEstCaponBF_covInv                               
00e045e0  MATRIX_4x4_BWInversionfp                                     
00e04ac0  RADARDEMO_aoaEstCaponBF_run                                  
00e04d80  MATRIX_Mult4x4fp                                             
00e04f20  RADARDEMO_detectionCFAR_run                                  
00e050e0  radarRangeProcessRun                                         
00e05120  radarRangeAzimuthProcessRun                                  
00e05180  MmwDemo_interFrameProcessing                                 
00e05340  MmwDemo_processChirp                                         
00e05620  radarFrameProcessRun                                         
00f00000  gMmwL1                                                       
20000000  _L3data_start                                                
20000000  gMmwL3                                                       
20005920  SOC_init                                                     
20005e20  main                                                         
20005f40  MmwDemo_dataPathInitEdma                                     
20006140  RADARDEMO_rangeProcWin1D1AntFltp                             
20006c40  RADARDEMO_rangeProcWin1D1AntFxdp                             
200075e0  RADARDEMO_rangeProcWin2D1Antfltp                             
20007660  RADARDEMO_rangeProcWin2D1AntFxdp                             
200076e0  RADARDEMO_rangeProcWin2D1AntFxdpinFltOut                     
200077a0  RADARDEMO_detectionCFAR_OS                                   
20008060  RADARDEMO_detectionCFAR_CAAll                                
20009280  RADARDEMO_aoaEstCaponBF_create                               
200096e0  radarProcessCreate                                           
20009ee0  gen_twiddle_fft16x16_imre                                    
2000a300  RADARDEMO_rangeProc_create                                   
2000a6c0  RADARDEMO_detectionCFAR_create                               
2000a940  tw_gen_float                                                 
21080000  detOutputHdr                                                 
21080018  gMmwHSRAM                                                    
ffffffff  __TI_pprof_out_hndl                                          
ffffffff  __TI_prof_data_size                                          
ffffffff  __TI_prof_data_start                                         
ffffffff  __binit__                                                    
ffffffff  __c_args__                                                   
ffffffff  binit                                                        
UNDEFED   __TI_CINIT_Base                                              
UNDEFED   __TI_CINIT_Limit                                             
UNDEFED   __TI_Handler_Table_Base                                      
UNDEFED   __TI_Handler_Table_Limit                                     
UNDEFED   __TI_INITARRAY_Base                                          
UNDEFED   __TI_INITARRAY_Limit                                         
UNDEFED   __TI_TLS_INIT_Base                                           
UNDEFED   __TI_TLS_INIT_Limit                                          

[894 symbols]
